188.165.15.148 - - [28/Apr/2015:17:01:14 -0700] "GET /logs/access_140808.log HTTP/1.1" 200 445290 "-" "Mozilla/5.0 (compatible; AhrefsBot/5.0; +http://ahrefs.com/robot/)" "redlug.com"
100.43.91.25 - - [28/Apr/2015:17:05:00 -0700] "GET /paper2003/03Sept.htm HTTP/1.1" 200 1407 "-" "Mozilla/5.0 (compatible; YandexBot/3.0; +http://yandex.com/bots)" "redlug.com"
31.184.238.152 - - [28/Apr/2015:17:05:57 -0700] "GET /logs/access.log HTTP/1.1" 200 360 "http://gm4prazosin.forumcircle.com" "Mozilla/5.0 (Windows NT 6.1; WOW64) AppleWebKit/537.36 (KHTML, like Gecko) Chrome/33.0.1750.117 Safari/537.36 OPR/20.0.1387.64" "redlug.com"
66.249.69.123 - - [28/Apr/2015:17:06:43 -0700] "GET /LabHist/Contentslist.htm HTTP/1.1" 404 88 "-" "Mozilla/5.0 (compatible; Googlebot/2.1; +http://www.google.com/bot.html)" "redlug.com"
31.184.238.152 - - [28/Apr/2015:17:08:25 -0700] "GET /logs/access.log HTTP/1.1" 200 814 "http://tadalafil-60mg-buy.soup.io" "Mozilla/5.0 (Windows NT 6.1) AppleWebKit/537.36 (KHTML, like Gecko) Chrome/33.0.1750.117 Safari/537.36" "redlug.com"
188.165.15.148 - - [28/Apr/2015:17:11:01 -0700] "GET /Publications/TTCh10.htm HTTP/1.1" 200 10128 "-" "Mozilla/5.0 (compatible; AhrefsBot/5.0; +http://ahrefs.com/robot/)" "www.redlug.com"
188.165.15.148 - - [28/Apr/2015:17:13:59 -0700] "GET /Assorted/NUMwomen.htm HTTP/1.1" 200 1602 "-" "Mozilla/5.0 (compatible; AhrefsBot/5.0; +http://ahrefs.com/robot/)" "redlug.com"
31.184.238.152 - - [28/Apr/2015:17:17:40 -0700] "GET /logs/access.log HTTP/1.1" 200 1425 "http://tetracycline500mgjw.aircus.com" "Opera/9.80 (Windows NT 6.1) Presto/2.12.388 Version/12.16" "redlug.com"
31.184.238.152 - - [28/Apr/2015:17:20:09 -0700] "GET /logs/access.log HTTP/1.1" 200 1627 "http://buyvardenafilfastdelivery.soup.io" "Mozilla/5.0 (Windows NT 6.3; WOW64) AppleWebKit/537.36 (KHTML, like Gecko) Chrome/32.0.1700.107 Safari/537.36" "redlug.com"
202.78.227.111 - - [28/Apr/2015:17:20:43 -0700] "GET /logs/access.log HTTP/1.1" 200 1884 "http://redlug.com/" "Mozilla/5.0 (Windows NT 6.3) AppleWebKit/537.36 (KHTML, like Gecko) Chrome/39.0.2171.95 Safari/537.36" "redlug.com"
108.59.8.70 - - [28/Apr/2015:17:20:51 -0700] "GET /robots.txt HTTP/1.1" 200 37 "-" "Mozilla/5.0 (compatible; MJ12bot/v1.4.5; http://www.majestic12.co.uk/bot.php?+)" "redlug.com"
108.59.8.70 - - [28/Apr/2015:17:20:53 -0700] "GET / HTTP/1.1" 200 9589 "-" "Mozilla/5.0 (compatible; MJ12bot/v1.4.5; http://www.majestic12.co.uk/bot.php?+)" "redlug.com"
188.165.15.148 - - [28/Apr/2015:17:21:48 -0700] "GET /paperarticles/aug01ATGWU.html HTTP/1.1" 200 2983 "-" "Mozilla/5.0 (compatible; AhrefsBot/5.0; +http://ahrefs.com/robot/)" "www.redlug.com"
157.55.39.71 - - [28/Apr/2015:17:24:56 -0700] "GET /robots.txt HTTP/1.1" 200 37 "-" "Mozilla/5.0 (compatible; bingbot/2.0; +http://www.bing.com/bingbot.htm)" "redlug.com"
93.79.202.178 - - [28/Apr/2015:17:27:38 -0700] "GET /logs/access_130930.log HTTP/1.1" 404 73 "http://galeon.com/compra/sibutramina.htm" "Opera/9.80 (Windows NT 6.1; Edition Yx) Presto/2.12.388 Version/12.11" "redlug.com"
93.79.202.178 - - [28/Apr/2015:17:27:39 -0700] "GET /logs/access_130930.log HTTP/1.1" 404 73 "http://galeon.com/compra/sibutramina.htm" "Mozilla/5.0 (Windows NT 6.0) AppleWebKit/537.11 (KHTML, like Gecko) Chrome/23.0.1271.64 Safari/537.11" "redlug.com"
93.79.202.178 - - [28/Apr/2015:17:27:39 -0700] "GET /access_130930.log HTTP/1.1" 404 73 "http://galeon.com/compra/sibutramina.htm" "Mozilla/5.0 (Windows NT 6.0) AppleWebKit/537.11 (KHTML, like Gecko) Chrome/23.0.1271.64 Safari/537.11" "redlug.com"
93.79.202.178 - - [28/Apr/2015:17:27:40 -0700] "GET /logs/access_130930.log HTTP/1.1" 404 73 "http://galeon.com/compra/sibutramina.htm" "Opera/9.80 (Windows NT 6.1; WOW64; MRA 8.0 (build 5880)) Presto/2.12.388 Version/12.11" "redlug.com"
93.79.202.178 - - [28/Apr/2015:17:27:40 -0700] "GET /access_130930.log HTTP/1.1" 404 73 "http://galeon.com/compra/sibutramina.htm" "Opera/9.80 (Windows NT 6.1; WOW64; MRA 8.0 (build 5880)) Presto/2.12.388 Version/12.11" "redlug.com"
93.79.202.178 - - [28/Apr/2015:17:27:40 -0700] "GET /logs/access_130930.log HTTP/1.1" 404 73 "http://galeon.com/compra/sibutramina.htm" "Mozilla/5.0 (Windows NT 6.1; rv:9.0.1) Gecko/20100101 Firefox/9.0.1" "redlug.com"
93.79.202.178 - - [28/Apr/2015:17:27:41 -0700] "GET /access_130930.log HTTP/1.1" 404 89 "http://galeon.com/compra/sibutramina.htm" "Mozilla/5.0 (Windows NT 6.1; rv:9.0.1) Gecko/20100101 Firefox/9.0.1" "redlug.com"
148.251.65.6 - - [28/Apr/2015:17:28:13 -0700] "GET /logs/access.log HTTP/1.1" 200 1009 "http://redlug.com/" "Mozilla/5.0 (Windows NT 6.2; WOW64; rv:35.0) Gecko/20100101 Firefox/35.0" "redlug.com"
188.165.15.148 - - [28/Apr/2015:17:28:17 -0700] "GET /paper2004JD/0407JH.htm HTTP/1.1" 200 2225 "-" "Mozilla/5.0 (compatible; AhrefsBot/5.0; +http://ahrefs.com/robot/)" "www.redlug.com"
217.28.93.26 - - [28/Apr/2015:17:28:27 -0700] "GET /logs/access.log HTTP/1.1" 200 1070 "http://redlug.com/" "Mozilla/5.0 (Windows NT 6.2; WOW64; rv:35.0) Gecko/20100101 Firefox/35.0" "redlug.com"
31.184.238.152 - - [28/Apr/2015:17:29:23 -0700] "GET /logs/access.log HTTP/1.1" 200 5027 "http://ordersildenafilcitrate25mgonline.aircus.com" "Mozilla/5.0 (Windows NT 5.1; rv:27.0) Gecko/20100101 Firefox/27.0" "redlug.com"
31.184.238.152 - - [28/Apr/2015:17:31:55 -0700] "GET /logs/access.log HTTP/1.1" 200 5250 "http://ulzglimepiride.forumcircle.com" "Mozilla/5.0 (Windows NT 6.1; WOW64) AppleWebKit/537.36 (KHTML, like Gecko) Chrome/30.0.1599.13014 YaBrowser/13.12.1599.13014 Safari/537.36" "redlug.com"
188.165.15.148 - - [28/Apr/2015:17:35:13 -0700] "GET /Socialist/06/0609MEast.htm HTTP/1.1" 200 6246 "-" "Mozilla/5.0 (compatible; AhrefsBot/5.0; +http://ahrefs.com/robot/)" "redlug.com"
177.95.82.6 - - [28/Apr/2015:17:35:30 -0700] "GET / HTTP/1.1" 200 1272 "http://best-seo-offer.com/try.php?u=http://redlug.com" "Mozilla/5.0 (Windows NT 6.1; WOW64) AppleWebKit/537.36 (KHTML, like Gecko) Chrome/36.0.1985.143 Safari/537.36" "redlug.com"
180.76.6.139 - - [28/Apr/2015:17:39:23 -0700] "GET /paperarticles/?C=N;O=A HTTP/1.1" 200 1735 "-" "Mozilla/5.0 (compatible; Baiduspider/2.0; +http://www.baidu.com/search/spider.html)" "www.redlug.com"
31.184.238.152 - - [28/Apr/2015:17:41:12 -0700] "GET /logs/access.log HTTP/1.1" 200 6172 "http://buypaxilwithoutscript.soup.io" "Mozilla/5.0 (Windows NT 6.1; WOW64) AppleWebKit/537.36 (KHTML, like Gecko) Chrome/32.0.1700.102 Safari/537.36 OPR/19.0.1326.59" "redlug.com"
31.184.238.152 - - [28/Apr/2015:17:43:42 -0700] "GET /logs/access.log HTTP/1.1" 200 6442 "http://linezolid600mgjd.forumcircle.com" "Mozilla/5.0 (Windows NT 6.1; WOW64) AppleWebKit/537.36 (KHTML, like Gecko) Chrome/32.0.1700.107 Safari/537.36 OPR/19.0.1326.63" "redlug.com"
66.249.69.11 - - [28/Apr/2015:17:44:05 -0700] "GET /Thumbnails/thumb-img-SY3years.jpg HTTP/1.1" 200 2766 "-" "Googlebot-Image/1.0" "redlug.com"
188.165.15.148 - - [28/Apr/2015:17:45:07 -0700] "GET /Socialist/No8Contents.htm HTTP/1.1" 200 1763 "-" "Mozilla/5.0 (compatible; AhrefsBot/5.0; +http://ahrefs.com/robot/)" "www.redlug.com"
173.48.166.162 - - [28/Apr/2015:17:47:49 -0700] "GET /Documents/Ali.htm HTTP/1.1" 200 8450 "http://r.search.yahoo.com/_ylt=AwrBTzsoKkBVwzUAy7Rx.9w4;_ylu=X3oDMTByOHZyb21tBGNvbG8DYmYxBHBvcwMxBHZ0aWQDBHNlYwNzcg--/RV=2/RE=1430297256/RO=10/RU=http%3a%2f%2fwww.redlug.com%2fDocuments%2fAli.htm/RK=0/RS=LnZ9rTT_HSAI1Skbk9OceuESBvc-" "Mozilla/5.0 (iPhone; CPU iPhone OS 8_3 like Mac OS X) AppleWebKit/600.1.4 (KHTML, like Gecko) Version/8.0 Mobile/12F70 Safari/600.1.4" "www.redlug.com"
173.48.166.162 - - [28/Apr/2015:17:47:49 -0700] "GET /cwi.css HTTP/1.1" 404 88 "http://www.redlug.com/Documents/Ali.htm" "Mozilla/5.0 (iPhone; CPU iPhone OS 8_3 like Mac OS X) AppleWebKit/600.1.4 (KHTML, like Gecko) Version/8.0 Mobile/12F70 Safari/600.1.4" "www.redlug.com"
188.165.15.148 - - [28/Apr/2015:17:48:17 -0700] "GET /paper2003/0307WEF.htm HTTP/1.1" 200 1837 "-" "Mozilla/5.0 (compatible; AhrefsBot/5.0; +http://ahrefs.com/robot/)" "redlug.com"
66.249.69.3 - - [28/Apr/2015:17:51:36 -0700] "GET /Thumbnails/thumb-Gama.jpg HTTP/1.1" 200 1528 "-" "Googlebot-Image/1.0" "redlug.com"
31.184.238.152 - - [28/Apr/2015:17:52:51 -0700] "GET /logs/access.log HTTP/1.1" 200 8117 "http://buy-montelukast-safely.soup.io" "Mozilla/5.0 (Windows NT 6.1; WOW64) AppleWebKit/537.36 (KHTML, like Gecko) Chrome/32.0.1700.107 Safari/537.36 OPR/19.0.1326.63" "redlug.com"
31.184.238.152 - - [28/Apr/2015:17:55:18 -0700] "GET /logs/access.log HTTP/1.1" 200 8388 "http://www.theknot.com/wedding/delivery-and-nabumetone" "Mozilla/5.0 (Windows NT 6.1) AppleWebKit/537.36 (KHTML, like Gecko) Chrome/32.0.1700.102 Safari/537.36" "redlug.com"
188.165.15.148 - - [28/Apr/2015:17:55:54 -0700] "GET /paper2004JD/0410weapons.htm HTTP/1.1" 404 88 "-" "Mozilla/5.0 (compatible; AhrefsBot/5.0; +http://ahrefs.com/robot/)" "redlug.com"
77.27.19.57 - - [28/Apr/2015:17:56:25 -0700] "GET /logs/access.log HTTP/1.1" 200 8837 "-" "Mozilla/5.0 (X11; Linux x86_64; rv:2.0b8pre) Gecko/20101011 Firefox/4.0b8pre" "redlug.com"
46.235.70.236 - - [28/Apr/2015:17:57:48 -0700] "GET /logs/access.log HTTP/1.1" 200 1957 "http://redlug.com/" "Mozilla/5.0 (Windows NT 6.3) AppleWebKit/537.36 (KHTML, like Gecko) Chrome/39.0.2171.95 Safari/537.36" "redlug.com"
5.196.224.41 - - [28/Apr/2015:17:57:53 -0700] "GET /logs/access.log HTTP/1.1" 200 2593 "http://redlug.com/" "Mozilla/5.0 (Windows NT 6.3) AppleWebKit/537.36 (KHTML, like Gecko) Chrome/39.0.2171.95 Safari/537.36" "redlug.com"
93.79.202.178 - - [28/Apr/2015:17:58:00 -0700] "GET /logs/access_130930.log HTTP/1.1" 404 73 "http://champix-starter-pack.tumblr.com/" "Mozilla/5.0 (Windows NT 5.1) AppleWebKit/535.19 (KHTML, like Gecko) Chrome/18.0.1025.1634 Safari/535.19 YE" "redlug.com"
93.79.202.178 - - [28/Apr/2015:17:58:01 -0700] "GET /logs/access_130930.log HTTP/1.1" 404 73 "http://champix-starter-pack.tumblr.com/" "Mozilla/5.0 (Windows NT 6.1; WOW64; rv:9.0.1) Gecko/20100101 Firefox/9.0.1" "redlug.com"
93.79.202.178 - - [28/Apr/2015:17:58:01 -0700] "GET /access_130930.log HTTP/1.1" 404 73 "http://champix-starter-pack.tumblr.com/" "Mozilla/5.0 (Windows NT 6.1; WOW64; rv:9.0.1) Gecko/20100101 Firefox/9.0.1" "redlug.com"
93.79.202.178 - - [28/Apr/2015:17:58:01 -0700] "GET /logs/access_130930.log HTTP/1.1" 404 73 "http://champix-starter-pack.tumblr.com/" "Opera/9.80 (Windows NT 6.2; U; en) Presto/2.10.289 Version/12.02" "redlug.com"
93.79.202.178 - - [28/Apr/2015:17:58:02 -0700] "GET /access_130930.log HTTP/1.1" 404 73 "http://champix-starter-pack.tumblr.com/" "Opera/9.80 (Windows NT 6.2; U; en) Presto/2.10.289 Version/12.02" "redlug.com"
93.79.202.178 - - [28/Apr/2015:17:58:02 -0700] "GET /logs/access_130930.log HTTP/1.1" 404 73 "http://champix-starter-pack.tumblr.com/" "Opera/9.80 (Windows NT 6.1; WOW64; MRA 6.0 (build 5976)) Presto/2.12.388 Version/12.11" "redlug.com"
188.165.15.148 - - [28/Apr/2015:17:59:31 -0700] "GET /paper2004/0401Water2.htm HTTP/1.1" 200 1350 "-" "Mozilla/5.0 (compatible; AhrefsBot/5.0; +http://ahrefs.com/robot/)" "www.redlug.com"
100.43.81.131 - - [28/Apr/2015:18:03:56 -0700] "GET /paper2004JD/0409IraqWar.htm HTTP/1.1" 200 2964 "-" "Mozilla/5.0 (compatible; YandexBot/3.0; +http://yandex.com/bots)" "redlug.com"
31.184.238.152 - - [28/Apr/2015:18:04:29 -0700] "GET /logs/access.log HTTP/1.1" 200 11206 "http://www.theknot.com/wedding/piroxicam-and-price" "Mozilla/5.0 (Windows NT 6.1) AppleWebKit/537.36 (KHTML, like Gecko) Chrome/33.0.1750.117 Safari/537.36" "redlug.com"
46.235.70.236 - - [28/Apr/2015:18:05:51 -0700] "GET /logs/access.log HTTP/1.1" 200 2216 "http://redlug.com/" "Mozilla/5.0 (Windows NT 6.3) AppleWebKit/537.36 (KHTML, like Gecko) Chrome/39.0.2171.95 Safari/537.36" "redlug.com"
31.184.238.152 - - [28/Apr/2015:18:06:53 -0700] "GET /logs/access.log HTTP/1.1" 200 11693 "http://irbesartan300mghnx.aircus.com" "Mozilla/5.0 (Windows NT 6.1; WOW64) AppleWebKit/537.36 (KHTML, like Gecko) Chrome/32.0.1700.107 Safari/537.36 OPR/19.0.1326.63" "redlug.com"
1.179.176.206 - - [28/Apr/2015:18:08:47 -0700] "GET /logs/access.log HTTP/1.1" 200 2877 "http://redlug.com/" "Mozilla/5.0 (Windows NT 6.2; WOW64; rv:35.0) Gecko/20100101 Firefox/35.0" "redlug.com"
188.165.15.148 - - [28/Apr/2015:18:09:19 -0700] "GET /images/Election/?C=S;O=A HTTP/1.1" 200 654 "-" "Mozilla/5.0 (compatible; AhrefsBot/5.0; +http://ahrefs.com/robot/)" "redlug.com"
173.208.12.132 - - [28/Apr/2015:18:10:58 -0700] "GET /logs/access.log HTTP/1.1" 200 2930 "http://redlug.com/" "Mozilla/5.0 (Windows NT 6.2; WOW64; rv:35.0) Gecko/20100101 Firefox/35.0" "redlug.com"
157.55.39.38 - - [28/Apr/2015:18:13:33 -0700] "GET /Socialist/0501Water.htm HTTP/1.1" 200 3668 "-" "Mozilla/5.0 (compatible; bingbot/2.0; +http://www.bing.com/bingbot.htm)" "redlug.com"
157.55.39.38 - - [28/Apr/2015:18:13:33 -0700] "GET /sitemap/sitemapE-F.htm HTTP/1.1" 200 12105 "-" "Mozilla/5.0 (compatible; bingbot/2.0; +http://www.bing.com/bingbot.htm)" "redlug.com"
157.55.39.38 - - [28/Apr/2015:18:13:33 -0700] "GET /sitemap/sitemapM-O.htm HTTP/1.1" 200 15087 "-" "Mozilla/5.0 (compatible; bingbot/2.0; +http://www.bing.com/bingbot.htm)" "redlug.com"
157.55.39.38 - - [28/Apr/2015:18:13:33 -0700] "GET /sitemap/sitemapS-T.htm HTTP/1.1" 200 23466 "-" "Mozilla/5.0 (compatible; bingbot/2.0; +http://www.bing.com/bingbot.htm)" "redlug.com"
157.55.39.38 - - [28/Apr/2015:18:13:33 -0700] "GET /PaperArchive.htm HTTP/1.1" 200 3349 "-" "Mozilla/5.0 (compatible; bingbot/2.0; +http://www.bing.com/bingbot.htm)" "redlug.com"
188.165.15.148 - - [28/Apr/2015:18:14:11 -0700] "GET /Archive/weeklyupdates.htm HTTP/1.1" 200 995 "-" "Mozilla/5.0 (compatible; AhrefsBot/5.0; +http://ahrefs.com/robot/)" "redlug.com"
198.1.69.213 - - [28/Apr/2015:18:14:47 -0700] "GET /logs//components/com_jnews/includes/openflashchart/php-ofc-library/ofc_upload_image.php HTTP/1.1" 404 73 "-" "Mozilla/5.0 (Windows; U; Windows NT 5.1; en-US; rv:1.9.2) Gecko/20100115 Firefox/3.6" "redlug.com"
198.1.69.213 - - [28/Apr/2015:18:14:48 -0700] "GET //components/com_jnews/includes/openflashchart/php-ofc-library/ofc_upload_image.php HTTP/1.1" 404 73 "-" "Mozilla/5.0 (Windows; U; Windows NT 5.1; en-US; rv:1.9.2) Gecko/20100115 Firefox/3.6" "redlug.com"
157.55.39.225 - - [28/Apr/2015:18:15:40 -0700] "GET /cwi/Arafat.htm HTTP/1.1" 200 5394 "-" "Mozilla/5.0 (compatible; bingbot/2.0; +http://www.bing.com/bingbot.htm)" "redlug.com"
31.184.238.152 - - [28/Apr/2015:18:16:07 -0700] "GET /logs/access.log HTTP/1.1" 200 14344 "http://gravatar.com/phenytoin100mglx" "Mozilla/5.0 (Windows NT 6.1) AppleWebKit/537.36 (KHTML, like Gecko) Chrome/32.0.1700.107 Safari/537.36" "redlug.com"
178.137.166.68 - - [28/Apr/2015:18:16:56 -0700] "GET /Archive/ HTTP/1.1" 200 15496 "http://sfa-pump.ru/" "Mozilla/0.6 Beta (Windows)" "redlug.com"
178.137.166.68 - - [28/Apr/2015:18:16:57 -0700] "GET /Archive/ HTTP/1.1" 200 15496 "http://sfa-pump.ru/" "Mozilla/0.6 Beta (Windows)" "redlug.com"
31.184.238.152 - - [28/Apr/2015:18:18:28 -0700] "GET /logs/access.log HTTP/1.1" 200 14885 "http://www.theknot.com/wedding/quick-and-sucralfate" "Mozilla/5.0 (Windows NT 6.3; WOW64) AppleWebKit/537.36 (KHTML, like Gecko) Chrome/32.0.1700.76 Safari/537.36" "redlug.com"
94.153.9.66 - - [28/Apr/2015:18:19:54 -0700] "GET /Archive/ HTTP/1.1" 200 15496 "http://steamcase.ru/" "Mozilla/5.0 (Windows NT 5.1; U; en) Opera 8.01" "redlug.com"
188.165.15.148 - - [28/Apr/2015:18:20:50 -0700] "GET /paper2004/0404Contents.htm HTTP/1.1" 200 3927 "-" "Mozilla/5.0 (compatible; AhrefsBot/5.0; +http://ahrefs.com/robot/)" "www.redlug.com"
188.165.15.148 - - [28/Apr/2015:18:27:06 -0700] "GET /Documents/Connolly.htm HTTP/1.1" 200 11583 "-" "Mozilla/5.0 (compatible; AhrefsBot/5.0; +http://ahrefs.com/robot/)" "redlug.com"
31.184.238.152 - - [28/Apr/2015:18:27:52 -0700] "GET /logs/access.log HTTP/1.1" 200 15691 "http://buy-lexapro-without-rx.soup.io" "Opera/9.80 (Windows NT 6.1) Presto/2.12.388 Version/12.16" "redlug.com"
93.79.202.178 - - [28/Apr/2015:18:29:07 -0700] "GET /logs/access_130930.log HTTP/1.1" 404 73 "http://www.purevolume.com/champix" "Mozilla/5.0 (Windows NT 6.0) AppleWebKit/537.11 (KHTML, like Gecko) Chrome/23.0.1271.95 Safari/537.11" "redlug.com"
93.79.202.178 - - [28/Apr/2015:18:29:07 -0700] "GET /logs/access_130930.log HTTP/1.1" 404 73 "http://www.purevolume.com/champix" "Mozilla/5.0 (Windows NT 6.1) AppleWebKit/535.19 (KHTML, like Gecko) Chrome/18.0.1025.1634 Safari/535.19 YI" "redlug.com"
93.79.202.178 - - [28/Apr/2015:18:29:13 -0700] "GET /access_130930.log HTTP/1.1" 404 89 "http://www.purevolume.com/champix" "Mozilla/5.0 (Windows NT 6.1) AppleWebKit/535.19 (KHTML, like Gecko) Chrome/18.0.1025.1634 Safari/535.19 YI" "redlug.com"
93.79.202.178 - - [28/Apr/2015:18:29:13 -0700] "GET /logs/access_130930.log HTTP/1.1" 404 73 "http://www.purevolume.com/champix" "Mozilla/5.0 (Windows NT 6.1; WOW64) AppleWebKit/537.11 (KHTML, like Gecko) Chrome/23.0.1271.95 Safari/537.11" "redlug.com"
93.79.202.178 - - [28/Apr/2015:18:29:14 -0700] "GET /access_130930.log HTTP/1.1" 404 73 "http://www.purevolume.com/champix" "Mozilla/5.0 (Windows NT 6.1; WOW64) AppleWebKit/537.11 (KHTML, like Gecko) Chrome/23.0.1271.95 Safari/537.11" "redlug.com"
93.79.202.178 - - [28/Apr/2015:18:29:15 -0700] "GET /logs/access_130930.log HTTP/1.1" 404 89 "http://www.purevolume.com/champix" "Opera/9.80 (Windows NT 6.2; WOW64; MRA 8.0 (build 5784)) Presto/2.12.388 Version/12.10" "redlug.com"
93.79.202.178 - - [28/Apr/2015:18:29:15 -0700] "GET /access_130930.log HTTP/1.1" 404 73 "http://www.purevolume.com/champix" "Opera/9.80 (Windows NT 6.2; WOW64; MRA 8.0 (build 5784)) Presto/2.12.388 Version/12.10" "redlug.com"
8.37.224.109 - - [28/Apr/2015:18:29:35 -0700] "GET /pdf/che_sos.pdf HTTP/1.1" 200 207560 "http://www.google.co.in/search?hl=en&ie=ISO-8859-1&q=Che+Guevara+by+John+Lee+Anderson+pdf" "UCWEB/2.0 (Java; U; MIDP-2.0; Nokia203/20.37) U2/1.0.0 UCBrowser/8.7.0.218 U2/1.0.0 Mobile" "redlug.com"
180.76.6.159 - - [28/Apr/2015:18:32:19 -0700] "GET /paper2004/?C=S;O=A HTTP/1.1" 200 1847 "-" "Mozilla/5.0 (compatible; Baiduspider/2.0; +http://www.baidu.com/search/spider.html)" "www.redlug.com"
100.43.85.24 - - [28/Apr/2015:18:33:25 -0700] "GET /paper2003/0306Evian.htm HTTP/1.1" 200 3736 "-" "Mozilla/5.0 (compatible; YandexBot/3.0; +http://yandex.com/bots)" "redlug.com"
213.136.93.17 - - [28/Apr/2015:18:37:55 -0700] "GET /logs/access.log HTTP/1.1" 200 3157 "http://redlug.com/" "Mozilla/5.0 (Windows NT 6.3) AppleWebKit/537.36 (KHTML, like Gecko) Chrome/39.0.2171.95 Safari/537.36" "redlug.com"
31.184.238.152 - - [28/Apr/2015:18:39:41 -0700] "GET /logs/access.log HTTP/1.1" 200 18484 "http://gravatar.com/orderclomipramine10mgonlinewithoutrx" "Mozilla/5.0 (Windows NT 6.1; WOW64) AppleWebKit/537.36 (KHTML, like Gecko) Chrome/30.0.1599.12785 YaBrowser/13.12.1599.12785 Safari/537.36" "redlug.com"
157.55.39.225 - - [28/Apr/2015:18:41:13 -0700] "GET /Archive/testcontents2.html HTTP/1.1" 200 1983 "-" "Mozilla/5.0 (compatible; bingbot/2.0; +http://www.bing.com/bingbot.htm)" "redlug.com"
46.235.70.236 - - [28/Apr/2015:18:44:45 -0700] "GET /logs/access.log HTTP/1.1" 200 3257 "http://redlug.com/" "Mozilla/5.0 (Windows NT 6.3) AppleWebKit/537.36 (KHTML, like Gecko) Chrome/39.0.2171.95 Safari/537.36" "redlug.com"
188.165.15.148 - - [28/Apr/2015:18:45:28 -0700] "GET /Socialist/0503Plunder.htm HTTP/1.1" 200 3150 "-" "Mozilla/5.0 (compatible; AhrefsBot/5.0; +http://ahrefs.com/robot/)" "redlug.com"
46.105.60.176 - - [28/Apr/2015:18:46:57 -0700] "GET /logs/access_130830.log HTTP/1.1" 404 88 "http://redlug.com/" "Mozilla/5.0 (Windows NT 6.2; WOW64; rv:35.0) Gecko/20100101 Firefox/35.0" "redlug.com"
46.105.60.176 - - [28/Apr/2015:18:46:57 -0700] "GET / HTTP/1.1" 200 1272 "http://redlug.com" "Mozilla/5.0 (Windows NT 6.2; WOW64; rv:35.0) Gecko/20100101 Firefox/35.0" "redlug.com"
100.43.81.131 - - [28/Apr/2015:18:47:58 -0700] "GET /sitemap.xml HTTP/1.1" 200 198 "-" "Mozilla/5.0 (compatible; YandexBot/3.0; +http://yandex.com/bots)" "redlug.com"
85.251.147.196 - - [28/Apr/2015:18:48:41 -0700] "GET /logs/access.log HTTP/1.1" 200 3344 "http://redlug.com/" "Mozilla/5.0 (Windows NT 6.3) AppleWebKit/537.36 (KHTML, like Gecko) Chrome/39.0.2171.95 Safari/537.36" "redlug.com"
188.165.15.148 - - [28/Apr/2015:18:49:11 -0700] "GET /images/220303/?C=S;O=D HTTP/1.1" 200 405 "-" "Mozilla/5.0 (compatible; AhrefsBot/5.0; +http://ahrefs.com/robot/)" "redlug.com"
31.184.238.152 - - [28/Apr/2015:18:51:25 -0700] "GET /logs/access.log HTTP/1.1" 200 20346 "http://acillin-order-safely.soup.io" "Mozilla/5.0 (Windows NT 6.1; WOW64) AppleWebKit/537.36 (KHTML, like Gecko) Chrome/30.0.1599.13014 YaBrowser/13.12.1599.13014 Safari/537.36" "redlug.com"
162.244.11.73 - - [28/Apr/2015:18:52:06 -0700] "GET /logs/access.log HTTP/1.1" 200 3414 "http://redlug.com/" "Mozilla/5.0 (Windows NT 6.2; WOW64; rv:35.0) Gecko/20100101 Firefox/35.0" "redlug.com"
77.27.19.57 - - [28/Apr/2015:18:58:10 -0700] "GET /logs/access.log HTTP/1.1" 200 20825 "-" "Mozilla/5.0 (X11; Linux x86_64; rv:2.0b8pre) Gecko/20101011 Firefox/4.0b8pre" "redlug.com"
93.79.202.178 - - [28/Apr/2015:18:59:56 -0700] "GET /logs/access_130930.log HTTP/1.1" 404 89 "http://compra.galeon.com/vaniqa.htm" "Mozilla/4.0 (compatible; MSIE 8.0; Windows NT 5.1; Trident/4.0; GTB7.4; MRA 6.0 (build 6005); User-agent: Mozilla/4.0 (compatible; MSIE 6.0; Windows NT 5.1; SV1); .NET CLR 1.1.4322; .NET CLR 2.0.50727; .NET CLR 3.0.4506.2152; .NET CLR 3.5.30729; InfoPath.1; .NET4.0C; .NET4.0E; MRIE8PACK 2.0.1)" "redlug.com"
93.79.202.178 - - [28/Apr/2015:18:59:57 -0700] "GET /logs/access_130930.log HTTP/1.1" 404 89 "http://compra.galeon.com/vaniqa.htm" "Mozilla/5.0 (Windows NT 5.1) AppleWebKit/536.5 (KHTML, like Gecko) Chrome/19.0.1084.46 Safari/536.5 Nichrome/self/19" "redlug.com"
93.79.202.178 - - [28/Apr/2015:18:59:57 -0700] "GET /access_130930.log HTTP/1.1" 404 73 "http://compra.galeon.com/vaniqa.htm" "Mozilla/5.0 (Windows NT 5.1) AppleWebKit/536.5 (KHTML, like Gecko) Chrome/19.0.1084.46 Safari/536.5 Nichrome/self/19" "redlug.com"
93.79.202.178 - - [28/Apr/2015:18:59:57 -0700] "GET /logs/access_130930.log HTTP/1.1" 404 73 "http://compra.galeon.com/vaniqa.htm" "Opera/9.80 (Windows NT 6.1; WOW64; MRA 6.0 (build 6001)) Presto/2.12.388 Version/12.11" "redlug.com"
93.79.202.178 - - [28/Apr/2015:18:59:58 -0700] "GET /access_130930.log HTTP/1.1" 404 73 "http://compra.galeon.com/vaniqa.htm" "Opera/9.80 (Windows NT 6.1; WOW64; MRA 6.0 (build 6001)) Presto/2.12.388 Version/12.11" "redlug.com"
93.79.202.178 - - [28/Apr/2015:18:59:58 -0700] "GET /logs/access_130930.log HTTP/1.1" 404 73 "http://compra.galeon.com/vaniqa.htm" "Mozilla/5.0 (Windows NT 5.1) AppleWebKit/535.19 (KHTML, like Gecko) Chrome/18.0.1025.1634 Safari/535.19 YI" "redlug.com"
93.79.202.178 - - [28/Apr/2015:18:59:59 -0700] "GET /access_130930.log HTTP/1.1" 404 73 "http://compra.galeon.com/vaniqa.htm" "Mozilla/5.0 (Windows NT 5.1) AppleWebKit/535.19 (KHTML, like Gecko) Chrome/18.0.1025.1634 Safari/535.19 YI" "redlug.com"
188.165.15.148 - - [28/Apr/2015:19:01:02 -0700] "GET /temp/?C=S;O=D HTTP/1.1" 200 770 "-" "Mozilla/5.0 (compatible; AhrefsBot/5.0; +http://ahrefs.com/robot/)" "redlug.com"
188.165.15.148 - - [28/Apr/2015:19:01:31 -0700] "GET /Publications/TTCh1.htm HTTP/1.1" 200 10183 "-" "Mozilla/5.0 (compatible; AhrefsBot/5.0; +http://ahrefs.com/robot/)" "www.redlug.com"
31.184.238.152 - - [28/Apr/2015:19:03:16 -0700] "GET /logs/access.log HTTP/1.1" 200 23291 "http://www.theknot.com/wedding/shipping-and-atarax" "Mozilla/5.0 (Windows NT 6.3; WOW64; rv:27.0) Gecko/20100101 Firefox/27.0" "redlug.com"
31.184.238.152 - - [28/Apr/2015:19:05:50 -0700] "GET /logs/access.log HTTP/1.1" 200 23522 "http://www.theknot.com/wedding/prices-and-azulfidine" "Opera/9.80 (Windows NT 5.1) Presto/2.12.388 Version/12.16" "redlug.com"
188.165.15.148 - - [28/Apr/2015:19:06:17 -0700] "GET /paper2004/0405BushVisit.htm HTTP/1.1" 200 2246 "-" "Mozilla/5.0 (compatible; AhrefsBot/5.0; +http://ahrefs.com/robot/)" "redlug.com"
100.43.91.25 - - [28/Apr/2015:19:09:58 -0700] "GET /paper2004JD/0407Paydeal.htm HTTP/1.1" 200 1784 "-" "Mozilla/5.0 (compatible; YandexBot/3.0; +http://yandex.com/bots)" "redlug.com"
31.184.238.152 - - [28/Apr/2015:19:15:15 -0700] "GET /logs/access.log HTTP/1.1" 200 24110 "http://buyvaltrex500mgquickdelivery.soup.io" "Opera/9.80 (Windows NT 6.1) Presto/2.12.388 Version/12.16" "redlug.com"
188.165.15.148 - - [28/Apr/2015:19:15:23 -0700] "GET /Socialist/0411Iraq1.htm HTTP/1.1" 404 88 "-" "Mozilla/5.0 (compatible; AhrefsBot/5.0; +http://ahrefs.com/robot/)" "www.redlug.com"
188.165.15.148 - - [28/Apr/2015:19:16:22 -0700] "GET /Socialist/0503Phones.htm HTTP/1.1" 200 1719 "-" "Mozilla/5.0 (compatible; AhrefsBot/5.0; +http://ahrefs.com/robot/)" "redlug.com"
157.55.39.225 - - [28/Apr/2015:19:17:44 -0700] "GET /news.htm HTTP/1.1" 404 88 "-" "Mozilla/5.0 (compatible; bingbot/2.0; +http://www.bing.com/bingbot.htm)" "www.redlug.com"
157.55.39.225 - - [28/Apr/2015:19:17:44 -0700] "GET /IntLeftNews/ HTTP/1.1" 200 453 "-" "Mozilla/5.0 (compatible; bingbot/2.0; +http://www.bing.com/bingbot.htm)" "www.redlug.com"
157.55.39.225 - - [28/Apr/2015:19:17:44 -0700] "GET /manifesto.htm HTTP/1.1" 404 73 "-" "Mozilla/5.0 (compatible; bingbot/2.0; +http://www.bing.com/bingbot.htm)" "www.redlug.com"
157.55.39.225 - - [28/Apr/2015:19:17:44 -0700] "GET /SYcamp2003.htm HTTP/1.1" 404 88 "-" "Mozilla/5.0 (compatible; bingbot/2.0; +http://www.bing.com/bingbot.htm)" "www.redlug.com"
157.55.39.225 - - [28/Apr/2015:19:17:44 -0700] "GET /leftunity5.htm HTTP/1.1" 404 88 "-" "Mozilla/5.0 (compatible; bingbot/2.0; +http://www.bing.com/bingbot.htm)" "www.redlug.com"
157.55.39.225 - - [28/Apr/2015:19:17:44 -0700] "GET /leftunity3.htm HTTP/1.1" 404 88 "-" "Mozilla/5.0 (compatible; bingbot/2.0; +http://www.bing.com/bingbot.htm)" "www.redlug.com"
157.55.39.225 - - [28/Apr/2015:19:17:44 -0700] "GET /mar02EdScandal.htm HTTP/1.1" 404 88 "-" "Mozilla/5.0 (compatible; bingbot/2.0; +http://www.bing.com/bingbot.htm)" "www.redlug.com"
31.184.238.152 - - [28/Apr/2015:19:17:50 -0700] "GET /logs/access.log HTTP/1.1" 200 25944 "http://buydoxycyclineonlinefastdelivery.soup.io" "Mozilla/5.0 (Windows NT 6.1; rv:27.0) Gecko/20100101 Firefox/27.0" "redlug.com"
192.240.192.233 - - [28/Apr/2015:19:18:00 -0700] "GET /logs/access.log HTTP/1.1" 200 4050 "http://redlug.com/" "Mozilla/5.0 (Windows NT 6.2; WOW64; rv:35.0) Gecko/20100101 Firefox/35.0" "redlug.com"
188.165.15.148 - - [28/Apr/2015:19:21:48 -0700] "GET /Socialist/06/0603UnionsNorth.htm HTTP/1.1" 200 3753 "-" "Mozilla/5.0 (compatible; AhrefsBot/5.0; +http://ahrefs.com/robot/)" "redlug.com"
188.165.15.148 - - [28/Apr/2015:19:23:23 -0700] "GET /Archive/1982NHS.htm HTTP/1.1" 200 2150 "-" "Mozilla/5.0 (compatible; AhrefsBot/5.0; +http://ahrefs.com/robot/)" "www.redlug.com"
23.229.30.190 - - [28/Apr/2015:19:24:47 -0700] "GET /logs/access.log HTTP/1.1" 200 4733 "http://redlug.com/" "Mozilla/5.0 (Windows NT 6.2; WOW64; rv:35.0) Gecko/20100101 Firefox/35.0" "redlug.com"
31.184.238.152 - - [28/Apr/2015:19:27:16 -0700] "GET /logs/access.log HTTP/1.1" 200 26936 "http://buyfluconazoleonlinewithoutprescription.soup.io" "Mozilla/5.0 (Macintosh; Intel Mac OS X 10_9_1) AppleWebKit/537.73.11 (KHTML, like Gecko) Version/7.0.1 Safari/537.73.11" "redlug.com"
31.184.238.152 - - [28/Apr/2015:19:29:51 -0700] "GET /logs/access.log HTTP/1.1" 200 27218 "http://gravatar.com/furacinqpi" "Mozilla/5.0 (Windows NT 6.1; WOW64) AppleWebKit/537.36 (KHTML, like Gecko) Chrome/33.0.1750.117 Safari/537.36" "redlug.com"
93.79.202.178 - - [28/Apr/2015:19:31:11 -0700] "GET /access_130930.log HTTP/1.1" 404 73 "http://champix-starter-pack.tumblr.com/" "Mozilla/5.0 (Windows NT 6.1) AppleWebKit/537.4 (KHTML, like Gecko) Chrome/22.0.1229.94 Safari/537.4" "redlug.com"
93.79.202.178 - - [28/Apr/2015:19:31:11 -0700] "GET /logs/access_130930.log HTTP/1.1" 404 89 "http://champix-starter-pack.tumblr.com/" "Mozilla/5.0 (Windows NT 5.2; rv:17.0) Gecko/20100101 Firefox/17.0" "redlug.com"
100.43.91.25 - - [28/Apr/2015:19:31:44 -0700] "GET /?C=M;O=A HTTP/1.1" 200 1269 "-" "Mozilla/5.0 (compatible; YandexBot/3.0; +http://yandex.com/bots)" "redlug.com"
188.165.15.148 - - [28/Apr/2015:19:33:48 -0700] "GET /paper2004/0404SWP.htm HTTP/1.1" 200 2174 "-" "Mozilla/5.0 (compatible; AhrefsBot/5.0; +http://ahrefs.com/robot/)" "www.redlug.com"
188.165.15.148 - - [28/Apr/2015:19:41:29 -0700] "GET /paper2004JD/0410OmaghLP.htm HTTP/1.1" 404 88 "-" "Mozilla/5.0 (compatible; AhrefsBot/5.0; +http://ahrefs.com/robot/)" "www.redlug.com"
31.184.238.152 - - [28/Apr/2015:19:41:36 -0700] "GET /logs/access.log HTTP/1.1" 200 28465 "http://ordertofranillowprice.soup.io" "Mozilla/5.0 (Windows NT 6.1) AppleWebKit/537.36 (KHTML, like Gecko) Chrome/32.0.1700.76 Safari/537.36" "redlug.com"
104.154.16.114 - - [28/Apr/2015:19:41:37 -0700] "GET /cwi.css HTTP/1.1" 404 88 "http://redlug.com/paperarticles/mar02candidates.htm" "Mozilla/5.0 (X11; Linux x86_64) AppleWebKit/537.36 (KHTML, like Gecko) Chrome/44.0.2386.0 Safari/537.36" "redlug.com"
104.154.16.114 - - [28/Apr/2015:19:41:39 -0700] "GET /favicon.ico HTTP/1.1" 404 89 "http://redlug.com/paperarticles/mar02candidates.htm" "Mozilla/5.0 (X11; Linux x86_64) AppleWebKit/537.36 (KHTML, like Gecko) Chrome/44.0.2386.0 Safari/537.36" "redlug.com"
204.12.216.18 - - [28/Apr/2015:19:48:09 -0700] "GET /Archive/199202AntiSect.htm HTTP/1.1" 200 9027 "-" "Mozilla/4.0 (compatible; MSIE 6.0; Windows NT 5.1; SV1; Mozilla/4.0 (compatible; MSIE 6.0; Windows NT 5.1; SV1) ; .NET CLR 2.0.50727 ; .NET CLR 4.0.30319)" "redlug.com"
188.165.15.148 - - [28/Apr/2015:19:50:11 -0700] "GET /logs/access_141010.log HTTP/1.1" 200 135712 "-" "Mozilla/5.0 (compatible; AhrefsBot/5.0; +http://ahrefs.com/robot/)" "redlug.com"
31.184.238.152 - - [28/Apr/2015:19:51:04 -0700] "GET /logs/access.log HTTP/1.1" 200 29676 "http://amitriptyline6.aircus.com" "Mozilla/5.0 (Windows NT 6.3; WOW64; rv:27.0) Gecko/20100101 Firefox/27.0" "redlug.com"
100.43.85.24 - - [28/Apr/2015:19:53:31 -0700] "GET /paper2003/0307South.htm HTTP/1.1" 200 1908 "-" "Mozilla/5.0 (compatible; YandexBot/3.0; +http://yandex.com/bots)" "redlug.com"
31.184.238.152 - - [28/Apr/2015:19:53:43 -0700] "GET /logs/access.log HTTP/1.1" 200 30068 "http://gravatar.com/irclinonitalpa" "Opera/9.80 (Windows NT 6.1; Win64; x64) Presto/2.12.388 Version/12.16" "redlug.com"
157.55.39.38 - - [28/Apr/2015:19:58:35 -0700] "GET /logs/access_140416.log HTTP/1.1" 404 88 "-" "Mozilla/5.0 (compatible; bingbot/2.0; +http://www.bing.com/bingbot.htm)" "redlug.com"
157.55.39.38 - - [28/Apr/2015:19:58:35 -0700] "GET /?s=a HTTP/1.1" 200 1272 "-" "Mozilla/5.0 (compatible; bingbot/2.0; +http://www.bing.com/bingbot.htm)" "redlug.com"
157.55.39.38 - - [28/Apr/2015:19:58:36 -0700] "GET /Struggle.htm HTTP/1.1" 200 14007 "-" "Mozilla/5.0 (compatible; bingbot/2.0; +http://www.bing.com/bingbot.htm)" "redlug.com"
157.55.39.38 - - [28/Apr/2015:19:58:37 -0700] "GET /cwi/USCWI-onBush.htm HTTP/1.1" 200 8639 "-" "Mozilla/5.0 (compatible; bingbot/2.0; +http://www.bing.com/bingbot.htm)" "redlug.com"
157.55.39.38 - - [28/Apr/2015:19:58:37 -0700] "GET /logs/?N=A HTTP/1.1" 200 3665 "-" "Mozilla/5.0 (compatible; bingbot/2.0; +http://www.bing.com/bingbot.htm)" "redlug.com"
77.27.19.57 - - [28/Apr/2015:20:00:10 -0700] "GET /logs/access.log HTTP/1.1" 200 31161 "-" "Mozilla/5.0 (X11; Linux x86_64; rv:2.0b8pre) Gecko/20101011 Firefox/4.0b8pre" "redlug.com"
111.1.36.6 - - [28/Apr/2015:20:01:28 -0700] "GET /logs/access.log HTTP/1.1" 200 31344 "http://redlug.com/" "Mozilla/5.0 (Windows NT 6.2; WOW64; rv:35.0) Gecko/20100101 Firefox/35.0" "redlug.com"
93.79.202.178 - - [28/Apr/2015:20:02:47 -0700] "GET /logs/access_130930.log HTTP/1.1" 404 73 "http://www.purevolume.com/champix" "Mozilla/5.0 (Windows NT 5.2; rv:17.0) Gecko/17.0 Firefox/17.0" "redlug.com"
93.79.202.178 - - [28/Apr/2015:20:02:48 -0700] "GET /logs/access_130930.log HTTP/1.1" 404 73 "http://www.purevolume.com/champix" "Mozilla/5.0 (Windows NT 6.1; rv:12.0) Gecko/20100101 Firefox/12.0" "redlug.com"
93.79.202.178 - - [28/Apr/2015:20:02:48 -0700] "GET /access_130930.log HTTP/1.1" 404 73 "http://www.purevolume.com/champix" "Mozilla/5.0 (Windows NT 6.1; rv:12.0) Gecko/20100101 Firefox/12.0" "redlug.com"
93.79.202.178 - - [28/Apr/2015:20:02:49 -0700] "GET /access_130930.log HTTP/1.1" 404 73 "http://www.purevolume.com/champix" "Mozilla/5.0 (Windows NT 6.1; WOW64) AppleWebKit/537.4 (KHTML, like Gecko) Chrome/22.0.1229.79 Safari/537.4" "redlug.com"
93.79.202.178 - - [28/Apr/2015:20:02:49 -0700] "GET /logs/access_130930.log HTTP/1.1" 404 73 "http://www.purevolume.com/champix" "Opera/9.80 (Windows NT 6.1; WOW64; MRA 6.0 (build 5998)) Presto/2.12.388 Version/12.10" "redlug.com"
93.79.202.178 - - [28/Apr/2015:20:02:50 -0700] "GET /access_130930.log HTTP/1.1" 404 73 "http://www.purevolume.com/champix" "Opera/9.80 (Windows NT 6.1; WOW64; MRA 6.0 (build 5998)) Presto/2.12.388 Version/12.10" "redlug.com"
31.184.238.152 - - [28/Apr/2015:20:03:31 -0700] "GET /logs/access.log HTTP/1.1" 200 32863 "http://order-celebrex-safely.soup.io" "Mozilla/5.0 (Windows NT 5.1; rv:26.0) Gecko/20100101 Firefox/26.0" "redlug.com"
31.184.238.152 - - [28/Apr/2015:20:06:09 -0700] "GET /logs/access.log HTTP/1.1" 200 33073 "http://dimenhydrinates7.over-blog.com" "Mozilla/5.0 (Windows NT 6.1) AppleWebKit/537.36 (KHTML, like Gecko) Chrome/33.0.1750.146 Safari/537.36" "redlug.com"
66.249.69.123 - - [28/Apr/2015:20:10:30 -0700] "GET /Archive/1977PeacePeoEdit.htm HTTP/1.1" 404 73 "-" "Mozilla/5.0 (compatible; Googlebot/2.1; +http://www.google.com/bot.html)" "redlug.com"
180.76.6.36 - - [28/Apr/2015:20:13:02 -0700] "GET /Election/FBUvBBC1104.htm HTTP/1.1" 200 1387 "-" "Mozilla/5.0 (compatible; Baiduspider/2.0; +http://www.baidu.com/search/spider.html)" "www.redlug.com"
100.43.85.24 - - [28/Apr/2015:20:15:16 -0700] "GET /paper2003/0307WEF.htm HTTP/1.1" 200 2469 "-" "Mozilla/5.0 (compatible; YandexBot/3.0; +http://yandex.com/bots)" "redlug.com"
188.165.15.148 - - [28/Apr/2015:20:15:35 -0700] "GET /Assorted/NUMtime.htm HTTP/1.1" 200 1497 "-" "Mozilla/5.0 (compatible; AhrefsBot/5.0; +http://ahrefs.com/robot/)" "redlug.com"
46.105.60.176 - - [28/Apr/2015:20:17:14 -0700] "GET /logs/access_130711.log HTTP/1.1" 404 88 "http://redlug.com/" "Mozilla/5.0 (Windows NT 6.2; WOW64; rv:35.0) Gecko/20100101 Firefox/35.0" "redlug.com"
46.105.60.176 - - [28/Apr/2015:20:17:14 -0700] "GET / HTTP/1.1" 200 1272 "http://redlug.com" "Mozilla/5.0 (Windows NT 6.2; WOW64; rv:35.0) Gecko/20100101 Firefox/35.0" "redlug.com"
188.165.15.148 - - [28/Apr/2015:20:17:46 -0700] "GET /cwi/IranianBus.htm HTTP/1.1" 200 2294 "-" "Mozilla/5.0 (compatible; AhrefsBot/5.0; +http://ahrefs.com/robot/)" "redlug.com"
31.184.238.152 - - [28/Apr/2015:20:18:14 -0700] "GET /logs/access.log HTTP/1.1" 200 34632 "http://www.theknot.com/wedding/ropinirole-and-without" "Mozilla/5.0 (Windows NT 6.1; WOW64) AppleWebKit/537.36 (KHTML, like Gecko) Chrome/32.0.1700.102 Safari/537.36" "redlug.com"
23.229.34.153 - - [28/Apr/2015:20:25:25 -0700] "GET /logs/access.log HTTP/1.1" 200 5096 "http://redlug.com/" "Mozilla/5.0 (Windows NT 6.3) AppleWebKit/537.36 (KHTML, like Gecko) Chrome/39.0.2171.95 Safari/537.36" "redlug.com"
188.165.15.148 - - [28/Apr/2015:20:26:25 -0700] "GET /cwi/VenCWI0406.htm HTTP/1.1" 200 31691 "-" "Mozilla/5.0 (compatible; AhrefsBot/5.0; +http://ahrefs.com/robot/)" "redlug.com"
31.184.238.152 - - [28/Apr/2015:20:27:31 -0700] "GET /logs/access.log HTTP/1.1" 200 35308 "http://mefenamic-acid-250mg-order.over-blog.com" "Mozilla/5.0 (Windows NT 6.1) AppleWebKit/537.36 (KHTML, like Gecko) Chrome/33.0.1750.146 Safari/537.36" "redlug.com"
31.184.238.152 - - [28/Apr/2015:20:30:11 -0700] "GET /logs/access.log HTTP/1.1" 200 35566 "http://buy-ofloxacin-400mg-safely.soup.io" "Mozilla/5.0 (Windows NT 6.1; WOW64; rv:27.0) Gecko/20100101 Firefox/27.0" "redlug.com"
93.79.202.178 - - [28/Apr/2015:20:34:37 -0700] "GET /logs/access_130930.log HTTP/1.1" 404 73 "http://www.purevolume.com/champix" "Mozilla/5.0 (Windows NT 6.1) AppleWebKit/535.1 (KHTML, like Gecko) Chrome/14.0.835.163 Safari/535.1" "redlug.com"
93.79.202.178 - - [28/Apr/2015:20:34:38 -0700] "GET /logs/access_130930.log HTTP/1.1" 404 73 "http://www.purevolume.com/champix" "Mozilla/5.0 (Windows NT 6.2) AppleWebKit/537.11 (KHTML, like Gecko) Chrome/23.0.1271.64 Safari/537.11" "redlug.com"
93.79.202.178 - - [28/Apr/2015:20:34:38 -0700] "GET /access_130930.log HTTP/1.1" 404 73 "http://www.purevolume.com/champix" "Mozilla/5.0 (Windows NT 6.2) AppleWebKit/537.11 (KHTML, like Gecko) Chrome/23.0.1271.64 Safari/537.11" "redlug.com"
93.79.202.178 - - [28/Apr/2015:20:34:39 -0700] "GET /logs/access_130930.log HTTP/1.1" 404 73 "http://www.purevolume.com/champix" "Mozilla/5.0 (Windows NT 5.1; rv:11.0) Gecko/20100101 Firefox/11.0" "redlug.com"
93.79.202.178 - - [28/Apr/2015:20:34:39 -0700] "GET /access_130930.log HTTP/1.1" 404 89 "http://www.purevolume.com/champix" "Mozilla/5.0 (Windows NT 5.1; rv:11.0) Gecko/20100101 Firefox/11.0" "redlug.com"
93.79.202.178 - - [28/Apr/2015:20:34:39 -0700] "GET /logs/access_130930.log HTTP/1.1" 404 73 "http://www.purevolume.com/champix" "Mozilla/5.0 (Windows NT 6.1; WOW64) AppleWebKit/537.4 (KHTML, like Gecko) Chrome/22.0.1229.92 Safari/537.4" "redlug.com"
93.79.202.178 - - [28/Apr/2015:20:34:40 -0700] "GET /access_130930.log HTTP/1.1" 404 73 "http://www.purevolume.com/champix" "Mozilla/5.0 (Windows NT 6.1; WOW64) AppleWebKit/537.4 (KHTML, like Gecko) Chrome/22.0.1229.92 Safari/537.4" "redlug.com"
188.165.15.148 - - [28/Apr/2015:20:35:00 -0700] "GET /paper2004/0402France.htm HTTP/1.1" 200 1680 "-" "Mozilla/5.0 (compatible; AhrefsBot/5.0; +http://ahrefs.com/robot/)" "redlug.com"
66.249.69.3 - - [28/Apr/2015:20:36:18 -0700] "GET /Assorted/=%22../sitemap/sitemapS-T.htm%22 HTTP/1.1" 404 88 "-" "Mozilla/5.0 (compatible; Googlebot/2.1; +http://www.google.com/bot.html)" "redlug.com"
100.43.91.12 - - [28/Apr/2015:20:37:00 -0700] "GET /War/JHonBushvisit.htm HTTP/1.1" 200 3281 "-" "Mozilla/5.0 (compatible; YandexBot/3.0; +http://yandex.com/bots)" "redlug.com"
31.184.238.152 - - [28/Apr/2015:20:39:40 -0700] "GET /logs/access.log HTTP/1.1" 200 37994 "http://www.theknot.com/wedding/compazine-and-cheap" "Mozilla/5.0 (Windows NT 6.3; WOW64; rv:27.0) Gecko/20100101 Firefox/27.0" "redlug.com"
31.184.238.152 - - [28/Apr/2015:20:42:21 -0700] "GET /logs/access.log HTTP/1.1" 200 38225 "http://buycalan120mgsg.forumcircle.com" "Mozilla/5.0 (Windows NT 5.1; rv:27.0) Gecko/20100101 Firefox/27.0" "redlug.com"
180.76.6.58 - - [28/Apr/2015:20:43:02 -0700] "GET /pdf/?S=A HTTP/1.1" 200 694 "-" "Mozilla/5.0 (compatible; Baiduspider/2.0; +http://www.baidu.com/search/spider.html)" "www.redlug.com"
157.55.39.225 - - [28/Apr/2015:20:44:39 -0700] "GET /paper2004/0402Contents.htm HTTP/1.1" 200 3847 "-" "Mozilla/5.0 (compatible; bingbot/2.0; +http://www.bing.com/bingbot.htm)" "redlug.com"
157.55.39.225 - - [28/Apr/2015:20:44:39 -0700] "GET /paper2004JD/0410AerL.htm HTTP/1.1" 200 2273 "-" "Mozilla/5.0 (compatible; bingbot/2.0; +http://www.bing.com/bingbot.htm)" "redlug.com"
157.55.39.38 - - [28/Apr/2015:20:51:47 -0700] "GET /Election/Joeletterwater.doc HTTP/1.1" 200 25600 "-" "Mozilla/5.0 (compatible; bingbot/2.0; +http://www.bing.com/bingbot.htm)" "redlug.com"
157.55.39.38 - - [28/Apr/2015:20:51:48 -0700] "GET /logs/?M=D HTTP/1.1" 200 3665 "-" "Mozilla/5.0 (compatible; bingbot/2.0; +http://www.bing.com/bingbot.htm)" "redlug.com"
157.55.39.38 - - [28/Apr/2015:20:51:48 -0700] "GET /logs/?D=D HTTP/1.1" 200 3665 "-" "Mozilla/5.0 (compatible; bingbot/2.0; +http://www.bing.com/bingbot.htm)" "redlug.com"
31.184.238.152 - - [28/Apr/2015:20:51:56 -0700] "GET /logs/access.log HTTP/1.1" 200 39535 "http://buyceclor250mgonlineit.soup.io" "Opera/9.80 (Windows NT 6.1; WOW64) Presto/2.12.388 Version/12.15" "redlug.com"
66.249.69.11 - - [28/Apr/2015:20:52:47 -0700] "GET /pdf/CA070926.pdf HTTP/1.1" 200 198196 "-" "DoCoMo/2.0 N905i(c100;TB;W24H16) (compatible; Googlebot-Mobile/2.1; +http://www.google.com/bot.html)" "redlug.com"
31.184.238.152 - - [28/Apr/2015:20:54:32 -0700] "GET /logs/access.log HTTP/1.1" 200 39955 "http://ordernaltrexone50mgfastshipping.aircus.com" "Mozilla/5.0 (Windows NT 6.1; rv:27.0) Gecko/20100101 Firefox/27.0" "redlug.com"
180.76.5.145 - - [28/Apr/2015:20:58:02 -0700] "GET /tu/ HTTP/1.1" 200 580 "-" "Mozilla/5.0 (compatible; Baiduspider/2.0; +http://www.baidu.com/search/spider.html)" "www.redlug.com"
100.43.81.131 - - [28/Apr/2015:20:58:45 -0700] "GET /paper2004JD/0407FBU-LP.htm HTTP/1.1" 200 2741 "-" "Mozilla/5.0 (compatible; YandexBot/3.0; +http://yandex.com/bots)" "redlug.com"
46.235.70.236 - - [28/Apr/2015:21:00:09 -0700] "GET /logs/access.log HTTP/1.1" 200 5714 "http://redlug.com/" "Mozilla/5.0 (Windows NT 6.3) AppleWebKit/537.36 (KHTML, like Gecko) Chrome/39.0.2171.95 Safari/537.36" "redlug.com"
77.27.19.57 - - [28/Apr/2015:21:04:01 -0700] "GET /logs/access.log HTTP/1.1" 200 40768 "-" "Mozilla/5.0 (X11; Linux x86_64; rv:2.0b8pre) Gecko/20101011 Firefox/4.0b8pre" "redlug.com"
31.184.238.152 - - [28/Apr/2015:21:04:07 -0700] "GET /logs/access.log HTTP/1.1" 200 40951 "http://buy-buspirone.soup.io" "Mozilla/5.0 (Windows NT 6.1; WOW64) AppleWebKit/537.36 (KHTML, like Gecko) Chrome/30.0.1599.13014 YaBrowser/13.12.1599.13014 Safari/537.36" "redlug.com"
93.79.202.178 - - [28/Apr/2015:21:05:22 -0700] "GET /logs/access_130930.log HTTP/1.1" 404 73 "http://champix-starter-pack.tumblr.com/" "Mozilla/5.0 (Windows NT 6.1) AppleWebKit/534.57.2 (KHTML, like Gecko) Version/5.1.7 Safari/534.57.2" "redlug.com"
93.79.202.178 - - [28/Apr/2015:21:05:22 -0700] "GET /logs/access_130930.log HTTP/1.1" 404 73 "http://champix-starter-pack.tumblr.com/" "Mozilla/5.0 (Windows NT 5.1; rv:11.0) Gecko/20100101 Firefox/11.0" "redlug.com"
93.79.202.178 - - [28/Apr/2015:21:05:23 -0700] "GET /access_130930.log HTTP/1.1" 404 73 "http://champix-starter-pack.tumblr.com/" "Mozilla/5.0 (Windows NT 5.1; rv:11.0) Gecko/20100101 Firefox/11.0" "redlug.com"
93.79.202.178 - - [28/Apr/2015:21:05:23 -0700] "GET /logs/access_130930.log HTTP/1.1" 404 73 "http://champix-starter-pack.tumblr.com/" "Mozilla/5.0 (Windows NT 6.1; WOW64) AppleWebKit/537.1 (KHTML, like Gecko) Chrome/21.0.1180.89 Safari/537.1" "redlug.com"
93.79.202.178 - - [28/Apr/2015:21:05:24 -0700] "GET /access_130930.log HTTP/1.1" 404 73 "http://champix-starter-pack.tumblr.com/" "Mozilla/5.0 (Windows NT 6.1; WOW64) AppleWebKit/537.1 (KHTML, like Gecko) Chrome/21.0.1180.89 Safari/537.1" "redlug.com"
93.79.202.178 - - [28/Apr/2015:21:05:24 -0700] "GET /logs/access_130930.log HTTP/1.1" 404 73 "http://champix-starter-pack.tumblr.com/" "Mozilla/5.0 (Windows NT 6.1; rv:14.0) Gecko/20100101 Firefox/14.0.1" "redlug.com"
93.79.202.178 - - [28/Apr/2015:21:05:24 -0700] "GET /access_130930.log HTTP/1.1" 404 73 "http://champix-starter-pack.tumblr.com/" "Mozilla/5.0 (Windows NT 6.1; rv:14.0) Gecko/20100101 Firefox/14.0.1" "redlug.com"
31.184.238.152 - - [28/Apr/2015:21:06:40 -0700] "GET /logs/access.log HTTP/1.1" 200 42843 "http://order-albuterol-online.soup.io" "Mozilla/5.0 (Windows NT 6.1; WOW64) AppleWebKit/537.36 (KHTML, like Gecko) Chrome/31.0.1650.63 Safari/537.36 OPR/18.0.1284.68" "redlug.com"
188.165.15.148 - - [28/Apr/2015:21:08:04 -0700] "GET /Socialist/Covers/ HTTP/1.1" 200 401 "-" "Mozilla/5.0 (compatible; AhrefsBot/5.0; +http://ahrefs.com/robot/)" "redlug.com"
216.107.155.114 - - [28/Apr/2015:21:10:52 -0700] "GET /robots.txt HTTP/1.1" 200 37 "-" "Mozilla/5.0 (compatible; MJ12bot/v1.4.5; http://www.majestic12.co.uk/bot.php?+)" "redlug.com"
216.107.155.114 - - [28/Apr/2015:21:10:53 -0700] "GET /LabHist/www.socialistparty.org.uk HTTP/1.1" 404 73 "-" "Mozilla/5.0 (compatible; MJ12bot/v1.4.5; http://www.majestic12.co.uk/bot.php?+)" "redlug.com"
216.107.155.114 - - [28/Apr/2015:21:10:55 -0700] "GET /sitemap/%E2%80%9Chttp://www.geocities.com/socialistparty/Socialist/0502Airport.htm%22 HTTP/1.1" 404 88 "-" "Mozilla/5.0 (compatible; MJ12bot/v1.4.5; http://www.majestic12.co.uk/bot.php?+)" "redlug.com"
216.107.155.114 - - [28/Apr/2015:21:10:56 -0700] "GET /sitemap/%E2%80%9Chttp://www.geocities.com/socialistparty/Socialist/0502Pensions.htm%22 HTTP/1.1" 404 88 "-" "Mozilla/5.0 (compatible; MJ12bot/v1.4.5; http://www.majestic12.co.uk/bot.php?+)" "redlug.com"
157.55.39.38 - - [28/Apr/2015:21:11:09 -0700] "GET /LabHist/SCWReview.htm HTTP/1.1" 200 5577 "-" "Mozilla/5.0 (compatible; bingbot/2.0; +http://www.bing.com/bingbot.htm)" "redlug.com"
91.196.50.205 - - [28/Apr/2015:21:11:17 -0700] "GET /logs/access.log HTTP/1.1" 200 6716 "http://redlug.com/" "Mozilla/5.0 (Windows NT 6.3) AppleWebKit/537.36 (KHTML, like Gecko) Chrome/39.0.2171.95 Safari/537.36" "redlug.com"
188.165.15.148 - - [28/Apr/2015:21:12:34 -0700] "GET /images/Election/diarmuid2.jpg HTTP/1.1" 200 5030 "-" "Mozilla/5.0 (compatible; AhrefsBot/5.0; +http://ahrefs.com/robot/)" "redlug.com"
27.122.115.41 - - [28/Apr/2015:21:13:00 -0700] "GET /Documents/Ali.htm HTTP/1.1" 200 8452 "http://www.google.com.au/url?sa=t&rct=j&q=muhammad+ali+civil+rights+what+did+he+do&source=web&cd=2&ved=0CCMQFjAB&url=http%3A%2F%2Fredlug.com%2FDocuments%2FAli.htm&ei=PVpAVZKGDcTNmwXVroCABw&usg=AFQjCNEyOmJJeANb79rhMnwQEi73tJtBgg&bvm=bv.91665533,d.dGY&surl=1&safe=active" "Mozilla/5.0 (Windows NT 6.3; Trident/7.0; rv:11.0) like Gecko" "redlug.com"
27.122.115.41 - - [28/Apr/2015:21:13:00 -0700] "GET /cwi.css HTTP/1.1" 404 88 "http://redlug.com/Documents/Ali.htm" "Mozilla/5.0 (Windows NT 6.3; Trident/7.0; rv:11.0) like Gecko" "redlug.com"
31.184.238.152 - - [28/Apr/2015:21:16:33 -0700] "GET /logs/access.log HTTP/1.1" 200 45422 "http://meloxicam-buy-hq.aircus.com" "Mozilla/5.0 (Windows NT 6.2; WOW64) AppleWebKit/537.36 (KHTML, like Gecko) Chrome/32.0.1700.107 Safari/537.36" "redlug.com"
188.165.15.148 - - [28/Apr/2015:21:16:58 -0700] "GET /paper2004JD/0410StuFees.htm HTTP/1.1" 200 1240 "-" "Mozilla/5.0 (compatible; AhrefsBot/5.0; +http://ahrefs.com/robot/)" "redlug.com"
157.55.39.38 - - [28/Apr/2015:21:17:17 -0700] "GET /logs/access_140217.log HTTP/1.1" 404 88 "-" "Mozilla/5.0 (compatible; bingbot/2.0; +http://www.bing.com/bingbot.htm)" "redlug.com"
157.55.39.38 - - [28/Apr/2015:21:17:17 -0700] "GET /voice.htm HTTP/1.1" 200 4417 "-" "Mozilla/5.0 (compatible; bingbot/2.0; +http://www.bing.com/bingbot.htm)" "redlug.com"
157.55.39.38 - - [28/Apr/2015:21:17:17 -0700] "GET /Assorted/BNP.htm HTTP/1.1" 200 4425 "-" "Mozilla/5.0 (compatible; bingbot/2.0; +http://www.bing.com/bingbot.htm)" "redlug.com"
157.55.39.38 - - [28/Apr/2015:21:17:26 -0700] "GET /LabHist/RoleofYouth.htm HTTP/1.1" 200 11450 "-" "Mozilla/5.0 (compatible; bingbot/2.0; +http://www.bing.com/bingbot.htm)" "redlug.com"
31.184.238.152 - - [28/Apr/2015:21:19:01 -0700] "GET /logs/access.log HTTP/1.1" 200 46582 "http://buyzithromaxonlineportugal.soup.io" "Mozilla/5.0 (Windows NT 6.2; WOW64; rv:27.0) Gecko/20100101 Firefox/27.0" "redlug.com"
188.165.15.148 - - [28/Apr/2015:21:19:30 -0700] "GET /logs/access_150408.log HTTP/1.1" 200 474019 "-" "Mozilla/5.0 (compatible; AhrefsBot/5.0; +http://ahrefs.com/robot/)" "redlug.com"
46.235.70.236 - - [28/Apr/2015:21:19:31 -0700] "GET /logs/access.log HTTP/1.1" 200 6589 "http://redlug.com/" "Mozilla/5.0 (Windows NT 6.3) AppleWebKit/537.36 (KHTML, like Gecko) Chrome/39.0.2171.95 Safari/537.36" "redlug.com"
199.21.99.201 - - [28/Apr/2015:21:20:32 -0700] "GET /socview/15Unions.htm HTTP/1.1" 200 6533 "-" "Mozilla/5.0 (compatible; YandexBot/3.0; +http://yandex.com/bots)" "redlug.com"
180.76.5.59 - - [28/Apr/2015:21:28:02 -0700] "GET /Socialist/0501Contents.htm HTTP/1.1" 200 2448 "-" "Mozilla/5.0 (compatible; Baiduspider/2.0; +http://www.baidu.com/search/spider.html)" "www.redlug.com"
31.184.238.152 - - [28/Apr/2015:21:28:41 -0700] "GET /logs/access.log HTTP/1.1" 200 47595 "http://www.theknot.com/wedding/no-and-atorvastatin" "Mozilla/5.0 (Windows NT 5.1) AppleWebKit/537.36 (KHTML, like Gecko) Chrome/33.0.1750.117 Safari/537.36" "redlug.com"
188.165.15.148 - - [28/Apr/2015:21:28:59 -0700] "GET /Thumbnails/thumb-img-SY3years.jpg HTTP/1.1" 200 2766 "-" "Mozilla/5.0 (compatible; AhrefsBot/5.0; +http://ahrefs.com/robot/)" "redlug.com"
188.165.15.148 - - [28/Apr/2015:21:30:39 -0700] "GET /Socialist/0511Ferns.htm HTTP/1.1" 200 2043 "-" "Mozilla/5.0 (compatible; AhrefsBot/5.0; +http://ahrefs.com/robot/)" "redlug.com"
31.184.238.152 - - [28/Apr/2015:21:31:07 -0700] "GET /logs/access.log HTTP/1.1" 200 48232 "http://feldene-order.soup.io" "Mozilla/5.0 (Windows NT 5.1) AppleWebKit/537.36 (KHTML, like Gecko) Chrome/33.0.1750.117 Safari/537.36" "redlug.com"
188.165.15.148 - - [28/Apr/2015:21:35:57 -0700] "GET /paper2003/0310Stop.htm HTTP/1.1" 200 1506 "-" "Mozilla/5.0 (compatible; AhrefsBot/5.0; +http://ahrefs.com/robot/)" "www.redlug.com"
93.79.202.178 - - [28/Apr/2015:21:36:00 -0700] "GET /logs/access_130930.log HTTP/1.1" 404 73 "http://www.galeon.com/orlistat120/allitabs.htm" "Mozilla/5.0 (Windows NT 5.1) AppleWebKit/537.4 (KHTML, like Gecko) Chrome/22.0.1229.94 Safari/537.4" "redlug.com"
93.79.202.178 - - [28/Apr/2015:21:36:01 -0700] "GET /logs/access_130930.log HTTP/1.1" 404 73 "http://www.galeon.com/orlistat120/allitabs.htm" "Mozilla/5.0 (Windows NT 6.1) AppleWebKit/535.12 (KHTML, like Gecko) Maxthon/3.0 Chrome/18.0.966.0 Safari/535.12" "redlug.com"
93.79.202.178 - - [28/Apr/2015:21:36:01 -0700] "GET /access_130930.log HTTP/1.1" 404 73 "http://www.galeon.com/orlistat120/allitabs.htm" "Mozilla/5.0 (Windows NT 6.1) AppleWebKit/535.12 (KHTML, like Gecko) Maxthon/3.0 Chrome/18.0.966.0 Safari/535.12" "redlug.com"
93.79.202.178 - - [28/Apr/2015:21:36:02 -0700] "GET /logs/access_130930.log HTTP/1.1" 404 73 "http://www.galeon.com/orlistat120/allitabs.htm" "Opera/9.80 (Windows NT 5.1; U; ru) Presto/2.10.289 Version/12.02" "redlug.com"
93.79.202.178 - - [28/Apr/2015:21:36:02 -0700] "GET /access_130930.log HTTP/1.1" 404 73 "http://www.galeon.com/orlistat120/allitabs.htm" "Opera/9.80 (Windows NT 5.1; U; ru) Presto/2.10.289 Version/12.02" "redlug.com"
