195.182.157.214 - - [28/Apr/2015:22:59:52 -0700] "GET /A?R=TM1Dy9nD7WKUgwpKgGarxXWmMA8zoS23iwMSRNIZF9ztZ3EyhwjTQJaJOM5u4q/iTOj3GGrYkH8tjsqs6O/O6h1OSfqd8jjPzZuuUNnE9FGPjnHsY914UttRYrIfXGJE1BjRR0ZcClj8L5UJu2lgg0GZ7vzQXH7gsqSEz5pfP0r0p4x2D//MwGXkwM7I3ySDma6ZGUlkGIHyqDbswf8g1Us+Kw0Ov3wgtToT1xII7IQLuJiy3jQSyXVBahWnZeBkBRLgaqKMVwoqmymDNmkpxIOyA3QzHG4AL7qgN9j79cNCw2RP4wbTMqVqipMbqpvHd0QdpMr+DPwT8Pr6WPUkFDl9NEMSkx5MUuMkUoWgGOZ9NL+c+KSswd4XrZrt8X6KNAVvwvrHMD8PDGFyzNIJkrwjOMDPWItBsiNm1FBh1CJvqf2kciJ6SVB0tM08y8wBoG63/d58ebsYYhYwzF5SSr3Yn1amPqTvheSH8sPGLovXn/rB71dci7OYf0RBBneGbWYzBUwT+ePi2UVllZ5ec8gYqi3fSJN5VAdPcKZ5gjIYPPpQviiS9qJTPfQvwNQlY1OZd7aFBBJq51uHUMCrDuSC5sD2WudPiYsVL0S+Tm0VSyAPYpgfVCqkiUofuOfahzBCKn8JbvCrbrfJB8ks3xB4yo04IpNWIWkvG9cDO8APcpN0Ss5DPDBuR2eZ+0yJ4IFXTOUKTsquy8YzVI299pQC3WNbMqKgB4l5ato54P8EWpExXg7mBgR+9qUYquxhTWNervdxWtPuHxJ7Dmkihs3MtBNj3uHKb8R28cu2h HTTP/1.1" 404 73 "-" "Mozilla/4.0 (compatible; MSIE 8.0; Win32)" "redlug.com"
195.182.157.214 - - [28/Apr/2015:22:59:55 -0700] "GET /B?T=Mfy9BFqW4pFPN4nK9cpU3RJwPUxkF8BovQWX97MHU6JL+vXpBjwdJvhST3htbzdb12tHXFngomT2lC+c3Gv7ASeR1tkuypIEoftuQP5IOKwABQxQEjAengRTSCqeLDjXlHUCYvecYuV9bV+2kZ4Ui4Kur05vgkQ58qljGpuE9pQ4MuMIOq42sxc9NMqm/dyRsYggW+hzb0xXoDOIyjAXlyT27CgUt0/D2HYMVgnJ3PTjKQR3wDQzwbhXNuylC6TRC9J0q0AZBsiukrBUK9AdAf20vCo64k+Fjg51P11ILcXuoRhjS/+GBb1CeQltire2HmiHuF3hCT609oaMFkbuEBtbdXqrt/d40tWTrKZHZIVWqeTviBidRCJJcfGT12neK30oCwDqItHGg/0FtRXvwIuSn3/3iyODMZlMK3Xq7+AfwOaQt94vdfB60YtXIcWpzPmHUJC+ArSpubxj1WvZiRywOtHQc/PLBA6Hs5LwPi8EBo/dhdIx6qz4Z7C8QJrBdPETxR7qJrlCaz6DEEuONe8K9kdC3vGmsj8ihTT/25XkXeboWOdRjnXcETGaYMD92zWgxl+63boDIaAVEk7pwXT+QRItttSFUzOCfVIP0Q6FPWS5UthXqIuAGzfWg5L0nxKrt1rziha2fEciEo70IB74PYKeuGcHAOR1KxQMfHYCICM/FL+JPtyCqLAROGRbYwcHBePL3M6n3TwQNgEVmiA7GuaNoduNonoheTLLADVBFysUKJ08uN7iz4mPk71Rv2vO9bRAup1LSahXClIrWwhNlBVpe1rGBWNcasB5JSmKAR8H2r7hMrY+20ZCLCq1Kri HTTP/1.1" 404 73 "-" "Mozilla/4.0 (compatible; MSIE 8.0; Win32)" "redlug.com"
195.182.157.214 - - [28/Apr/2015:23:00:03 -0700] "GET /R?o=mI2UdsLf4BbQhQPU5PMI+KxErQE+8e2mGYLdTegmontqCCE2zmWWP1jwKjLOqx8gFj//lX3WaO3XvfKS0qOW9VG4zSL4RQ2Vfd1iCpa0oLDPeP9LkZbEFKtNaIZlak2GrTxtsO/2Ekzxf2XFbUaE8ncM2xYVj15qHI0iYR1MQqATn24EhncjrEgC8X+E7AOv6Tqcp7G/R4yAg9B8onDPY8R6jW+IZduQwJvSxnqutyuhrba4PJW0h8dG1Ek3bE6Et+P9OfMQ4UCcVfmF4Bor9m7Dy/xrzYi+3QFvDP+ibV5E+IxSzwD6E96tH47/EYhwEKLyqNKjIhPv5O06Q5V/7eYjOzumkmnBRPEXS3ZQDN/KgPiMcvojUX3J49HMl/Z1bzx+BBvRgRrbEchBvpMCyCuK/S0bBqaESHF2+Jxu99frQFUeNJH7NGKK1KC+fl/r4aDm7j8Tl7jgTP/VAfiDgNqQoyEUpYs6Jc0fnUYYxTUPsB0fZe1MfgaqoOVfBrlf75zaC84uIZmlEeQa3eEFOMxtlsHdA3Q7fU8HuW+isg41XveNChco2WjKYuEYtImD2UrK/aOy8/Tnb4dgTAV6+H33Mu3GGhywcphuFIJuV4wKTLjhpt0HSXxyXn7Q0ydy3qBVnc8RzZaRUtAdTMg7NNJ0cDKhsyS5tl4b9LunpxeQtr4mMff3TnvQjaWrG+rGdgr1w+A9XYQwXB6xefJO2BSjXFoBLJqj/5FXNMxaJzbQ3PYzBWiuCo8pfmIvXttmE4ysVWdBYjypV3WWeAi4I/pPrVeccAvjcFJ9R3k9M/lybFzRfQqij9Vk8GCIZQvfc/ROZWris6W91by HTTP/1.1" 404 73 "-" "Mozilla/4.0 (compatible; MSIE 8.0; Win32)" "redlug.com"
84.11.252.150 - - [28/Apr/2015:23:01:32 -0700] "GET /pdf/che_sos.pdf HTTP/1.1" 200 207560 "https://www.google.com.af/" "Mozilla/5.0 (Windows NT 6.1) AppleWebKit/537.36 (KHTML, like Gecko) Chrome/42.0.2311.90 Safari/537.36" "redlug.com"
84.11.252.150 - - [28/Apr/2015:23:02:00 -0700] "GET /pdf/che_sos.pdf HTTP/1.1" 200 207560 "-" "Mozilla/5.0 (Windows NT 6.1) AppleWebKit/537.36 (KHTML, like Gecko) Chrome/42.0.2311.90 Safari/537.36" "redlug.com"
84.11.252.150 - - [28/Apr/2015:23:02:01 -0700] "GET / HTTP/1.1" 200 1272 "-" "Mozilla/5.0 (Windows NT 6.1) AppleWebKit/537.36 (KHTML, like Gecko) Chrome/42.0.2311.90 Safari/537.36" "www.redlug.com"
31.184.238.152 - - [28/Apr/2015:23:02:59 -0700] "GET /logs/access.log HTTP/1.1" 200 152537 "http://gravatar.com/buyaldactone25mglowprice" "Mozilla/5.0 (Windows NT 6.1; WOW64) AppleWebKit/537.36 (KHTML, like Gecko) Chrome/32.0.1700.102 Safari/537.36 OPR/19.0.1326.59" "redlug.com"
31.184.238.152 - - [28/Apr/2015:23:05:20 -0700] "GET /logs/access.log HTTP/1.1" 200 152817 "http://nabumetoned79.forumcircle.com" "Mozilla/5.0 (Windows NT 6.1; WOW64) AppleWebKit/537.36 (KHTML, like Gecko) Chrome/32.0.1700.107 Safari/537.36 OPR/19.0.1326.63" "redlug.com"
188.165.15.148 - - [28/Apr/2015:23:06:49 -0700] "GET /paper2003/0311election2.htm HTTP/1.1" 200 4048 "-" "Mozilla/5.0 (compatible; AhrefsBot/5.0; +http://ahrefs.com/robot/)" "redlug.com"
157.55.39.226 - - [28/Apr/2015:23:06:55 -0700] "GET /paper2004/0405FBU-LP.htm HTTP/1.1" 200 1365 "-" "Mozilla/5.0 (compatible; bingbot/2.0; +http://www.bing.com/bingbot.htm)" "redlug.com"
77.27.19.57 - - [28/Apr/2015:23:09:19 -0700] "GET /logs/access.log HTTP/1.1" 200 153464 "-" "Mozilla/5.0 (X11; Linux x86_64; rv:2.0b8pre) Gecko/20101011 Firefox/4.0b8pre" "redlug.com"
166.137.126.88 - - [28/Apr/2015:23:09:23 -0700] "GET /Documents/Ali.htm HTTP/1.1" 200 8450 "https://www.google.com/" "Mozilla/5.0 (iPhone; CPU iPhone OS 8_2 like Mac OS X) AppleWebKit/600.1.4 (KHTML, like Gecko) Version/8.0 Mobile/12D508 Safari/600.1.4" "redlug.com"
166.137.126.88 - - [28/Apr/2015:23:09:24 -0700] "GET /cwi.css HTTP/1.1" 404 88 "http://redlug.com/Documents/Ali.htm" "Mozilla/5.0 (iPhone; CPU iPhone OS 8_2 like Mac OS X) AppleWebKit/600.1.4 (KHTML, like Gecko) Version/8.0 Mobile/12D508 Safari/600.1.4" "redlug.com"
23.229.27.195 - - [28/Apr/2015:23:10:22 -0700] "GET /logs/access.log HTTP/1.1" 200 66335 "http://redlug.com/" "Mozilla/5.0 (Windows NT 6.2; WOW64; rv:35.0) Gecko/20100101 Firefox/35.0" "redlug.com"
195.154.35.47 - - [28/Apr/2015:23:11:11 -0700] "GET /logs/access.log HTTP/1.1" 200 66391 "http://redlug.com/" "Mozilla/5.0 (Windows NT 6.2; WOW64; rv:35.0) Gecko/20100101 Firefox/35.0" "redlug.com"
70.167.8.42 - - [28/Apr/2015:23:11:23 -0700] "GET /robots.txt HTTP/1.1" 200 535 "-" "izsearch.com" "redlug.com"
70.167.8.42 - - [28/Apr/2015:23:11:23 -0700] "GET /PaperArchive.htm HTTP/1.1" 200 17342 "-" "izsearch.com" "redlug.com"
195.182.157.214 - - [28/Apr/2015:23:11:48 -0700] "GET /P?w=Sw5KyBe/G7b3dFEfXzU8C8RyyM3Vy5Nk5ZZYzHj8ElrzeWT1Zeul27EunmqdODlV906twpjKmVjaTQqacnGVbFPNI/RVf5nnx8c9hGZj++sLRBpBIoNOtpRYfDcmPSa4euYNkeKtCINtLCESByU7Z4xRowVPlXlfmr7xEcz7/hsiW1qtVKLOgX8ZiIFT6kN6gEuTVGggns7Ss3YZ3suZ5ckDVlVwP6PXLJov0E0St/mNOos3Z3suZ5ckDPVlVwP6PXLKsIWM0WLTWlYh63mocbQkOyQckXRGw7bIaNbe63NmEry+BuKXc9wYdi6iw/13uHMK5hMWxa0qIhS3KkKLS5Ot+o8lzCzNNbDTAXXWqyMtvMMRl7TVOEpQHK1/0u6fPhTIbbitcgWWdRezuAHeTy9dkLMmgOvMd5PL5uxLE9w HTTP/1.1" 404 73 "-" "Mozilla/4.0 (compatible; MSIE 8.0; Win32)" "redlug.com"
93.79.202.178 - - [28/Apr/2015:23:12:33 -0700] "GET /logs/access_130930.log HTTP/1.1" 404 73 "http://priligy.mex.tl/" "Mozilla/5.0 (Windows NT 6.1) AppleWebKit/536.11 (KHTML, like Gecko) Chrome/20.0.1132.57 Safari/536.11" "redlug.com"
93.79.202.178 - - [28/Apr/2015:23:12:34 -0700] "GET /logs/access_130930.log HTTP/1.1" 404 73 "http://priligy.mex.tl/" "Mozilla/5.0 (Windows NT 6.1; rv:17.0) Gecko/20100101 Firefox/17.0" "redlug.com"
93.79.202.178 - - [28/Apr/2015:23:12:34 -0700] "GET /access_130930.log HTTP/1.1" 404 73 "http://priligy.mex.tl/" "Mozilla/5.0 (Windows NT 6.1; rv:17.0) Gecko/20100101 Firefox/17.0" "redlug.com"
93.79.202.178 - - [28/Apr/2015:23:12:35 -0700] "GET /logs/access_130930.log HTTP/1.1" 404 89 "http://priligy.mex.tl/" "Opera/9.80 (Windows NT 5.1) Presto/2.12.388 Version/12.10" "redlug.com"
93.79.202.178 - - [28/Apr/2015:23:12:35 -0700] "GET /access_130930.log HTTP/1.1" 404 73 "http://priligy.mex.tl/" "Opera/9.80 (Windows NT 5.1) Presto/2.12.388 Version/12.10" "redlug.com"
93.79.202.178 - - [28/Apr/2015:23:12:35 -0700] "GET /logs/access_130930.log HTTP/1.1" 404 73 "http://priligy.mex.tl/" "Mozilla/5.0 (Windows NT 5.1) AppleWebKit/535.2 (KHTML, like Gecko) Chrome/15.0.874.121 Safari/535.2" "redlug.com"
93.79.202.178 - - [28/Apr/2015:23:12:36 -0700] "GET /access_130930.log HTTP/1.1" 404 73 "http://priligy.mex.tl/" "Mozilla/5.0 (Windows NT 5.1) AppleWebKit/535.2 (KHTML, like Gecko) Chrome/15.0.874.121 Safari/535.2" "redlug.com"
188.165.15.148 - - [28/Apr/2015:23:12:43 -0700] "GET /War/?C=M;O=D HTTP/1.1" 200 737 "-" "Mozilla/5.0 (compatible; AhrefsBot/5.0; +http://ahrefs.com/robot/)" "redlug.com"
100.43.81.129 - - [28/Apr/2015:23:12:50 -0700] "GET /?C=N;O=D HTTP/1.1" 200 1275 "-" "Mozilla/5.0 (compatible; YandexBot/3.0; +http://yandex.com/bots)" "redlug.com"
67.91.64.232 - - [28/Apr/2015:23:13:21 -0700] "GET /logs/access.log HTTP/1.1" 200 67072 "http://redlug.com/" "Mozilla/5.0 (X11; Linux x86_64; rv:21.0) Gecko/20100101 Firefox/21.0" "redlug.com"
67.91.64.232 - - [28/Apr/2015:23:13:22 -0700] "GET /paperarticles/mar02candidates.htm HTTP/1.1" 200 7021 "http://redlug.com/logs/access.log" "Mozilla/5.0 (X11; Linux x86_64; rv:21.0) Gecko/20100101 Firefox/21.0" "redlug.com"
188.165.15.148 - - [28/Apr/2015:23:14:07 -0700] "GET /paper2004JD/0409Dessian.htm HTTP/1.1" 200 1316 "-" "Mozilla/5.0 (compatible; AhrefsBot/5.0; +http://ahrefs.com/robot/)" "www.redlug.com"
31.184.238.152 - - [28/Apr/2015:23:14:20 -0700] "GET /logs/access.log HTTP/1.1" 200 157786 "http://norgestrel9q.over-blog.com" "Mozilla/5.0 (Windows NT 5.1) AppleWebKit/537.36 (KHTML, like Gecko) Chrome/32.0.1700.102 Safari/537.36" "redlug.com"
31.184.238.152 - - [28/Apr/2015:23:16:39 -0700] "GET /logs/access.log HTTP/1.1" 200 158031 "http://orderpropeciaonlinebrazil.soup.io" "Mozilla/5.0 (Windows NT 6.1) AppleWebKit/537.36 (KHTML, like Gecko) Chrome/32.0.1700.102 Safari/537.36" "redlug.com"
31.184.238.152 - - [28/Apr/2015:23:26:20 -0700] "GET /logs/access.log HTTP/1.1" 200 158283 "http://www.theknot.com/wedding/estrace-and-cheap" "Mozilla/5.0 (Windows NT 5.1; rv:27.0) Gecko/20100101 Firefox/27.0" "redlug.com"
31.184.238.152 - - [28/Apr/2015:23:28:46 -0700] "GET /logs/access.log HTTP/1.1" 200 158506 "http://ordermebeverine135mgonlineuk.page.tl" "Mozilla/5.0 (Windows NT 6.1; WOW64) AppleWebKit/537.36 (KHTML, like Gecko) Chrome/32.0.1700.76 Safari/537.36" "redlug.com"
188.165.15.148 - - [28/Apr/2015:23:29:09 -0700] "GET /Leaflets/2003/?C=S;O=A HTTP/1.1" 200 578 "-" "Mozilla/5.0 (compatible; AhrefsBot/5.0; +http://ahrefs.com/robot/)" "redlug.com"
188.165.15.148 - - [28/Apr/2015:23:31:09 -0700] "GET /paper2004/0405FBU-LP.htm HTTP/1.1" 200 1366 "-" "Mozilla/5.0 (compatible; AhrefsBot/5.0; +http://ahrefs.com/robot/)" "www.redlug.com"
188.165.15.148 - - [28/Apr/2015:23:31:27 -0700] "GET /Assorted/FemaleScience.htm HTTP/1.1" 200 5683 "-" "Mozilla/5.0 (compatible; AhrefsBot/5.0; +http://ahrefs.com/robot/)" "redlug.com"
157.55.39.226 - - [28/Apr/2015:23:31:59 -0700] "GET /paper2003/0310AllBins.htm HTTP/1.1" 200 2037 "-" "Mozilla/5.0 (compatible; bingbot/2.0; +http://www.bing.com/bingbot.htm)" "redlug.com"
100.43.85.24 - - [28/Apr/2015:23:34:24 -0700] "GET /paper2003/0306Water.htm HTTP/1.1" 200 2423 "-" "Mozilla/5.0 (compatible; YandexBot/3.0; +http://yandex.com/bots)" "redlug.com"
157.55.39.38 - - [28/Apr/2015:23:34:41 -0700] "GET /logs/access_140314.log HTTP/1.1" 404 88 "-" "Mozilla/5.0 (compatible; bingbot/2.0; +http://www.bing.com/bingbot.htm)" "redlug.com"
192.227.144.242 - - [28/Apr/2015:23:36:03 -0700] "GET /Archive/1972Widgery.htm HTTP/1.1" 200 3673 "http://redlug.com/" "Mozilla/5.0 (Windows NT 6.2; WOW64; rv:35.0) Gecko/20100101 Firefox/35.0" "redlug.com"
192.227.144.242 - - [28/Apr/2015:23:36:03 -0700] "GET /Archive/Contentslist.htm HTTP/1.1" 200 9972 "http://redlug.com/Archive/1972Widgery.htm" "Mozilla/5.0 (Windows NT 6.2; WOW64; rv:35.0) Gecko/20100101 Firefox/35.0" "redlug.com"
193.89.255.146 - - [28/Apr/2015:23:36:06 -0700] "GET /Documents/Ali.htm HTTP/1.1" 200 9185 "https://www.google.dk/" "Mozilla/5.0 (Windows NT 6.3; WOW64) AppleWebKit/537.36 (KHTML, like Gecko) Chrome/42.0.2311.90 Safari/537.36" "redlug.com"
193.89.255.146 - - [28/Apr/2015:23:36:06 -0700] "GET /cwi.css HTTP/1.1" 404 88 "http://redlug.com/Documents/Ali.htm" "Mozilla/5.0 (Windows NT 6.3; WOW64) AppleWebKit/537.36 (KHTML, like Gecko) Chrome/42.0.2311.90 Safari/537.36" "redlug.com"
31.184.238.152 - - [28/Apr/2015:23:38:19 -0700] "GET /logs/access.log HTTP/1.1" 200 160792 "http://buycloxacillin500mgonlinelowprice.soup.io" "Mozilla/5.0 (Windows NT 5.1) AppleWebKit/537.36 (KHTML, like Gecko) Chrome/33.0.1750.117 Safari/537.36" "redlug.com"
117.169.1.214 - - [28/Apr/2015:23:38:24 -0700] "GET /logs/access.log HTTP/1.1" 200 67399 "http://redlug.com/" "Mozilla/5.0 (Windows NT 6.3) AppleWebKit/537.36 (KHTML, like Gecko) Chrome/39.0.2171.95 Safari/537.36" "redlug.com"
188.165.15.148 - - [28/Apr/2015:23:38:40 -0700] "GET /NHS/?C=M;O=A HTTP/1.1" 200 451 "-" "Mozilla/5.0 (compatible; AhrefsBot/5.0; +http://ahrefs.com/robot/)" "redlug.com"
217.69.136.210 - - [28/Apr/2015:23:39:11 -0700] "GET /robots.txt HTTP/1.1" 200 37 "-" "Mozilla/5.0 (compatible; Linux x86_64; Mail.RU_Bot/2.0; +http://go.mail.ru/help/robots)" "www.redlug.com"
217.69.136.203 - - [28/Apr/2015:23:39:12 -0700] "GET /War/LetterHome.htm HTTP/1.1" 200 2009 "-" "Mozilla/5.0 (compatible; Linux x86_64; Mail.RU_Bot/2.0; +http://go.mail.ru/help/robots)" "www.redlug.com"
31.184.238.152 - - [28/Apr/2015:23:40:51 -0700] "GET /logs/access.log HTTP/1.1" 200 161846 "http://order-donepezil-10mg.soup.io" "Mozilla/5.0 (Windows NT 6.0) AppleWebKit/537.36 (KHTML, like Gecko) Chrome/32.0.1700.107 Safari/537.36" "redlug.com"
180.76.5.58 - - [28/Apr/2015:23:44:45 -0700] "GET /Election/Joeletterwater.doc HTTP/1.1" 200 25600 "-" "Mozilla/5.0 (compatible; Baiduspider/2.0; +http://www.baidu.com/search/spider.html)" "www.redlug.com"
93.79.202.178 - - [28/Apr/2015:23:48:47 -0700] "GET /logs/access_130930.log HTTP/1.1" 404 73 "http://eflornithine-uk.aircus.com/" "Mozilla/5.0 (Windows NT 6.0) AppleWebKit/537.11 (KHTML, like Gecko) Chrome/23.0.1271.91 Safari/537.11" "redlug.com"
93.79.202.178 - - [28/Apr/2015:23:48:47 -0700] "GET /logs/access_130930.log HTTP/1.1" 404 73 "http://eflornithine-uk.aircus.com/" "Opera/9.80 (Windows NT 5.1; U; ru) Presto/2.9.168 Version/11.50" "redlug.com"
93.79.202.178 - - [28/Apr/2015:23:48:48 -0700] "GET /access_130930.log HTTP/1.1" 404 73 "http://eflornithine-uk.aircus.com/" "Opera/9.80 (Windows NT 5.1; U; ru) Presto/2.9.168 Version/11.50" "redlug.com"
93.79.202.178 - - [28/Apr/2015:23:48:48 -0700] "GET /logs/access_130930.log HTTP/1.1" 404 73 "http://eflornithine-uk.aircus.com/" "Mozilla/5.0 (Windows NT 5.1; rv:11.0) Gecko/20100101 Firefox/11.0" "redlug.com"
93.79.202.178 - - [28/Apr/2015:23:48:49 -0700] "GET /access_130930.log HTTP/1.1" 404 73 "http://eflornithine-uk.aircus.com/" "Mozilla/5.0 (Windows NT 5.1; rv:11.0) Gecko/20100101 Firefox/11.0" "redlug.com"
93.79.202.178 - - [28/Apr/2015:23:48:49 -0700] "GET /logs/access_130930.log HTTP/1.1" 404 73 "http://eflornithine-uk.aircus.com/" "Mozilla/5.0 (Windows NT 5.1; rv:13.0) Gecko/20100101 Firefox/13.0.1" "redlug.com"
93.79.202.178 - - [28/Apr/2015:23:48:49 -0700] "GET /access_130930.log HTTP/1.1" 404 73 "http://eflornithine-uk.aircus.com/" "Mozilla/5.0 (Windows NT 5.1; rv:13.0) Gecko/20100101 Firefox/13.0.1" "redlug.com"
182.52.40.43 - - [28/Apr/2015:23:49:11 -0700] "GET /logs/access.log HTTP/1.1" 200 68054 "http://redlug.com/" "Mozilla/5.0 (Windows NT 6.3) AppleWebKit/537.36 (KHTML, like Gecko) Chrome/39.0.2171.95 Safari/537.36" "redlug.com"
188.165.15.148 - - [28/Apr/2015:23:49:32 -0700] "GET /paperarticles/0302Korea.htm HTTP/1.1" 200 2585 "-" "Mozilla/5.0 (compatible; AhrefsBot/5.0; +http://ahrefs.com/robot/)" "redlug.com"
31.184.238.152 - - [28/Apr/2015:23:50:43 -0700] "GET /logs/access.log HTTP/1.1" 200 164210 "http://orderprotonix20mgonlinewithoutrx.soup.io" "Mozilla/5.0 (Windows NT 6.1) AppleWebKit/537.36 (KHTML, like Gecko) Chrome/33.0.1750.117 Safari/537.36" "redlug.com"
31.184.238.152 - - [28/Apr/2015:23:53:05 -0700] "GET /logs/access.log HTTP/1.1" 200 164469 "http://order-etodolac.over-blog.com" "Opera/9.80 (Windows NT 6.1) Presto/2.12.388 Version/12.16" "redlug.com"
207.46.13.68 - - [28/Apr/2015:23:54:22 -0700] "GET /paper2004/0402antiracism.htm HTTP/1.1" 200 1572 "-" "Mozilla/5.0 (compatible; bingbot/2.0; +http://www.bing.com/bingbot.htm)" "redlug.com"
207.46.13.68 - - [28/Apr/2015:23:54:22 -0700] "GET /cwi/Che40Ann.htm HTTP/1.1" 200 10044 "-" "Mozilla/5.0 (compatible; bingbot/2.0; +http://www.bing.com/bingbot.htm)" "redlug.com"
100.43.91.25 - - [28/Apr/2015:23:57:54 -0700] "GET /paper2003/0306Aust.htm HTTP/1.1" 200 3960 "-" "Mozilla/5.0 (compatible; YandexBot/3.0; +http://yandex.com/bots)" "redlug.com"
94.23.32.130 - - [28/Apr/2015:23:59:03 -0700] "GET /logs/access_130709.log HTTP/1.1" 404 88 "http://redlug.com/" "Mozilla/5.0 (Windows NT 6.2; WOW64; rv:35.0) Gecko/20100101 Firefox/35.0" "redlug.com"
94.23.32.130 - - [28/Apr/2015:23:59:03 -0700] "GET / HTTP/1.1" 200 1272 "http://redlug.com" "Mozilla/5.0 (Windows NT 6.2; WOW64; rv:35.0) Gecko/20100101 Firefox/35.0" "redlug.com"
180.76.5.170 - - [28/Apr/2015:23:59:45 -0700] "GET /IntLeftNews/?C=S;O=D HTTP/1.1" 200 453 "-" "Mozilla/5.0 (compatible; Baiduspider/2.0; +http://www.baidu.com/search/spider.html)" "www.redlug.com"
188.165.15.148 - - [29/Apr/2015:00:00:21 -0700] "GET /Assorted/NUMhelp.htm HTTP/1.1" 200 1628 "-" "Mozilla/5.0 (compatible; AhrefsBot/5.0; +http://ahrefs.com/robot/)" "www.redlug.com"
188.165.15.148 - - [29/Apr/2015:00:00:32 -0700] "GET /Socialist/0511School.htm HTTP/1.1" 200 1375 "-" "Mozilla/5.0 (compatible; AhrefsBot/5.0; +http://ahrefs.com/robot/)" "www.redlug.com"
188.165.15.148 - - [29/Apr/2015:00:01:49 -0700] "GET /paper2004/0405NIEuro.htm HTTP/1.1" 200 2570 "-" "Mozilla/5.0 (compatible; AhrefsBot/5.0; +http://ahrefs.com/robot/)" "redlug.com"
31.184.238.152 - - [29/Apr/2015:00:02:51 -0700] "GET /logs/access.log HTTP/1.1" 200 166355 "http://6f7indocin.forumcircle.com" "Mozilla/5.0 (Windows NT 6.3; WOW64) AppleWebKit/537.36 (KHTML, like Gecko) Chrome/33.0.1750.146 Safari/537.36" "redlug.com"
31.184.238.152 - - [29/Apr/2015:00:05:22 -0700] "GET /logs/access.log HTTP/1.1" 200 166607 "http://buyfamvir500mgbrazil.soup.io" "Mozilla/5.0 (Windows NT 5.1; rv:26.0) Gecko/20100101 Firefox/26.0" "redlug.com"
84.104.16.37 - - [29/Apr/2015:00:09:02 -0700] "GET /paper2004/0401MEast.htm HTTP/1.1" 200 4681 "-" "Mozilla/5.0 (compatible; MJ12bot/v1.4.5; http://www.majestic12.co.uk/bot.php?+)" "redlug.com"
84.104.16.37 - - [29/Apr/2015:00:09:05 -0700] "GET /paper2004/0402CS2.htm HTTP/1.1" 200 1909 "-" "Mozilla/5.0 (compatible; MJ12bot/v1.4.5; http://www.majestic12.co.uk/bot.php?+)" "redlug.com"
84.104.16.37 - - [29/Apr/2015:00:09:08 -0700] "GET /paper2004/0402Creche.htm HTTP/1.1" 200 2872 "-" "Mozilla/5.0 (compatible; MJ12bot/v1.4.5; http://www.majestic12.co.uk/bot.php?+)" "redlug.com"
84.104.16.37 - - [29/Apr/2015:00:09:11 -0700] "GET /paper2004/0402Derwin.htm HTTP/1.1" 200 1482 "-" "Mozilla/5.0 (compatible; MJ12bot/v1.4.5; http://www.majestic12.co.uk/bot.php?+)" "redlug.com"
84.104.16.37 - - [29/Apr/2015:00:09:16 -0700] "GET /paper2004/0402INTO.htm HTTP/1.1" 200 2223 "-" "Mozilla/5.0 (compatible; MJ12bot/v1.4.5; http://www.majestic12.co.uk/bot.php?+)" "redlug.com"
84.104.16.37 - - [29/Apr/2015:00:09:22 -0700] "GET /paper2004/0402Incin.htm HTTP/1.1" 200 1603 "-" "Mozilla/5.0 (compatible; MJ12bot/v1.4.5; http://www.majestic12.co.uk/bot.php?+)" "redlug.com"
84.104.16.37 - - [29/Apr/2015:00:09:25 -0700] "GET /paper2004/0402JH.htm HTTP/1.1" 200 2250 "-" "Mozilla/5.0 (compatible; MJ12bot/v1.4.5; http://www.majestic12.co.uk/bot.php?+)" "redlug.com"
84.104.16.37 - - [29/Apr/2015:00:09:28 -0700] "GET /paper2004/0402News.htm HTTP/1.1" 200 1667 "-" "Mozilla/5.0 (compatible; MJ12bot/v1.4.5; http://www.majestic12.co.uk/bot.php?+)" "redlug.com"
84.104.16.37 - - [29/Apr/2015:00:09:31 -0700] "GET /paper2004/0402Omagh.htm HTTP/1.1" 200 1273 "-" "Mozilla/5.0 (compatible; MJ12bot/v1.4.5; http://www.majestic12.co.uk/bot.php?+)" "redlug.com"
84.104.16.37 - - [29/Apr/2015:00:09:34 -0700] "GET /paper2004/0402Post.htm HTTP/1.1" 200 1614 "-" "Mozilla/5.0 (compatible; MJ12bot/v1.4.5; http://www.majestic12.co.uk/bot.php?+)" "redlug.com"
84.104.16.37 - - [29/Apr/2015:00:09:38 -0700] "GET /paper2004/0402Prison.htm HTTP/1.1" 200 1404 "-" "Mozilla/5.0 (compatible; MJ12bot/v1.4.5; http://www.majestic12.co.uk/bot.php?+)" "redlug.com"
84.104.16.37 - - [29/Apr/2015:00:09:41 -0700] "GET /paper2004/0402Racism.htm HTTP/1.1" 200 2931 "-" "Mozilla/5.0 (compatible; MJ12bot/v1.4.5; http://www.majestic12.co.uk/bot.php?+)" "redlug.com"
84.104.16.37 - - [29/Apr/2015:00:09:46 -0700] "GET /paper2004/0404Collusion.htm HTTP/1.1" 200 2882 "-" "Mozilla/5.0 (compatible; MJ12bot/v1.4.5; http://www.majestic12.co.uk/bot.php?+)" "redlug.com"
84.104.16.37 - - [29/Apr/2015:00:09:48 -0700] "GET /paper2004/0404MEast.htm HTTP/1.1" 200 2333 "-" "Mozilla/5.0 (compatible; MJ12bot/v1.4.5; http://www.majestic12.co.uk/bot.php?+)" "redlug.com"
68.180.229.38 - - [29/Apr/2015:00:12:49 -0700] "GET /home HTTP/1.1" 200 3040 "-" "Mozilla/5.0 (compatible; Yahoo! Slurp; http://help.yahoo.com/help/us/ysearch/slurp)" "redlug.com"
180.76.5.177 - - [29/Apr/2015:00:14:45 -0700] "GET /pdf/ys_spring01.pdf HTTP/1.1" 200 339252 "-" "Mozilla/5.0 (compatible; Baiduspider/2.0; +http://www.baidu.com/search/spider.html)" "www.redlug.com"
31.184.238.152 - - [29/Apr/2015:00:14:52 -0700] "GET /logs/access.log HTTP/1.1" 200 169913 "http://d7nchlorambucil2mg.over-blog.com" "Mozilla/5.0 (Windows NT 6.3; WOW64; rv:26.0) Gecko/20100101 Firefox/26.0" "redlug.com"
31.184.238.152 - - [29/Apr/2015:00:17:19 -0700] "GET /logs/access.log HTTP/1.1" 200 170134 "http://perindopril1hv.over-blog.com" "Mozilla/5.0 (Windows NT 6.3; WOW64) AppleWebKit/537.36 (KHTML, like Gecko) Chrome/33.0.1750.146 Safari/537.36" "redlug.com"
100.43.90.11 - - [29/Apr/2015:00:17:16 -0700] "GET /logs/access_140911.log HTTP/1.1" 200 1509649 "-" "Mozilla/5.0 (compatible; YandexBot/3.0; +http://yandex.com/bots)" "redlug.com"
100.43.90.10 - - [29/Apr/2015:00:17:29 -0700] "GET /Assorted/ HTTP/1.1" 200 1199 "-" "Mozilla/5.0 (compatible; YandexBot/3.0; +http://yandex.com/bots)" "redlug.com"
93.79.202.178 - - [29/Apr/2015:00:21:15 -0700] "GET /logs/access_130930.log HTTP/1.1" 404 73 "http://www.galeon.com/orlistat120/allitabs.htm" "Mozilla/5.0 (Windows NT 6.1; WOW64) AppleWebKit/535.19 (KHTML, like Gecko) Chrome/18.0.1025.1634 Safari/535.19 YI" "redlug.com"
93.79.202.178 - - [29/Apr/2015:00:21:16 -0700] "GET /logs/access_130930.log HTTP/1.1" 404 73 "http://www.galeon.com/orlistat120/allitabs.htm" "Mozilla/5.0 (Windows NT 6.1) AppleWebKit/537.11 (KHTML, like Gecko) Chrome/23.0.1271.91 Safari/537.11" "redlug.com"
93.79.202.178 - - [29/Apr/2015:00:21:16 -0700] "GET /access_130930.log HTTP/1.1" 404 89 "http://www.galeon.com/orlistat120/allitabs.htm" "Mozilla/5.0 (Windows NT 6.1) AppleWebKit/537.11 (KHTML, like Gecko) Chrome/23.0.1271.91 Safari/537.11" "redlug.com"
93.79.202.178 - - [29/Apr/2015:00:21:16 -0700] "GET /logs/access_130930.log HTTP/1.1" 404 73 "http://www.galeon.com/orlistat120/allitabs.htm" "Opera/9.80 (Windows NT 5.1; U; Edition Yx; ru) Presto/2.10.289 Version/12.02" "redlug.com"
93.79.202.178 - - [29/Apr/2015:00:21:17 -0700] "GET /access_130930.log HTTP/1.1" 404 73 "http://www.galeon.com/orlistat120/allitabs.htm" "Opera/9.80 (Windows NT 5.1; U; Edition Yx; ru) Presto/2.10.289 Version/12.02" "redlug.com"
93.79.202.178 - - [29/Apr/2015:00:21:17 -0700] "GET /logs/access_130930.log HTTP/1.1" 404 73 "http://www.galeon.com/orlistat120/allitabs.htm" "Opera/9.80 (Windows NT 6.1; MRA 6.0 (build 5970)) Presto/2.12.388 Version/12.11" "redlug.com"
93.79.202.178 - - [29/Apr/2015:00:21:18 -0700] "GET /access_130930.log HTTP/1.1" 404 73 "http://www.galeon.com/orlistat120/allitabs.htm" "Opera/9.80 (Windows NT 6.1; MRA 6.0 (build 5970)) Presto/2.12.388 Version/12.11" "redlug.com"
217.69.133.223 - - [29/Apr/2015:00:23:47 -0700] "GET /robots.txt HTTP/1.1" 200 37 "-" "Mozilla/5.0 (compatible; Linux x86_64; Mail.RU_Bot/2.0; +http://go.mail.ru/help/robots)" "www.redlug.com"
217.69.133.68 - - [29/Apr/2015:00:23:48 -0700] "GET /Bins/StateSlur.htm HTTP/1.1" 200 1325 "-" "Mozilla/5.0 (compatible; Linux x86_64; Mail.RU_Bot/2.0; +http://go.mail.ru/help/robots)" "www.redlug.com"
213.191.146.46 - - [29/Apr/2015:00:26:34 -0700] "GET /logs/access.log HTTP/1.1" 200 68814 "http://www.google.hr/url?url=http://redlug.com/logs/access.log&rct=j&q=&esrc=s&sa=U&ei=qIdAVaTOKIKUaobSgcgP&ved=0CBIQFjAA&sig2=OvvWMgEEdc-IKqdBmEtyAA&usg=AFQjCNEq8MuFZGLW9Rru6E2JqIECuD0Fyg" "Opera/9.80 (Windows NT 6.1; WOW64) Presto/2.12.388 Version/12.17" "redlug.com"
148.251.69.136 - - [29/Apr/2015:00:26:52 -0700] "GET /socview/0306SCW.htm HTTP/1.1" 200 12079 "-" "Mozilla/5.0 (Windows NT 6.2; rv:16.0) Gecko/20100101 Firefox/16.0" "redlug.com"
31.184.238.152 - - [29/Apr/2015:00:27:04 -0700] "GET /logs/access.log HTTP/1.1" 200 173385 "http://www.theknot.com/wedding/clozapine-and-quick" "Mozilla/5.0 (Windows NT 6.1) AppleWebKit/537.36 (KHTML, like Gecko) Chrome/32.0.1700.76 Safari/537.36" "redlug.com"
31.184.238.152 - - [29/Apr/2015:00:29:26 -0700] "GET /logs/access.log HTTP/1.1" 200 173646 "http://buy-glucotrol-5mg-cheap.soup.io" "Mozilla/5.0 (Windows NT 5.1) AppleWebKit/537.36 (KHTML, like Gecko) Chrome/32.0.1700.76 Safari/537.36" "redlug.com"
94.153.9.66 - - [29/Apr/2015:00:36:24 -0700] "GET /Archive/ HTTP/1.1" 200 15496 "http://idkredit.com/" "Mozilla/4.0 (compatible; MSIE 5.5; Windows NT 4.0)" "redlug.com"
94.153.9.66 - - [29/Apr/2015:00:36:26 -0700] "GET /Archive/ HTTP/1.1" 200 15496 "http://idkredit.com/" "Mozilla/4.0 (compatible; MSIE 5.5; Windows NT 4.0)" "redlug.com"
94.153.9.66 - - [29/Apr/2015:00:36:30 -0700] "GET /Archive/ HTTP/1.1" 200 15496 "http://idkredit.com/" "Mozilla/4.0 (compatible; MSIE 5.5; Windows NT 4.0)" "redlug.com"
31.184.238.152 - - [29/Apr/2015:00:39:09 -0700] "GET /logs/access.log HTTP/1.1" 200 174402 "http://orderziprasidone20mglowprice.soup.io" "Mozilla/5.0 (Windows NT 6.0) AppleWebKit/537.36 (KHTML, like Gecko) Chrome/32.0.1700.107 Safari/537.36" "redlug.com"
117.166.105.219 - - [29/Apr/2015:00:40:01 -0700] "GET /logs/access.log HTTP/1.1" 200 69596 "http://redlug.com/" "Mozilla/5.0 (Windows NT 6.3) AppleWebKit/537.36 (KHTML, like Gecko) Chrome/39.0.2171.95 Safari/537.36" "redlug.com"
100.43.81.131 - - [29/Apr/2015:00:40:51 -0700] "GET /logs/access_141124.log HTTP/1.1" 200 1171563 "-" "Mozilla/5.0 (compatible; YandexBot/3.0; +http://yandex.com/bots)" "redlug.com"
23.229.30.164 - - [29/Apr/2015:00:45:00 -0700] "GET /logs/access.log HTTP/1.1" 200 69230 "http://redlug.com/" "Mozilla/5.0 (Windows NT 6.3) AppleWebKit/537.36 (KHTML, like Gecko) Chrome/39.0.2171.95 Safari/537.36" "redlug.com"
23.94.173.7 - - [29/Apr/2015:00:46:13 -0700] "GET /logs/access.log HTTP/1.1" 200 69251 "http://redlug.com/" "Mozilla/5.0 (Windows NT 6.3) AppleWebKit/537.36 (KHTML, like Gecko) Chrome/39.0.2171.95 Safari/537.36" "redlug.com"
31.184.238.152 - - [29/Apr/2015:00:51:06 -0700] "GET /logs/access.log HTTP/1.1" 200 175520 "http://buy-eriacta-100mg-safely.soup.io" "Mozilla/5.0 (Windows NT 6.3; WOW64; rv:27.0) Gecko/20100101 Firefox/27.0" "redlug.com"
23.229.34.153 - - [29/Apr/2015:00:51:42 -0700] "GET /logs/access.log HTTP/1.1" 200 69747 "http://redlug.com/" "Mozilla/5.0 (Windows NT 6.3) AppleWebKit/537.36 (KHTML, like Gecko) Chrome/39.0.2171.95 Safari/537.36" "redlug.com"
188.165.15.148 - - [29/Apr/2015:00:52:48 -0700] "GET /paper2003/0307Planners HTTP/1.1" 200 1382 "-" "Mozilla/5.0 (compatible; AhrefsBot/5.0; +http://ahrefs.com/robot/)" "redlug.com"
93.79.202.178 - - [29/Apr/2015:00:52:54 -0700] "GET /logs/access_130930.log HTTP/1.1" 404 73 "http://buy-vaniqa-cream.tumblr.com/" "Opera/9.80 (Windows NT 5.1) Presto/2.12.388 Version/12.11" "redlug.com"
93.79.202.178 - - [29/Apr/2015:00:52:54 -0700] "GET /logs/access_130930.log HTTP/1.1" 404 73 "http://buy-vaniqa-cream.tumblr.com/" "Mozilla/5.0 (compatible; MSIE 9.0; Windows NT 6.1; WOW64; Trident/5.0)" "redlug.com"
93.79.202.178 - - [29/Apr/2015:00:52:55 -0700] "GET /access_130930.log HTTP/1.1" 404 73 "http://buy-vaniqa-cream.tumblr.com/" "Mozilla/5.0 (compatible; MSIE 9.0; Windows NT 6.1; WOW64; Trident/5.0)" "redlug.com"
93.79.202.178 - - [29/Apr/2015:00:52:55 -0700] "GET /logs/access_130930.log HTTP/1.1" 404 73 "http://buy-vaniqa-cream.tumblr.com/" "Mozilla/5.0 (Windows NT 6.0) AppleWebKit/537.1 (KHTML, like Gecko) Chrome/21.0.1180.89 Safari/537.1" "redlug.com"
93.79.202.178 - - [29/Apr/2015:00:52:56 -0700] "GET /access_130930.log HTTP/1.1" 404 73 "http://buy-vaniqa-cream.tumblr.com/" "Mozilla/5.0 (Windows NT 6.0) AppleWebKit/537.1 (KHTML, like Gecko) Chrome/21.0.1180.89 Safari/537.1" "redlug.com"
93.79.202.178 - - [29/Apr/2015:00:52:56 -0700] "GET /logs/access_130930.log HTTP/1.1" 404 73 "http://buy-vaniqa-cream.tumblr.com/" "Mozilla/5.0 (Windows; U; Windows NT 6.1; ru; rv:1.9.2.28) Gecko/20120306 Firefox/3.6.28 sputnik 2.5.2.8" "redlug.com"
93.79.202.178 - - [29/Apr/2015:00:52:56 -0700] "GET /access_130930.log HTTP/1.1" 404 73 "http://buy-vaniqa-cream.tumblr.com/" "Mozilla/5.0 (Windows; U; Windows NT 6.1; ru; rv:1.9.2.28) Gecko/20120306 Firefox/3.6.28 sputnik 2.5.2.8" "redlug.com"
31.184.238.152 - - [29/Apr/2015:00:53:27 -0700] "GET /logs/access.log HTTP/1.1" 200 177765 "http://olanzapine7pw.forumcircle.com" "Mozilla/5.0 (Windows NT 6.2; WOW64) AppleWebKit/537.36 (KHTML, like Gecko) Chrome/32.0.1700.76 Safari/537.36" "redlug.com"
157.55.39.38 - - [29/Apr/2015:00:56:37 -0700] "GET /paper2003/0307Planners HTTP/1.1" 200 1381 "-" "Mozilla/5.0 (compatible; bingbot/2.0; +http://www.bing.com/bingbot.htm)" "redlug.com"
157.55.39.38 - - [29/Apr/2015:00:56:37 -0700] "GET /LabHist/JungleReview.htm HTTP/1.1" 200 3938 "-" "Mozilla/5.0 (compatible; bingbot/2.0; +http://www.bing.com/bingbot.htm)" "redlug.com"
157.55.39.38 - - [29/Apr/2015:00:56:37 -0700] "GET /cwi/NewParty3.htm HTTP/1.1" 200 4405 "-" "Mozilla/5.0 (compatible; bingbot/2.0; +http://www.bing.com/bingbot.htm)" "redlug.com"
157.55.39.38 - - [29/Apr/2015:01:00:08 -0700] "GET /Assorted/LPReview0406.htm HTTP/1.1" 200 4068 "-" "Mozilla/5.0 (compatible; bingbot/2.0; +http://www.bing.com/bingbot.htm)" "redlug.com"
157.55.39.38 - - [29/Apr/2015:01:00:08 -0700] "GET /youth.htm HTTP/1.1" 200 6786 "-" "Mozilla/5.0 (compatible; bingbot/2.0; +http://www.bing.com/bingbot.htm)" "redlug.com"
157.55.39.38 - - [29/Apr/2015:01:00:08 -0700] "GET /cwi/CWISweden30.htm HTTP/1.1" 200 8786 "-" "Mozilla/5.0 (compatible; bingbot/2.0; +http://www.bing.com/bingbot.htm)" "redlug.com"
157.55.39.38 - - [29/Apr/2015:01:00:08 -0700] "GET /cwi/CartoonRiots.htm HTTP/1.1" 200 10275 "-" "Mozilla/5.0 (compatible; bingbot/2.0; +http://www.bing.com/bingbot.htm)" "redlug.com"
157.55.39.38 - - [29/Apr/2015:01:00:08 -0700] "GET /LabHist/?C=M;O=A HTTP/1.1" 200 1348 "-" "Mozilla/5.0 (compatible; bingbot/2.0; +http://www.bing.com/bingbot.htm)" "redlug.com"
157.55.39.38 - - [29/Apr/2015:01:00:09 -0700] "GET /?S=A HTTP/1.1" 200 1272 "-" "Mozilla/5.0 (compatible; bingbot/2.0; +http://www.bing.com/bingbot.htm)" "redlug.com"
157.55.39.38 - - [29/Apr/2015:01:00:09 -0700] "GET /images/?C=D;O=A HTTP/1.1" 200 1939 "-" "Mozilla/5.0 (compatible; bingbot/2.0; +http://www.bing.com/bingbot.htm)" "redlug.com"
157.55.39.38 - - [29/Apr/2015:01:00:10 -0700] "GET /cwi/Venezuela.htm HTTP/1.1" 200 8303 "-" "Mozilla/5.0 (compatible; bingbot/2.0; +http://www.bing.com/bingbot.htm)" "redlug.com"
157.55.39.38 - - [29/Apr/2015:01:00:10 -0700] "GET /cwi/ChinaNQ3.htm HTTP/1.1" 200 7322 "-" "Mozilla/5.0 (compatible; bingbot/2.0; +http://www.bing.com/bingbot.htm)" "redlug.com"
157.55.39.38 - - [29/Apr/2015:01:00:10 -0700] "GET /images/ HTTP/1.1" 200 1939 "-" "Mozilla/5.0 (compatible; bingbot/2.0; +http://www.bing.com/bingbot.htm)" "redlug.com"
52.17.182.48 - - [29/Apr/2015:01:01:15 -0700] "GET / HTTP/1.1" 200 9589 "-" "Mozilla/5.0 (Macintosh; Intel Mac OS X 10_9_5) AppleWebKit/537.36 (KHTML, like Gecko) Chrome/38.0.2125.122 Safari/537.36" "redlug.com"
23.229.30.164 - - [29/Apr/2015:01:02:08 -0700] "GET /logs/access.log HTTP/1.1" 200 70278 "http://redlug.com/" "Mozilla/5.0 (Windows NT 6.3) AppleWebKit/537.36 (KHTML, like Gecko) Chrome/39.0.2171.95 Safari/537.36" "redlug.com"
100.43.85.1 - - [29/Apr/2015:01:02:23 -0700] "GET /images/refimage.htm HTTP/1.1" 200 395 "-" "Mozilla/5.0 (compatible; YandexBot/3.0; +http://yandex.com/bots)" "redlug.com"
31.184.238.152 - - [29/Apr/2015:01:03:31 -0700] "GET /logs/access.log HTTP/1.1" 200 180962 "http://propecia1mggm.forumcircle.com" "Mozilla/5.0 (Windows NT 5.1) AppleWebKit/537.36 (KHTML, like Gecko) Chrome/32.0.1700.76 Safari/537.36" "redlug.com"
31.184.238.152 - - [29/Apr/2015:01:05:50 -0700] "GET /logs/access.log HTTP/1.1" 200 181209 "http://order-indocin-online.soup.io" "Mozilla/5.0 (Windows NT 6.3; WOW64) AppleWebKit/537.36 (KHTML, like Gecko) Chrome/33.0.1750.146 Safari/537.36" "redlug.com"
153.65.16.10 - - [29/Apr/2015:01:09:34 -0700] "GET /logs/access.log HTTP/1.1" 200 70388 "https://www.google.com/" "Mozilla/5.0 (Windows NT 6.1; WOW64) AppleWebKit/537.36 (KHTML, like Gecko) Chrome/42.0.2311.90 Safari/537.36" "redlug.com"
77.27.19.57 - - [29/Apr/2015:01:14:22 -0700] "GET /logs/access.log HTTP/1.1" 200 181701 "-" "Mozilla/5.0 (X11; Linux x86_64; rv:2.0b8pre) Gecko/20101011 Firefox/4.0b8pre" "redlug.com"
31.184.238.152 - - [29/Apr/2015:01:15:36 -0700] "GET /logs/access.log HTTP/1.1" 200 181885 "http://buy-ticlid-cheap.soup.io" "Mozilla/5.0 (Windows NT 6.1; WOW64) AppleWebKit/537.36 (KHTML, like Gecko) Chrome/32.0.1700.76 Safari/537.36" "redlug.com"
157.55.39.38 - - [29/Apr/2015:01:17:06 -0700] "GET /Socialist/05MayEdCuts.htm HTTP/1.1" 200 2289 "-" "Mozilla/5.0 (compatible; bingbot/2.0; +http://www.bing.com/bingbot.htm)" "redlug.com"
31.184.238.152 - - [29/Apr/2015:01:18:05 -0700] "GET /logs/access.log HTTP/1.1" 200 182322 "http://buydipyridamole25mgfr.over-blog.com" "Mozilla/5.0 (Windows NT 5.1) AppleWebKit/537.36 (KHTML, like Gecko) Chrome/33.0.1750.117 Safari/537.36" "redlug.com"
188.165.15.148 - - [29/Apr/2015:01:21:24 -0700] "GET /paperarticles/0302YaW.htm HTTP/1.1" 200 3969 "-" "Mozilla/5.0 (compatible; AhrefsBot/5.0; +http://ahrefs.com/robot/)" "www.redlug.com"
100.43.81.131 - - [29/Apr/2015:01:23:56 -0700] "GET /pdf/left_unity.pdf HTTP/1.1" 200 352243 "-" "Mozilla/5.0 (compatible; YandexBot/3.0; +http://yandex.com/bots)" "redlug.com"
93.79.202.178 - - [29/Apr/2015:01:24:19 -0700] "GET /logs/access_130930.log HTTP/1.1" 404 73 "http://eflornithine-uk.aircus.com/" "Opera/9.80 (Windows NT 6.1; WOW64; MRA 8.0 (build 5880)) Presto/2.12.388 Version/12.11" "redlug.com"
93.79.202.178 - - [29/Apr/2015:01:24:20 -0700] "GET /logs/access_130930.log HTTP/1.1" 404 73 "http://eflornithine-uk.aircus.com/" "Mozilla/5.0 (Windows NT 5.2; rv:17.0) Gecko/20100101 Firefox/17.0" "redlug.com"
93.79.202.178 - - [29/Apr/2015:01:24:20 -0700] "GET /access_130930.log HTTP/1.1" 404 73 "http://eflornithine-uk.aircus.com/" "Mozilla/5.0 (Windows NT 5.2; rv:17.0) Gecko/20100101 Firefox/17.0" "redlug.com"
93.79.202.178 - - [29/Apr/2015:01:24:21 -0700] "GET /logs/access_130930.log HTTP/1.1" 404 73 "http://eflornithine-uk.aircus.com/" "Opera/9.80 (Windows NT 5.1; U; Edition Yx; ru) Presto/2.10.289 Version/12.02" "redlug.com"
93.79.202.178 - - [29/Apr/2015:01:24:21 -0700] "GET /access_130930.log HTTP/1.1" 404 73 "http://eflornithine-uk.aircus.com/" "Opera/9.80 (Windows NT 5.1; U; Edition Yx; ru) Presto/2.10.289 Version/12.02" "redlug.com"
93.79.202.178 - - [29/Apr/2015:01:24:22 -0700] "GET /logs/access_130930.log HTTP/1.1" 404 73 "http://eflornithine-uk.aircus.com/" "Opera/9.80 (Windows NT 5.1; Edition Yx) Presto/2.12.388 Version/12.10" "redlug.com"
93.79.202.178 - - [29/Apr/2015:01:24:22 -0700] "GET /access_130930.log HTTP/1.1" 404 73 "http://eflornithine-uk.aircus.com/" "Opera/9.80 (Windows NT 5.1; Edition Yx) Presto/2.12.388 Version/12.10" "redlug.com"
31.184.238.152 - - [29/Apr/2015:01:27:42 -0700] "GET /logs/access.log HTTP/1.1" 200 184455 "http://www.theknot.com/wedding/ordering-diflucan" "Mozilla/5.0 (Windows NT 6.0) AppleWebKit/537.36 (KHTML, like Gecko) Chrome/33.0.1750.146 Safari/537.36" "redlug.com"
31.184.238.152 - - [29/Apr/2015:01:30:12 -0700] "GET /logs/access.log HTTP/1.1" 200 184715 "http://ordermotilium10mgusa.soup.io" "Mozilla/5.0 (Windows NT 6.1; rv:27.0) Gecko/20100101 Firefox/27.0" "redlug.com"
31.184.238.152 - - [29/Apr/2015:01:39:44 -0700] "GET /logs/access.log HTTP/1.1" 200 184925 "http://order-phoslo-667mg-online.soup.io" "Mozilla/5.0 (Windows NT 6.3; WOW64) AppleWebKit/537.36 (KHTML, like Gecko) Chrome/32.0.1700.102 Safari/537.36" "redlug.com"
66.249.69.11 - - [29/Apr/2015:01:40:10 -0700] "GET /images/ HTTP/1.1" 200 1939 "-" "Mozilla/5.0 (compatible; Googlebot/2.1; +http://www.google.com/bot.html)" "redlug.com"
31.184.238.152 - - [29/Apr/2015:01:42:13 -0700] "GET /logs/access.log HTTP/1.1" 200 185355 "http://www.theknot.com/wedding/sparfloxacin-and-special" "Mozilla/5.0 (Windows NT 6.1) AppleWebKit/537.36 (KHTML, like Gecko) Chrome/33.0.1750.117 Safari/537.36" "redlug.com"
77.109.141.138 - - [29/Apr/2015:01:43:53 -0700] "GET /logs/access_150427.log HTTP/1.1" 200 307121 "-" "Mozilla/5.0 (X11; U; Linux i686; en-US) AppleWebKit/532.1 (KHTML, like Gecko) Chrome/4.0.213.1 Safari/532.1" "www.redlug.com"
66.249.69.3 - - [29/Apr/2015:01:43:54 -0700] "GET /images/up.gif HTTP/1.1" 200 1247 "-" "Googlebot-Image/1.0" "redlug.com"
100.43.81.131 - - [29/Apr/2015:01:45:23 -0700] "GET /logs/access_141217.log HTTP/1.1" 200 303750 "-" "Mozilla/5.0 (compatible; YandexBot/3.0; +http://yandex.com/bots)" "redlug.com"
157.55.39.225 - - [29/Apr/2015:01:46:32 -0700] "GET /robots.txt HTTP/1.1" 200 37 "-" "Mozilla/5.0 (compatible; bingbot/2.0; +http://www.bing.com/bingbot.htm)" "redlug.com"
77.109.141.138 - - [29/Apr/2015:01:46:36 -0700] "GET /logs/access_150428.log HTTP/1.1" 200 1178533 "-" "Mozilla/5.0 (Windows; U; Windows NT 6.1; en-US) AppleWebKit/533.3 (KHTML, like Gecko) Chrome/5.0.354.0 Safari/533.3" "www.redlug.com"
157.55.39.225 - - [29/Apr/2015:01:48:16 -0700] "GET /Socialist/0501Post.htm HTTP/1.1" 200 3047 "-" "Mozilla/5.0 (compatible; bingbot/2.0; +http://www.bing.com/bingbot.htm)" "redlug.com"
188.165.15.148 - - [29/Apr/2015:01:49:15 -0700] "GET /socview/14RRS.htm HTTP/1.1" 200 5525 "-" "Mozilla/5.0 (compatible; AhrefsBot/5.0; +http://ahrefs.com/robot/)" "www.redlug.com"
31.184.238.152 - - [29/Apr/2015:01:51:46 -0700] "GET /logs/access.log HTTP/1.1" 200 186932 "http://buytadalafil10mg.aircus.com" "Mozilla/5.0 (Windows NT 6.3; WOW64; rv:27.0) Gecko/20100101 Firefox/27.0" "redlug.com"
188.165.15.148 - - [29/Apr/2015:01:53:25 -0700] "GET /War/040624SY.htm HTTP/1.1" 200 2058 "-" "Mozilla/5.0 (compatible; AhrefsBot/5.0; +http://ahrefs.com/robot/)" "www.redlug.com"
46.147.162.58 - - [29/Apr/2015:01:53:58 -0700] "GET / HTTP/1.1" 200 9589 "http://n5342.apishops.ru" "Opera/7.60 (Windows NT 5.2; U)  [en] (IBM EVV/3.0/EAK01AG9/LE)" "redlug.com"
46.147.162.58 - - [29/Apr/2015:01:53:59 -0700] "GET / HTTP/1.1" 200 9589 "http://n5342.apishops.ru" "Mozilla/4.0 (compatible; MSIE 6.0; Windows NT 5.1; Q312461)" "redlug.com"
46.147.162.58 - - [29/Apr/2015:01:53:59 -0700] "GET / HTTP/1.1" 200 9589 "http://n5342.apishops.ru" "Mozilla/4.0 (compatible; MSIE 5.5; Windows NT 5.0)" "redlug.com"
46.147.162.58 - - [29/Apr/2015:01:54:00 -0700] "GET / HTTP/1.1" 200 9589 "http://n5342.apishops.ru" "Mozilla/4.0 (compatible; MSIE 6.0; Windows NT 5.1; TheFreeDictionary.com; .NET CLR 1.1.4322; .NET CLR 1.0.3705; .NET CLR 2.0.50727)" "redlug.com"
46.147.162.58 - - [29/Apr/2015:01:54:00 -0700] "GET / HTTP/1.1" 200 9589 "http://n5342.apishops.ru" "Mozilla/4.0 (compatible; MSIE 6.0; Windows NT 5.1; FREE; .NET CLR 1.1.4322)" "redlug.com"
31.184.238.152 - - [29/Apr/2015:01:54:12 -0700] "GET /logs/access.log HTTP/1.1" 200 188285 "http://buyaripiprazoleonlinequickshipping.soup.io" "Mozilla/5.0 (Windows NT 6.1; WOW64) AppleWebKit/537.36 (KHTML, like Gecko) Chrome/32.0.1700.107 Safari/537.36" "redlug.com"
188.165.15.148 - - [29/Apr/2015:01:56:08 -0700] "GET /logs/access_141030.log HTTP/1.1" 200 510058 "-" "Mozilla/5.0 (compatible; AhrefsBot/5.0; +http://ahrefs.com/robot/)" "redlug.com"
93.79.202.178 - - [29/Apr/2015:01:56:15 -0700] "GET /logs/access_130930.log HTTP/1.1" 404 73 "http://sibutramine.beautifulmakings.com/" "Mozilla/4.0 (compatible; MSIE 6.0; Windows NT 5.2; SV1; .NET CLR 1.1.4322)" "redlug.com"
93.79.202.178 - - [29/Apr/2015:01:56:16 -0700] "GET /logs/access_130930.log HTTP/1.1" 404 89 "http://sibutramine.beautifulmakings.com/" "Mozilla/5.0 (Windows NT 5.1) AppleWebKit/537.4 (KHTML, like Gecko) Chrome/22.0.1229.94 Safari/537.4" "redlug.com"
93.79.202.178 - - [29/Apr/2015:01:56:16 -0700] "GET /access_130930.log HTTP/1.1" 404 73 "http://sibutramine.beautifulmakings.com/" "Mozilla/5.0 (Windows NT 5.1) AppleWebKit/537.4 (KHTML, like Gecko) Chrome/22.0.1229.94 Safari/537.4" "redlug.com"
93.79.202.178 - - [29/Apr/2015:01:56:16 -0700] "GET /logs/access_130930.log HTTP/1.1" 404 73 "http://sibutramine.beautifulmakings.com/" "Mozilla/5.0 (Windows NT 5.1) AppleWebKit/537.11 (KHTML, like Gecko) Chrome/23.0.1271.91 Safari/537.11" "redlug.com"
93.79.202.178 - - [29/Apr/2015:01:56:17 -0700] "GET /access_130930.log HTTP/1.1" 404 73 "http://sibutramine.beautifulmakings.com/" "Mozilla/5.0 (Windows NT 5.1) AppleWebKit/537.11 (KHTML, like Gecko) Chrome/23.0.1271.91 Safari/537.11" "redlug.com"
93.79.202.178 - - [29/Apr/2015:01:56:17 -0700] "GET /logs/access_130930.log HTTP/1.1" 404 73 "http://sibutramine.beautifulmakings.com/" "Opera/9.80 (Windows NT 5.1; U; YB/3.5.1; ru) Presto/2.10.229 Version/11.64" "redlug.com"
93.79.202.178 - - [29/Apr/2015:01:56:17 -0700] "GET /access_130930.log HTTP/1.1" 404 89 "http://sibutramine.beautifulmakings.com/" "Opera/9.80 (Windows NT 5.1; U; YB/3.5.1; ru) Presto/2.10.229 Version/11.64" "redlug.com"
188.165.15.148 - - [29/Apr/2015:01:56:48 -0700] "GET /paper2004JD/0410NICS.htm HTTP/1.1" 200 1945 "-" "Mozilla/5.0 (compatible; AhrefsBot/5.0; +http://ahrefs.com/robot/)" "redlug.com"
31.184.238.152 - - [29/Apr/2015:02:03:47 -0700] "GET /logs/access.log HTTP/1.1" 200 190592 "http://gravatar.com/ficilittisipets" "Mozilla/5.0 (Windows NT 6.1; WOW64) AppleWebKit/537.36 (KHTML, like Gecko) Chrome/30.0.1599.13014 YaBrowser/13.12.1599.13014 Safari/537.36" "redlug.com"
129.177.43.37 - - [29/Apr/2015:02:04:44 -0700] "GET /LabHist/Spanishmaterial.doc HTTP/1.1" 200 193536 "https://www.google.com/" "Mozilla/5.0 (Macintosh; Intel Mac OS X 10_9_5) AppleWebKit/537.36 (KHTML, like Gecko) Chrome/41.0.2272.89 Safari/537.36" "redlug.com"
31.184.238.152 - - [29/Apr/2015:02:06:17 -0700] "GET /logs/access.log HTTP/1.1" 200 191138 "http://www.theknot.com/wedding/calciumacetate-and-rx" "Opera/9.80 (Windows NT 5.1) Presto/2.12.388 Version/12.16" "redlug.com"
117.239.17.99 - - [29/Apr/2015:02:06:33 -0700] "GET /pdf/che_sos.pdf HTTP/1.1" 200 207560 "https://www.google.co.in/" "Mozilla/5.0 (Windows NT 5.1) AppleWebKit/537.36 (KHTML, like Gecko) Chrome/42.0.2311.90 Safari/537.36" "redlug.com"
117.239.17.99 - - [29/Apr/2015:02:06:34 -0700] "GET /pdf/che_sos.pdf HTTP/1.1" 206 32768 "-" "Mozilla/5.0 (Windows NT 5.1) AppleWebKit/537.36 (KHTML, like Gecko) Chrome/42.0.2311.90 Safari/537.36" "redlug.com"
117.239.17.99 - - [29/Apr/2015:02:06:37 -0700] "GET /pdf/che_sos.pdf HTTP/1.1" 206 174792 "-" "Mozilla/5.0 (Windows NT 5.1) AppleWebKit/537.36 (KHTML, like Gecko) Chrome/42.0.2311.90 Safari/537.36" "redlug.com"
100.43.91.12 - - [29/Apr/2015:02:06:48 -0700] "GET /sitemap/sitemapE-F.htm HTTP/1.1" 200 12106 "-" "Mozilla/5.0 (compatible; YandexBot/3.0; +http://yandex.com/bots)" "redlug.com"
129.177.43.37 - - [29/Apr/2015:02:06:58 -0700] "GET /LabHist/Spanishmaterial.doc HTTP/1.1" 206 1 "https://www.google.com/" "Mozilla/5.0 (Macintosh; Intel Mac OS X 10_9_5) AppleWebKit/537.36 (KHTML, like Gecko) Chrome/41.0.2272.89 Safari/537.36" "redlug.com"
129.177.43.37 - - [29/Apr/2015:02:06:59 -0700] "GET /LabHist/Spanishmaterial.doc HTTP/1.1" 206 189889 "https://www.google.com/" "Mozilla/5.0 (Macintosh; Intel Mac OS X 10_9_5) AppleWebKit/537.36 (KHTML, like Gecko) Chrome/41.0.2272.89 Safari/537.36" "redlug.com"
188.165.15.148 - - [29/Apr/2015:02:07:33 -0700] "GET /Socialist/0511Ferns.htm HTTP/1.1" 200 2043 "-" "Mozilla/5.0 (compatible; AhrefsBot/5.0; +http://ahrefs.com/robot/)" "www.redlug.com"
61.19.42.68 - - [29/Apr/2015:02:07:37 -0700] "GET /logs/access.log HTTP/1.1" 200 71860 "http://redlug.com/" "Mozilla/5.0 (Windows NT 6.3) AppleWebKit/537.36 (KHTML, like Gecko) Chrome/39.0.2171.95 Safari/537.36" "redlug.com"
61.19.42.68 - - [29/Apr/2015:02:07:38 -0700] "GET / HTTP/1.1" 200 1272 "http://redlug.com" "Mozilla/5.0 (Windows NT 6.3) AppleWebKit/537.36 (KHTML, like Gecko) Chrome/39.0.2171.95 Safari/537.36" "redlug.com"
180.76.6.148 - - [29/Apr/2015:02:08:07 -0700] "GET /paper2004JD/0410EducCuts.htm HTTP/1.1" 200 2068 "-" "Mozilla/5.0 (compatible; Baiduspider/2.0; +http://www.baidu.com/search/spider.html)" "www.redlug.com"
188.165.15.148 - - [29/Apr/2015:02:09:34 -0700] "GET /sitemap/sitemapR-T.htm HTTP/1.1" 404 88 "-" "Mozilla/5.0 (compatible; AhrefsBot/5.0; +http://ahrefs.com/robot/)" "www.redlug.com"
136.243.24.27 - - [29/Apr/2015:02:10:09 -0700] "GET /robots.txt HTTP/1.1" 200 37 "-" "Mozilla/5.0 (compatible; MJ12bot/v1.4.5; http://www.majestic12.co.uk/bot.php?+)" "redlug.com"
136.243.24.27 - - [29/Apr/2015:02:10:11 -0700] "GET /Election/?C=D;O=D HTTP/1.1" 200 6391 "-" "Mozilla/5.0 (compatible; MJ12bot/v1.4.5; http://www.majestic12.co.uk/bot.php?+)" "redlug.com"
136.243.24.27 - - [29/Apr/2015:02:10:32 -0700] "GET /Election/?C=M;O=D HTTP/1.1" 200 948 "-" "Mozilla/5.0 (compatible; MJ12bot/v1.4.5; http://www.majestic12.co.uk/bot.php?+)" "redlug.com"
136.243.24.27 - - [29/Apr/2015:02:10:35 -0700] "GET /Election/?C=N;O=A HTTP/1.1" 200 935 "-" "Mozilla/5.0 (compatible; MJ12bot/v1.4.5; http://www.majestic12.co.uk/bot.php?+)" "redlug.com"
136.243.24.27 - - [29/Apr/2015:02:10:37 -0700] "GET /Election/?D=D HTTP/1.1" 200 935 "-" "Mozilla/5.0 (compatible; MJ12bot/v1.4.5; http://www.majestic12.co.uk/bot.php?+)" "redlug.com"
136.243.24.27 - - [29/Apr/2015:02:10:40 -0700] "GET /Election/?M=D HTTP/1.1" 200 935 "-" "Mozilla/5.0 (compatible; MJ12bot/v1.4.5; http://www.majestic12.co.uk/bot.php?+)" "redlug.com"
136.243.24.27 - - [29/Apr/2015:02:10:42 -0700] "GET /Election/?S=D HTTP/1.1" 200 935 "-" "Mozilla/5.0 (compatible; MJ12bot/v1.4.5; http://www.majestic12.co.uk/bot.php?+)" "redlug.com"
136.243.24.27 - - [29/Apr/2015:02:10:44 -0700] "GET /Election/eastManifesto.htm HTTP/1.1" 200 3990 "-" "Mozilla/5.0 (compatible; MJ12bot/v1.4.5; http://www.majestic12.co.uk/bot.php?+)" "redlug.com"
136.243.24.27 - - [29/Apr/2015:02:10:46 -0700] "GET /Election/southManifesto.htm HTTP/1.1" 200 2466 "-" "Mozilla/5.0 (compatible; MJ12bot/v1.4.5; http://www.majestic12.co.uk/bot.php?+)" "redlug.com"
136.243.24.27 - - [29/Apr/2015:02:10:48 -0700] "GET /Election07/?C=D;O=A HTTP/1.1" 200 562 "-" "Mozilla/5.0 (compatible; MJ12bot/v1.4.5; http://www.majestic12.co.uk/bot.php?+)" "redlug.com"
136.243.24.27 - - [29/Apr/2015:02:10:51 -0700] "GET /Election07/?C=M;O=A HTTP/1.1" 200 560 "-" "Mozilla/5.0 (compatible; MJ12bot/v1.4.5; http://www.majestic12.co.uk/bot.php?+)" "redlug.com"
136.243.24.27 - - [29/Apr/2015:02:10:53 -0700] "GET /Election07/?C=N;O=D HTTP/1.1" 200 556 "-" "Mozilla/5.0 (compatible; MJ12bot/v1.4.5; http://www.majestic12.co.uk/bot.php?+)" "redlug.com"
136.243.24.27 - - [29/Apr/2015:02:11:02 -0700] "GET /Election07/?C=S;O=A HTTP/1.1" 200 557 "-" "Mozilla/5.0 (compatible; MJ12bot/v1.4.5; http://www.majestic12.co.uk/bot.php?+)" "redlug.com"
95.158.202.246 - - [29/Apr/2015:02:12:05 -0700] "GET /R?y=b30/8qR7zXeMswGoCBNnBTtyv82yyrfA3gUmti4tFKZR3RF1uqOHO5FZ7wlXsWw6nhqlKVnNTS/0x/rC7eQH/rg1H8y49ZBXZebpUsfLKCWJCP+I/yUWCzO31Q/AguS8IE7q1b5FjJ/VWcsKzLapRQm4wkJURW1C2SMa1KUWZGVTRvNMuCboMWYDZG3mdvnJSgzDxBpBG6F0pATJIq0SV8VuD2LCKFP2yWxuFA/Wany1Sk+sgouVgeSaHozcxUE5yx240fpYh5LAxV/xLpqO99JL6ovMhUrfJoAYMo4U/xWXbG+K/kZ2+RiLiJ4h/9R8r0r4TFu8QgLPfsmBfNZs+yG4DqXYeyQrK908Oy1sZEB7jHfn0i8EECSPSaO/Z2Spfhv5USSbKniJODcxTv8Uewj6HIyQU8jyFJb4B9thjb5/YchuFpfIufvbEPpXrjhxiLtLDTd+dfrqxxMsux8BIht9bdXLNYhm2MbX3VcOyW7tOe0PtyJpQ/YMPXzK7C9Opb9TR3x0DXJTJEQXr0IP9b9wGXTiYJfb6fsNccGLikgigTzbtX2nNi3DEQKCVxxa9aTc72dkaEgUBnxzb0a7hrYFop3sFfbAEI4E44br+nx1VBf9T20SA5PC732QaFqFVhEHoqQGM3At+AyG1o5JZ6JXEjOe3TNgxkhuHrTHuIJKIvlOkiVx2zyedwBTESsmQG9uPf017XY3Y7Q0YciiDwjWHtTXVsi2HmVpPANUsoZfYdxapSS0l9+uHz+olpMQ+KnitkoQDnxSvl+sSYE6Brnkt36w3K3+6l+EUVRLf6F41kxcRDt68CAb25WZIvbyoiy HTTP/1.1" 404 73 "-" "Mozilla/4.0 (compatible; MSIE 8.0; Win32)" "redlug.com"
95.158.202.246 - - [29/Apr/2015:02:12:08 -0700] "GET /D?l=DtLulB8JYsP24rw4GN0Cgpcn5kEhyYIL2eyAeczzMyEffpQYIZhJM1bE0hmz1DZp5EN5u4lak+FrY8J+IaCX+zjFLEf4hGATX2C7DPuQ7QJlDhTqJprDkrs55cCxTsgwonMe50c3LwMVoxVSlfCeEyKDrwy+rARWPM4SblwYwgE/Rl7NlfXi45qf3HCuYYLC5qk6MuQC3bLXgoP6zOi2IqstCv7AnrQI5L4j0Mc5Cd8fdgitiXd7WXMDysnws+YZAKOoQ/W5/fAW4BL36MhZPliMz8jIcSaNQPwYTKIveJ12EV/YpKImC03Z8zhCaHk2gfWFhegPNITPj6glgBwFV0vWag/vmdhYxM6qOFCglWLrpwyqQDK3AW+z9/YBB9SnRzyyGDXzxIweBnuWA0mSpkInsqEhD2u6/QLeLhPNiA3ZqxmaahWzo83uSVWoJ44C4S0b1fQk/8fjNSJHv3a0OVN2IZFH74L/+EO208qxfCIzf7MWA7Jz3f/TfQr3ILUTtm3flXAEqtNcly/ft5tdfJKmmoSGVvuM6whEoVDT5tfSCHlaA95+LZO0zFwVBKsZvz5AYhVDxvSVu8lQawf85hJZM+mccpUSLoUSO9Oy9f/aMLda5BrD5Pa1qiE5ntkoqZqn5yNMiZbg4oNppHCPelLPkgapye+Utp/WEtyO3gTF7Tqz91x+uDWdCHG/cDT++N3r2IP5sZNLHbG7TQnn9/fufZniogQ4NAZJb+tKri0foKmk5ac9+wl7PG8CZfmrxQ5V9dpPVXfG7Nrw1437NbwZ0IGs3U6HY1JVK73uO/oZQfl+K8bj2QaK5UE6UfoDq6eRUPlGlxd9cv0WJWLk HTTP/1.1" 404 73 "-" "Mozilla/4.0 (compatible; MSIE 8.0; Win32)" "redlug.com"
