93.79.202.178 - - [28/Apr/2015:21:36:02 -0700] "GET /logs/access_130930.log HTTP/1.1" 404 89 "http://www.galeon.com/orlistat120/allitabs.htm" "Mozilla/5.0 (Windows NT 6.0) AppleWebKit/537.11 (KHTML, like Gecko) Chrome/23.0.1271.91 Safari/537.11" "redlug.com"
93.79.202.178 - - [28/Apr/2015:21:36:03 -0700] "GET /access_130930.log HTTP/1.1" 404 73 "http://www.galeon.com/orlistat120/allitabs.htm" "Mozilla/5.0 (Windows NT 6.0) AppleWebKit/537.11 (KHTML, like Gecko) Chrome/23.0.1271.91 Safari/537.11" "redlug.com"
188.165.15.148 - - [28/Apr/2015:21:37:43 -0700] "GET /Socialist/0411ST.htm HTTP/1.1" 200 4157 "-" "Mozilla/5.0 (compatible; AhrefsBot/5.0; +http://ahrefs.com/robot/)" "redlug.com"
188.165.15.148 - - [28/Apr/2015:21:39:59 -0700] "GET /paperarticles/Nov02-FBU.htm HTTP/1.1" 200 1958 "-" "Mozilla/5.0 (compatible; AhrefsBot/5.0; +http://ahrefs.com/robot/)" "redlug.com"
31.184.238.152 - - [28/Apr/2015:21:40:34 -0700] "GET /logs/access.log HTTP/1.1" 200 50766 "http://gravatar.com/86pletal100mg" "Mozilla/5.0 (Windows NT 6.1; WOW64) AppleWebKit/537.36 (KHTML, like Gecko) Chrome/32.0.1700.102 Safari/537.36 OPR/19.0.1326.59" "redlug.com"
91.121.220.8 - - [28/Apr/2015:21:41:28 -0700] "GET /paper2004JD/0409IraqWar.htm HTTP/1.1" 200 2965 "http://redlug.com/" "Mozilla/5.0 (Windows NT 6.3) AppleWebKit/537.36 (KHTML, like Gecko) Chrome/39.0.2171.95 Safari/537.36" "redlug.com"
200.28.114.76 - - [28/Apr/2015:21:42:19 -0700] "GET /logs/access.log HTTP/1.1" 200 7655 "http://redlug.com/" "Mozilla/5.0 (Windows NT 6.3) AppleWebKit/537.36 (KHTML, like Gecko) Chrome/39.0.2171.95 Safari/537.36" "redlug.com"
100.43.81.129 - - [28/Apr/2015:21:42:55 -0700] "GET /YaW/0503.htm HTTP/1.1" 404 88 "-" "Mozilla/5.0 (compatible; YandexBot/3.0; +http://yandex.com/bots)" "redlug.com"
31.184.238.152 - - [28/Apr/2015:21:43:00 -0700] "GET /logs/access.log HTTP/1.1" 200 51664 "http://buytetracyclinefinland.soup.io" "Mozilla/5.0 (Windows NT 5.1; rv:27.0) Gecko/20100101 Firefox/27.0" "redlug.com"
5.104.175.174 - - [28/Apr/2015:21:43:47 -0700] "GET /logs/access.log HTTP/1.1" 200 7119 "http://redlug.com/" "Mozilla/5.0 (Windows NT 6.3) AppleWebKit/537.36 (KHTML, like Gecko) Chrome/39.0.2171.95 Safari/537.36" "redlug.com"
5.104.175.174 - - [28/Apr/2015:21:43:48 -0700] "GET /paperarticles/mar02candidates.htm HTTP/1.1" 200 7023 "http://redlug.com/logs/access.log" "Mozilla/5.0 (Windows NT 6.3) AppleWebKit/537.36 (KHTML, like Gecko) Chrome/39.0.2171.95 Safari/537.36" "redlug.com"
180.180.115.4 - - [28/Apr/2015:21:46:56 -0700] "GET /logs/access.log HTTP/1.1" 200 7160 "http://redlug.com/" "Mozilla/5.0 (Windows NT 6.3) AppleWebKit/537.36 (KHTML, like Gecko) Chrome/39.0.2171.95 Safari/537.36" "redlug.com"
62.210.162.148 - - [28/Apr/2015:21:48:44 -0700] "HEAD /uploadify/uploadify.swf HTTP/1.1" 404 0 "http://redlug.com/uploadify/uploadify.swf" "Mozilla/4.0 (compatible; MSIE 6.0; Windows NT 5.1; SV1)" "redlug.com"
62.210.162.148 - - [28/Apr/2015:21:48:44 -0700] "HEAD /plugins/uploadify/uploadify.swf HTTP/1.1" 404 - "http://redlug.com/plugins/uploadify/uploadify.swf" "Mozilla/4.0 (compatible; MSIE 6.0; Windows NT 5.1; SV1)" "redlug.com"
62.210.162.148 - - [28/Apr/2015:21:48:49 -0700] "HEAD /inc/uploadify/uploadify.swf HTTP/1.1" 404 - "http://redlug.com/inc/uploadify/uploadify.swf" "Mozilla/4.0 (compatible; MSIE 6.0; Windows NT 5.1; SV1)" "redlug.com"
62.210.162.148 - - [28/Apr/2015:21:48:49 -0700] "HEAD /cms/uploadify/uploadify.swf HTTP/1.1" 404 - "http://redlug.com/cms/uploadify/uploadify.swf" "Mozilla/4.0 (compatible; MSIE 6.0; Windows NT 5.1; SV1)" "redlug.com"
62.210.162.148 - - [28/Apr/2015:21:48:49 -0700] "HEAD /includes/uploadify/uploadify.swf HTTP/1.1" 404 0 "http://redlug.com/includes/uploadify/uploadify.swf" "Mozilla/4.0 (compatible; MSIE 6.0; Windows NT 5.1; SV1)" "redlug.com"
62.210.162.148 - - [28/Apr/2015:21:48:49 -0700] "HEAD /js/uploadify/uploadify.swf HTTP/1.1" 404 - "http://redlug.com/js/uploadify/uploadify.swf" "Mozilla/4.0 (compatible; MSIE 6.0; Windows NT 5.1; SV1)" "redlug.com"
62.210.162.148 - - [28/Apr/2015:21:48:49 -0700] "HEAD /lib/uploadify/uploadify.swf HTTP/1.1" 404 - "http://redlug.com/lib/uploadify/uploadify.swf" "Mozilla/4.0 (compatible; MSIE 6.0; Windows NT 5.1; SV1)" "redlug.com"
62.210.162.148 - - [28/Apr/2015:21:48:49 -0700] "HEAD /admin/uploadify/uploadify.swf HTTP/1.1" 404 - "http://redlug.com/admin/uploadify/uploadify.swf" "Mozilla/4.0 (compatible; MSIE 6.0; Windows NT 5.1; SV1)" "redlug.com"
188.165.15.148 - - [28/Apr/2015:21:49:15 -0700] "GET /Leaflets/2001/?C=D;O=D HTTP/1.1" 200 450 "-" "Mozilla/5.0 (compatible; AhrefsBot/5.0; +http://ahrefs.com/robot/)" "redlug.com"
192.69.94.149 - - [28/Apr/2015:21:52:11 -0700] "GET /logs/access.log HTTP/1.1" 200 7343 "http://redlug.com/" "Mozilla/5.0 (Windows NT 6.2; WOW64; rv:35.0) Gecko/20100101 Firefox/35.0" "redlug.com"
31.184.238.152 - - [28/Apr/2015:21:52:33 -0700] "GET /logs/access.log HTTP/1.1" 200 54720 "http://orderphenazopyridine200mgonline.tumblr.com" "Mozilla/5.0 (Windows NT 6.1; rv:26.0) Gecko/20100101 Firefox/26.0" "redlug.com"
31.184.238.152 - - [28/Apr/2015:21:54:58 -0700] "GET /logs/access.log HTTP/1.1" 200 54943 "http://repaglinide1mgc6l.forumcircle.com" "Mozilla/5.0 (Windows NT 6.1; WOW64; rv:26.0) Gecko/20100101 Firefox/26.0" "redlug.com"
157.55.39.225 - - [28/Apr/2015:21:55:25 -0700] "GET /paperarticles/Oct021932.htm HTTP/1.1" 200 1872 "-" "Mozilla/5.0 (compatible; bingbot/2.0; +http://www.bing.com/bingbot.htm)" "redlug.com"
77.75.79.11 - - [28/Apr/2015:21:58:36 -0700] "GET /robots.txt HTTP/1.1" 200 37 "-" "Mozilla/5.0 (compatible; SeznamBot/3.2; +http://fulltext.sblog.cz/)" "redlug.com"
77.75.79.11 - - [28/Apr/2015:21:58:37 -0700] "GET /tu/?S=A HTTP/1.1" 200 580 "-" "Mozilla/5.0 (compatible; SeznamBot/3.2; +http://fulltext.sblog.cz/)" "redlug.com"
188.165.15.148 - - [28/Apr/2015:21:58:59 -0700] "GET /paper2003/0306AntiPriv.htm HTTP/1.1" 200 1962 "-" "Mozilla/5.0 (compatible; AhrefsBot/5.0; +http://ahrefs.com/robot/)" "redlug.com"
188.165.15.148 - - [28/Apr/2015:22:00:42 -0700] "GET /Publications/FWUCh4.htm HTTP/1.1" 200 7918 "-" "Mozilla/5.0 (compatible; AhrefsBot/5.0; +http://ahrefs.com/robot/)" "www.redlug.com"
31.184.238.152 - - [28/Apr/2015:22:04:22 -0700] "GET /logs/access.log HTTP/1.1" 200 56058 "http://sildenafilcitratemg.forumcircle.com" "Mozilla/5.0 (Windows NT 6.1; WOW64) AppleWebKit/537.36 (KHTML, like Gecko) Chrome/31.0.1650.63 Safari/537.36 OPR/18.0.1284.68" "redlug.com"
100.43.81.131 - - [28/Apr/2015:22:04:39 -0700] "GET /IntLeftNews/Korea.htm HTTP/1.1" 200 1167 "-" "Mozilla/5.0 (compatible; YandexBot/3.0; +http://yandex.com/bots)" "redlug.com"
70.209.100.159 - - [28/Apr/2015:22:05:06 -0700] "GET /Documents/Ali.htm HTTP/1.1" 200 8450 "https://www.google.com/" "Mozilla/5.0 (Windows NT 6.3; WOW64) AppleWebKit/537.36 (KHTML, like Gecko) Chrome/42.0.2311.90 Safari/537.36" "redlug.com"
70.209.100.159 - - [28/Apr/2015:22:05:07 -0700] "GET /cwi.css HTTP/1.1" 404 88 "http://redlug.com/Documents/Ali.htm" "Mozilla/5.0 (Windows NT 6.3; WOW64) AppleWebKit/537.36 (KHTML, like Gecko) Chrome/42.0.2311.90 Safari/537.36" "redlug.com"
188.165.15.148 - - [28/Apr/2015:22:06:35 -0700] "GET /cwi/USCWI-Elections.htm HTTP/1.1" 200 2959 "-" "Mozilla/5.0 (compatible; AhrefsBot/5.0; +http://ahrefs.com/robot/)" "redlug.com"
31.184.238.152 - - [28/Apr/2015:22:06:48 -0700] "GET /logs/access.log HTTP/1.1" 200 57177 "http://buycoumadinnz.soup.io" "Opera/9.80 (Windows NT 6.1) Presto/2.12.388 Version/12.16" "redlug.com"
77.27.19.57 - - [28/Apr/2015:22:07:14 -0700] "GET /logs/access.log HTTP/1.1" 200 57371 "-" "Mozilla/5.0 (X11; Linux x86_64; rv:2.0b8pre) Gecko/20101011 Firefox/4.0b8pre" "redlug.com"
188.165.15.148 - - [28/Apr/2015:22:07:42 -0700] "GET /sitemap/socview/15Environment.htm HTTP/1.1" 404 88 "-" "Mozilla/5.0 (compatible; AhrefsBot/5.0; +http://ahrefs.com/robot/)" "redlug.com"
93.79.202.178 - - [28/Apr/2015:22:09:53 -0700] "GET /logs/access_130930.log HTTP/1.1" 404 73 "http://eflornithine-uk.aircus.com/" "Mozilla/5.0 (Windows NT 5.1) AppleWebKit/536.5 (KHTML, like Gecko) YaBrowser/1.1.1084.5409 Chrome/19.1.1084.5409 Safari/536.5" "redlug.com"
216.218.134.12 - - [28/Apr/2015:22:12:33 -0700] "GET /logs/ HTTP/1.1" 200 43589 "-" "Opera/9.80 (X11; Linux i686; U; ja) Presto/2.7.62 Version/11.01" "redlug.com"
216.218.134.12 - - [28/Apr/2015:22:13:13 -0700] "GET /logs/access_150429.log HTTP/1.1" 200 1016729 "-" "Opera/9.80 (X11; Linux i686; U; ja) Presto/2.7.62 Version/11.01" "redlug.com"
188.165.15.148 - - [28/Apr/2015:22:15:20 -0700] "GET /Socialist/0501Schools.htm HTTP/1.1" 200 1523 "-" "Mozilla/5.0 (compatible; AhrefsBot/5.0; +http://ahrefs.com/robot/)" "www.redlug.com"
31.184.238.152 - - [28/Apr/2015:22:16:13 -0700] "GET /logs/access.log HTTP/1.1" 200 58550 "http://gravatar.com/buyerectaliswithoutscript" "Mozilla/5.0 (Windows NT 6.1) AppleWebKit/537.36 (KHTML, like Gecko) Chrome/30.0.1599.12785 YaBrowser/13.12.1599.12785 Safari/537.36" "redlug.com"
101.4.136.5 - - [28/Apr/2015:22:16:18 -0700] "GET /logs/access.log HTTP/1.1" 200 7960 "http://redlug.com/" "Mozilla/5.0 (Windows NT 6.2; WOW64; rv:35.0) Gecko/20100101 Firefox/35.0" "redlug.com"
157.55.39.225 - - [28/Apr/2015:22:16:37 -0700] "GET /paper2004JD/0410AerL.htm HTTP/1.1" 200 2909 "-" "Mozilla/5.0 (compatible; bingbot/2.0; +http://www.bing.com/bingbot.htm)" "redlug.com"
66.249.69.11 - - [28/Apr/2015:22:18:10 -0700] "GET /pdf/CA070926.pdf HTTP/1.1" 200 198196 "-" "SAMSUNG-SGH-E250/1.0 Profile/MIDP-2.0 Configuration/CLDC-1.1 UP.Browser/6.2.3.3.c.1.101 (GUI) MMP/2.0 (compatible; Googlebot-Mobile/2.1; +http://www.google.com/bot.html)" "redlug.com"
31.184.238.152 - - [28/Apr/2015:22:18:38 -0700] "GET /logs/access.log HTTP/1.1" 200 59497 "http://buy-montelukast-4mg-safely.tumblr.com" "Mozilla/5.0 (Windows NT 6.0) AppleWebKit/537.36 (KHTML, like Gecko) Chrome/32.0.1700.107 Safari/537.36" "redlug.com"
153.65.16.10 - - [28/Apr/2015:22:24:06 -0700] "GET /logs/access.log HTTP/1.1" 200 8124 "https://www.google.com/" "Mozilla/5.0 (Windows NT 6.1; WOW64) AppleWebKit/537.36 (KHTML, like Gecko) Chrome/42.0.2311.90 Safari/537.36" "redlug.com"
62.201.200.5 - - [28/Apr/2015:22:26:11 -0700] "GET /logs/access.log HTTP/1.1" 200 8149 "http://redlug.com/" "Mozilla/5.0 (Windows NT 6.2; WOW64; rv:35.0) Gecko/20100101 Firefox/35.0" "redlug.com"
100.43.91.25 - - [28/Apr/2015:22:26:22 -0700] "GET /LabHist/ContentsList.htm HTTP/1.1" 200 11356 "-" "Mozilla/5.0 (compatible; YandexBot/3.0; +http://yandex.com/bots)" "redlug.com"
31.184.238.152 - - [28/Apr/2015:22:26:55 -0700] "GET /logs/access.log HTTP/1.1" 200 60366 "http://buy-hydroxyzine-10mg.soup.io" "Mozilla/5.0 (Windows NT 6.1) AppleWebKit/537.36 (KHTML, like Gecko) Chrome/30.0.1599.12785 YaBrowser/13.12.1599.12785 Safari/537.36" "redlug.com"
188.165.15.148 - - [28/Apr/2015:22:28:33 -0700] "GET /socview/?C=S;O=D HTTP/1.1" 200 1563 "-" "Mozilla/5.0 (compatible; AhrefsBot/5.0; +http://ahrefs.com/robot/)" "redlug.com"
180.76.6.134 - - [28/Apr/2015:22:29:04 -0700] "GET /pdf/is-war161101.pdf HTTP/1.1" 200 53537 "-" "Mozilla/5.0 (compatible; Baiduspider/2.0; +http://www.baidu.com/search/spider.html)" "www.redlug.com"
31.184.238.152 - - [28/Apr/2015:22:29:20 -0700] "GET /logs/access.log HTTP/1.1" 200 61017 "http://buytetracyclinequickshipping.soup.io" "Mozilla/5.0 (Windows NT 6.3; WOW64) AppleWebKit/537.36 (KHTML, like Gecko) Chrome/33.0.1750.117 Safari/537.36" "redlug.com"
188.165.15.148 - - [28/Apr/2015:22:30:08 -0700] "GET /Archive/1990Brooke.htm HTTP/1.1" 200 2090 "-" "Mozilla/5.0 (compatible; AhrefsBot/5.0; +http://ahrefs.com/robot/)" "www.redlug.com"
157.55.39.72 - - [28/Apr/2015:22:30:09 -0700] "GET /pdf/HayesSporiginal.pdf HTTP/1.1" 200 485634 "-" "Mozilla/5.0 (compatible; bingbot/2.0; +http://www.bing.com/bingbot.htm)" "redlug.com"
188.165.15.148 - - [28/Apr/2015:22:30:20 -0700] "GET /Archive/1982McGill.htm HTTP/1.1" 200 2705 "-" "Mozilla/5.0 (compatible; AhrefsBot/5.0; +http://ahrefs.com/robot/)" "www.redlug.com"
72.222.216.200 - - [28/Apr/2015:22:31:43 -0700] "GET /Documents/Ali.htm HTTP/1.1" 200 8450 "https://www.google.com/" "Mozilla/5.0 (Windows NT 6.1; WOW64) AppleWebKit/537.36 (KHTML, like Gecko) Chrome/42.0.2311.90 Safari/537.36" "redlug.com"
72.222.216.200 - - [28/Apr/2015:22:31:43 -0700] "GET /cwi.css HTTP/1.1" 404 88 "http://redlug.com/Documents/Ali.htm" "Mozilla/5.0 (Windows NT 6.1; WOW64) AppleWebKit/537.36 (KHTML, like Gecko) Chrome/42.0.2311.90 Safari/537.36" "redlug.com"
117.168.44.119 - - [28/Apr/2015:22:37:25 -0700] "GET /logs/access.log HTTP/1.1" 200 8423 "http://redlug.com/" "Mozilla/5.0 (Windows NT 6.3) AppleWebKit/537.36 (KHTML, like Gecko) Chrome/39.0.2171.95 Safari/537.36" "redlug.com"
31.184.238.152 - - [28/Apr/2015:22:38:38 -0700] "GET /logs/access.log HTTP/1.1" 200 62547 "http://bisoprolol-5mg-buy-without-rx.soup.io" "Mozilla/5.0 (Windows NT 6.1; WOW64) AppleWebKit/537.36 (KHTML, like Gecko) Chrome/33.0.1750.146 Safari/537.36" "redlug.com"
183.207.228.40 - - [28/Apr/2015:22:40:10 -0700] "GET / HTTP/1.1" 200 9589 "http://www.xolodremont.ru/" "Opera/9.80 (Windows NT 5.1; Edition Ukraine Local) Presto/2.12.388 Version/12.10" "redlug.com"
31.184.238.152 - - [28/Apr/2015:22:41:07 -0700] "GET /logs/access.log HTTP/1.1" 200 63008 "http://loxitane25mgmg2.forumcircle.com" "Mozilla/5.0 (Windows NT 6.1; rv:27.0) Gecko/20100101 Firefox/27.0" "redlug.com"
93.79.202.178 - - [28/Apr/2015:22:41:12 -0700] "GET /logs/access_130930.log HTTP/1.1" 404 73 "http://www.galeon.com/orlistat120/allitabs.htm" "Mozilla/5.0 (Windows NT 6.1; WOW64) AppleWebKit/537.4 (KHTML, like Gecko) Chrome/22.0.1229.92 Safari/537.4" "redlug.com"
93.79.202.178 - - [28/Apr/2015:22:41:13 -0700] "GET /logs/access_130930.log HTTP/1.1" 404 89 "http://www.galeon.com/orlistat120/allitabs.htm" "Mozilla/5.0 (Windows NT 5.1) AppleWebKit/537.11 (KHTML, like Gecko) Chrome/23.0.1271.95 Safari/537.11" "redlug.com"
93.79.202.178 - - [28/Apr/2015:22:41:13 -0700] "GET /access_130930.log HTTP/1.1" 404 73 "http://www.galeon.com/orlistat120/allitabs.htm" "Mozilla/5.0 (Windows NT 5.1) AppleWebKit/537.11 (KHTML, like Gecko) Chrome/23.0.1271.95 Safari/537.11" "redlug.com"
93.79.202.178 - - [28/Apr/2015:22:41:13 -0700] "GET /logs/access_130930.log HTTP/1.1" 404 89 "http://www.galeon.com/orlistat120/allitabs.htm" "Mozilla/5.0 (Windows NT 6.1; WOW64) AppleWebKit/535.12 (KHTML, like Gecko) Maxthon/3.0 Chrome/18.0.966.0 Safari/535.12" "redlug.com"
93.79.202.178 - - [28/Apr/2015:22:41:14 -0700] "GET /access_130930.log HTTP/1.1" 404 73 "http://www.galeon.com/orlistat120/allitabs.htm" "Mozilla/5.0 (Windows NT 6.1; WOW64) AppleWebKit/535.12 (KHTML, like Gecko) Maxthon/3.0 Chrome/18.0.966.0 Safari/535.12" "redlug.com"
93.79.202.178 - - [28/Apr/2015:22:41:14 -0700] "GET /logs/access_130930.log HTTP/1.1" 404 89 "http://www.galeon.com/orlistat120/allitabs.htm" "Opera/9.80 (Windows NT 6.1; Win64; x64) Presto/2.12.388 Version/12.10" "redlug.com"
93.79.202.178 - - [28/Apr/2015:22:41:14 -0700] "GET /access_130930.log HTTP/1.1" 404 73 "http://www.galeon.com/orlistat120/allitabs.htm" "Opera/9.80 (Windows NT 6.1; Win64; x64) Presto/2.12.388 Version/12.10" "redlug.com"
188.165.15.148 - - [28/Apr/2015:22:43:37 -0700] "GET /images/DD11.jpg HTTP/1.1" 200 270317 "-" "Mozilla/5.0 (compatible; AhrefsBot/5.0; +http://ahrefs.com/robot/)" "redlug.com"
95.158.202.246 - - [28/Apr/2015:22:45:20 -0700] "GET /c?Q=89vQJewOP+UU3MP95DmwIkUH51yoy8gKc5y3fZfCMox0tu54d5tlTgaQcwcyiWRNP2429gLUvWfstitB04ZMFzpQiu4uMnnT3ECoauDp1V5e1Rbvxk31KZa3AGLPnxRnRIlA7D+sPhXqtUMtr7wonBBKzFR3oNwLvhevCc2gaAbp7lFZEXtO7XOaCLZGjFOQhocrSN099SSW0uqBuD1TuzTmanuSWLPnq+2+Jd3FeQwKz6rW8V+E8J3wIGuvIk/M4FRFa81H0K3Xw25vk/wLkiDWsW7UsGRXt5kuVPRDM9Sbemt9UX6urFtgGbSeDeL00gG/QUroRU8KGGUnByYY1dTNAisU1nQ4pM5Zzo8SteFprbLTxvX3gLiqxJ9EM4ssOcpVQP0fWeDDifSwcF58VwdAKI90uXJiz5ZPSz6qjK7P8iZrHGXdjX5X6UKVraty2Z7BA7xez3ZSDgub83/VkLyEhrBctlfH67wupS1pUK7bLall0o0f0oQSxv1VLqyJFCo5XXtbLC/5R1RkV0dYiXcRHrGzXMo+z/6UW1kcjOoQaLkG/PQuOS6rmbZd1kJecnkweILYYDJd9l2F2XsJcRGcg1jmVmjnwRqPWAwn9KOwok2wwSUjMQ6STFTHYLf8KMlUylcaIKNqiWFinv7LeJbRmRPr1EmKuWvKaahbKObRZLFpA4BZwUx8cWNHWIpPOnWxv58NA8bbI3TwU+5fw5SmS5+ZtcurdVv2ax38eJEwtEJ96BODBDnJ+UQhr+zVFGefppF5yE8GBB0wVyGgODIzbA0RSUqIzd/TZbJBaIFngg+RP HTTP/1.1" 404 73 "-" "Mozilla/4.0 (compatible; MSIE 8.0; Win32)" "redlug.com"
95.158.202.246 - - [28/Apr/2015:22:45:21 -0700] "GET /C?l=7gs9j0rmrb1tCwCPVR5K4Aw9rtUHV113VyZ2vHRiy2HUIhuPfq6NYblDj4E22rvlFIGeIKZ1oUc9bpu5CQr38AkllTRlHR0+H/H17MOiOnJjpMIGitzB/q+8Hvl3S0wYxGo69PG64i/SYfme6S1ZYEtS9j8b1dCYuYShKuWxWXAMLnRDn9dybLFlhk3UZzKJHcnhR4P22lmqWIDajcKjE4JaDuG/YQJOIe3DxxoAIMFNeRrfDe4MttTpKc8UGH1EQOJIE9KIZEpsUkLELufUeQYlng2Izd6tCFTwM4TBR6SSQs8AWd0X0ojrL+e8sV8lKZloBkVCw6P5jBONw0ahi6t0EDfBYolm6m6EpXl62A3WkPgG9UPhQ9KfFS/qmeetj0/ixrGlMmciq0Myag8ZkoPlsvPi3k2mKx6WF/zjW+iK6HRWizb9M+gwX7pe9lVwaJW3nPgLgtCQSnuzGRn2KXyH9u+KZCPm8A68yFe4/1wkXEer7u0K8XWQwsCL4XR/0A2M6Dr8+SxHffZlH6Y4M+BOCoWb7UBdhlhUt/W9iTWoTynnksJkGrpFFdjUj4BkY98xJmxTAaTDQeCn9os3etEUgfa1/RZJJ/0yAxyuqCiXGQBv4B5Xu28ADJLRkQhXs89SeZq9D3HVRNiwyn4HJEwILOP9yb2ZPnPstjNeJpSLEay5AgZxOBuuOU7Mv7LxeIPEegs1bR6ITR94lQuaLJqfBiWTa1HESVlgIcrI1UacWS8FB455l3CldTXn3ybVYJMW+oSmb4fqFKoEeHUw+tLmBvr6I/eIqxg+h8WC6stWKL7FpZsYMh+lRqZoiUc1VhQapYBp7O1EXjI5qLP5Xlj HTTP/1.1" 404 73 "-" "Mozilla/4.0 (compatible; MSIE 8.0; Win32)" "redlug.com"
95.158.202.246 - - [28/Apr/2015:22:45:24 -0700] "GET /N?x=Wwvd8DQiC5Kp2d+EPS9J5BL7qwnlEW7HeW1eanyNjrnYV6ynLKh/iPOlu7kUM5V0vTRLR269b6K+A5pRCk8HPsqQmu4/+F/wUNGPeVUEASWibPv5XYV6lIIJ3m1hLAIcX9OOLeOozBPDTld1+LoJLTe9vhzabGM9z23whfT2JtpLc266k8cBv5BAiCaUs1xdlHLbUmic4Rsw52d7vvzx46Oa6s+fBvkhRITmcCthnfwOfTH/HqHMuCoYrKgoLwRgZLHBB3GeQyiAH4IoJoD/up4Jw+E9ioZwccmJZgQ+e60O8vuy+68LfXxW6zrjjKyKAniXaDy7k7EeRqaZOGX3dJyl+U4lzhi8d1y/IiVCfRlJbBpp8ULUH91D1a9EsRKXM1X8wuJumX7GApMaXoz1jamaelxS10ciSi0DaeFx9IGa+mP3eI+umtXgfvxDkzCqOuvevrs+vbvkzxYxusIFR7vXPigjUDZiHbIv2ZQF8C32tr9NpLKvPwFKcrfFlf/xuz5PV60Qe1mOnAN9PjlZMiz32+aR8k8j38VVcTpifFAwC3C9eaByP90j0OM6ZQUoR3W2F0loPo28l3gzq7u8oXflZgFUIRic/sqSsxF0spoBmavSB1PWWMoY3ejrPRkLk9k0i+AU5eocHC5HZj66A1sXjW6WEDtXZmQSy1BUKJNlvwekeZEFNURq3/H0PyHd923IMpAz9AqfCEs/DnfK8Rx4x89V6a6RD62atcokrAmwPhYTBoxW7bcCSdk0Cl69TTSUWj/tZWkNwRl6D1Qd7qtTaQD1wlRlI0JLZ601uQ16QEUq3oMq4L8gBDRTabhlcln9u HTTP/1.1" 404 73 "-" "Mozilla/4.0 (compatible; MSIE 8.0; Win32)" "redlug.com"
95.158.202.246 - - [28/Apr/2015:22:45:25 -0700] "GET /b?S=YsswKoKXpTt1J74LbPYCZz5p19CywR0tsrlHeZrAr89yUgOr5rR5yZMM9xU29x4NvZ9cxryPoPYurJUkrlp+jboOO+WRC4UaZsDS+LcsLBeEOoNP0zDSFxfTywW2FLLU2AkA0FkJvveSeQ+NtrafbfImgAuxfI07oNNUVEr4US56k8TWtmQA2OsFMMNcaICoxG2e4Gf56+14Ax9DJbLVvUA8i6PFxXqLj2MgJe1YmYkazBJjjiNYyYSpUEybVi+eORi5tOlHN2V5Qg/i1T5Hk3V9I9G4DQrIZHYXQFxAhLJPyEYBckbzN//x8LOIBsO/2+yqmTMmliLSAHBE4cWRTDnxJy3HLy4Sqd13q30o+wwLW2CkbTjg4l2VNXyrvf50+SNBM3+QrCH2b8RDMNjwY86WksSFP8gmENIxxVxwc42I9sLekwae2abFKITSx4J0XZ2psisl17XCpIbJqKp6yFoh8WH0EtAKxQR00d05iOrUbo4RNLVQthDomtJ7Vb/bqjW2bVsya0C7idIo/214jgu1LUip/OWJpJKnAWzYpLkpeYnirWKB22fKkx2xI98ormWOzRTtSvbj/C3rtGds8cUc2vw/srnxEWLnQDz5gDJ1lWa9Jk6MuiWxc8j7h9Q1lTTCIKs+wz9GdcwIYoKSwBBcc0cz26FPiTlrMbwqUsdfmSJ5JTJl/7oQk3iTuTVDjuDFMomHsVIvfefG38ywZLQdi0Mn4AtFBrNpKgi8OuJaCUeM/yTkhYCnWMy0F2JJ3UJJZP5DvdzU2tZGgaoIPk73arjpCYgs3PAcOhtOunDhIlSMVDOr9J56JgaJN8OkzdmiDWR6+7O HTTP/1.1" 404 73 "-" "Mozilla/4.0 (compatible; MSIE 8.0; Win32)" "redlug.com"
95.158.202.246 - - [28/Apr/2015:22:45:27 -0700] "GET /d?V=ODLnx67wwj8YgwUx6pPXMnkB5GIvDGAwiq9eWcBH240ldJxqyX/S4NnovlydFhC6xTAcA/7XEnbeCEztr34dX2l6zkOLRM+9dxIDz5Dmviev2k+xsRyZ33YEqCCWXyolILTSMb5rncPIY9Bf2VbPyU28VJEqfvsSqm4mgm96p99s6LI9Yvi3yEOPSZQo+yNOSK+KSyWaRF62YxNGyqJ9Pn2HheGFED3Zipf90g6gQAOfnu0zTSRHneMm/rMMYZi+EhiBNfDxkUhc6Yw51Q95c2gSf++wqBzOJURpULdy6/5H7CHCA/EHGAqPH2T04sw8MRIZA5mGV0Ydrs7h8wp4qh59fvAbRR82dDMdLe5hMJ8lxD9vkGT9EQl6x/oHq+I6b1rtH7TfIptyPVXP7kEXH0wyCIoxWQITiCpqn8VbwUySZV6l8eWQTViZYQXdLPr+QHQvbvs2n6L1KTqUZJPOh1ILYxNPCWM+Wxj4QHIHgjZS0mHkhWhQCm1YM+oTkkEJ/1X8zGVrL/4IS/ZEp1DHE6rehPNSOpUPs6Z7SdntF4oqDbogb0uZ5w34MfEstIpTRvy9fmfYKK34/adD615y5OisuLX97ODVw2dCqTSehcpmhvVT1ubKk1+XqzKTFzEgY8WYJyTF4PaB138Du1HSgBdtErPLjwnWPZhDzISPzHE540wbplmNyqiH4zcKj4LFZ6ctfyUaTRvKqOL2SIA7XX03QvOngf6TvWh5+cPegJhup3BMzI4+uQYIgKrppJ+u6Wlb0LPS1g5Jyo3UCsqflSFDxpdWtODzCEYQ HTTP/1.1" 404 73 "-" "Mozilla/4.0 (compatible; MSIE 8.0; Win32)" "redlug.com"
95.158.202.246 - - [28/Apr/2015:22:45:29 -0700] "GET /h?a=Kkbt43YwB7ziyealcuEPZKwc+o5HmUi4JEwqXOu7LtCHMhUab8zDOyxS0XSKPf8QyDaUo+RoKFD9JLXQdUNbqmoVNWW/sChnLLxpoDOfEhz48ikNMrss04r4BHNtueHURc0GlQENNRdJRp0vb7wT7mgfQdKOQ15ssmeO88wAlSMTPANmIy69X6KihCNh498MtTEzQ5CzFJMvd3gmZjUDTeAMnWPxxPeRX+auAZkXJeu0zqilZl3T0HKBK8zqkg61Wo0K/piK1C5sw4f4PQsKyl8mNTcci9VJj5Qs9F346RU+KAj9qbyl27u3/W3y7YWEfx/IEGSjZ6+EOe0DNoaR0gy6NALDfWAOXjQufLCeqPjhZCpROJaT/DRBydYXDGbdGpm+7OT364BDvQlIyC9JRteDHL0/SzCVtLC00rU/GV+6oYaEhW9wyYdea1GCRSpwDxUz1GsZrHam3vRQDoSSYX8oilpcpTvgPyOLYvk7KSrSnm5GoRXI0DssRvqhz9/YQOTU4ePyFLg+xl1OuF7XDfbEC4AaXluJAwyTJLxMYmJw6ef8jGUa8osESVKNOqaVf6RsUBBTOYPE/sqo5+X/z0WsFCoymmgPQslXQxsGUuDzOKUXJROSMEhBQUnJjR9jMB0i824yr9n689WfOVrcIrtOs0A/Hb+09Ax7fx6BUatNWFfdUzHoOimpAHWqRl1lh+mMZysztZdDX5mlbvKNaFHDjmM1U7w2tD+BBQEQrIN5YlJcfcDa6T18362yjvGSY1RjYzBXOkvhOeRlgbdYgNzvgchcfh8kU HTTP/1.1" 404 73 "-" "Mozilla/4.0 (compatible; MSIE 8.0; Win32)" "redlug.com"
95.158.202.246 - - [28/Apr/2015:22:45:30 -0700] "GET /P?D=exrR/jqvBBqM69VOrWRFPYGjIyaW5Ey3R5Zm3wTBQOg1fRNHiBKlyzKJrDyAPjbyUS7EwKyqno9xOEIh9fABTtmYR0ZD192ilUpQ5GjLKhz5C4ecrfcesGZWtAUB+ogCPpe1mtFtW30fm0LZ33CCDHw HTTP/1.1" 404 73 "-" "Mozilla/4.0 (compatible; MSIE 8.0; Win32)" "redlug.com"
95.158.202.246 - - [28/Apr/2015:22:45:34 -0700] "GET /g?T=D7goCXOLRCYus9ovgpgSkN5yT5Q0yBnlYxrngpeMZ5shewNY0/qj2wCTaGMPw5tJjTPUb0ZrRlgKizVmF2hfWcE5S++H8c494CmZBU3P4LQkEf5N085EdA7JqaYGzAPefSmx3IvZuptatHw1bko9B8ce2lGOvcwLXofdNrSwHF6C2uhv0fFDqtZganhcXPam2CD0i7P6gJpb74MpkfU8rKhLHOtxbgT6EdAJTzICQf91e8ueEsqxSZ7d+WfcGQxcrI9iKDEEY+AylX2nGvGGuWvjc7bv6aPh9goL4AXYcmB2+Iwx3SAoaOy4bMwcEkjrD3fi1xN3D5Isbyi85VeugZHHDTCt//vT+r5NJbrX8B+DLiHsopYluuGPmmWugb2g9ss8yfi4hR0+TCq8sz/YKTIIInnx0s9trF5Ihgl7R/JfmBhMFrS9BU3Kl363881k6Dyaa4uLbe+wJWNp913r6lmlUK3erL4wAlY6oYdHZup1cs8jnGfJJQylivGsPOQzscqNdrPDWo8IZ8je/CKyxYnqCjF5IoA1MkKJki6RnYMEpyCLStE1fiNeYxxLWpvE9kUfZZVDs4v6XXWOO2FnijlBlBH1yUiiHSW/g+55qV8A4yj8y9eWpkyCfMC9QbgFbrQX1Vhd/d5fT7VBE+gOJDPDqdy6eRVLORv/UWkAaWACB81qHoMFiY2IuJy+uJywOIgaE+krmMvSP2YwIbeCMVBUiS7ziN0bN7+HC19/iNNJ0qRpi9aWhEwO7FvqLtM+7J3gScVsu8D6aWX7z4thesQSucclmSaFhsP9QG657UQvuwC6SK6IGlcsYe0Sev/qIRYT HTTP/1.1" 404 73 "-" "Mozilla/4.0 (compatible; MSIE 8.0; Win32)" "redlug.com"
95.158.202.246 - - [28/Apr/2015:22:45:35 -0700] "GET /g?U=RXLV39H59PrMag9DodKgWtOS1CtJyCeHx5yK7UExr0MhQZ+lACjYmZtudvbUN75ahhFqlEquAZyMUoqm+/rWJt1kjMdr7FfR7C61heMfNksLKlhY2DgIybZ77o5dkAFugwE8cDZmRZg2gwCAZdu+cFZ5OJZblZv/oB2o/KbfVeF8DT65l5q+zAk2VmLp7L3Qw4/Fm8IpElJtnokLsYhN1Fs6Wfz3GqBerfS3bKsBDnEKz2lT3IwVqLr8kpDnlGctY9gEAlT2RhfmX4kF5Qa0K783uLZh+/fDIUtOzPj7pgCU8GMbOn5wzQiTtY1zDGi6OqQm/0yarKpifkw/uCi9EXSwnNVx1eb+7Eis5CcN0HLHLj0gD7gBm5TibCdjXWV8cZZSqIrFURfJCf36zfzHnkPLI5KCdO183q63n/iJQzTepmSxzVwbLuvalWyRlVXhUufPJukgeS+6HcxQ8t5R93Yu78x7rlc8EgE+sx3f5UZkAIRo+/Yf9sFxoqhawIISs90osWQVuNYdGzNm2bLMuszIOzO53QfPRrWYuSQsKl5f4YG02gk63fRmoX0Y/FN/a0CpuG5R5FQ3XvDe94Ua/uJZQL0pmBOIuvNp9E/BB+qgtb0LhSVLS95NCHfiLNU25kjbCqx/JVlLcdZhN5DZUBPAFf5ACzSJQhP8+Rw7sbHxFhdtKsDxTQYh/ldQTiJq4zo6zCel5tCDCWpEyLne1X4rCi1nE4oRWtS4jYNCgomJzfgglnGVv9l5Jo63H1dzeIN4s6pjABY6jgXYIbBFQwineeZ6OVXZM0xyXCJF/HZ6IIfM75XAdBkdnGgaKVYYPIAml29xxY8JJQFgDkT HTTP/1.1" 404 73 "-" "Mozilla/4.0 (compatible; MSIE 8.0; Win32)" "redlug.com"
95.158.202.246 - - [28/Apr/2015:22:45:38 -0700] "GET /j?Y=gDhHE5UUYKVTFY59XUoFUGgzoaASDjqTTy2L05vDygYeN6uu7YNvsCDTkDHsZ8DAEWfxrOdmCmFhFSBFuuQA2Zl8HH+ozFonCH+bExH82QsJ+1Z58P6q8fid+KkuJBU5Zg8ynzP0choIvZA3eHXApS+xxar+SjDA7JP0OS0mTmvf/Lr+/VTf4TCtZ9TN70zi/FOk5yJcmY8k73vdQCOsq5UfE7zQALM1IF0lbEqRyxspuDLQrrLhrS1hh7joKIhovxSq15sYnrrXn9cu0wtKayKhub9A71MDJsBOldhkIzqdjDdDQi6aQI8IfvjfRm2CBTkw1qURT2ERkAlK52Btj/bgZUqmBHMVKmfSeLjl/vbA70NHvCBMVxUAa0jHFMISPX+N2LOt8J8PnRGV12cSZVCLD4kAaWe7C7BZrP4uhwOS3Ss2nQCbX3IPHPzmM/shEsCo/TKM1cx7CgJLMAAr8Ob88Q1HrRI/mQCUuc16Om6ahHhEK5yXc8GyrUOa2KA1tLK7CJtunbGgadqv5LkmS9yEXDGVPb4iZasSVirU1bC4k0bc+CdWfmvIQqELf0Of1q5PPVwSE1iweAHVko/YipoBvqZ+vUX8nKuQ0TGaxtopmCxZ+QL2L10OzzhVRZur2W9Yqp+3KjdOE1VjVhD12Jm4X45PgmH/IEJqbz9qlfxob3D1LTngJ1JpY/31YNeAanXHbbUB4q0gv6+PD99kfHcijOXFXCoYWmLvpBpBq3s1wQWDYxZEdAtCncUIEegvzg2XnoqoUuyLu74BFnslSmcYGCu6cKmjOPTibtl8aW HTTP/1.1" 404 73 "-" "Mozilla/4.0 (compatible; MSIE 8.0; Win32)" "redlug.com"
95.158.202.246 - - [28/Apr/2015:22:45:39 -0700] "GET /L?v=qSAPtY9B/VEmq63w9W//oFLmXgpgH1ASDhJ2nYyflDllt/yAUoG7/8/0QSLvZ+GYtCJX0nYetDMe5YYOQ8jCXQ8T5cA5XJewWpeF2LTWMUklU7DzAC8pTcK/L5SUpgVObbKP3LyM+rqsy8k5zNow/MVxHWJLdxHpwKfycUuKl9o6Z/plQfyQZntF4kb6yR5AvagtFtuEdKnxSrLR6j4RVZ8M5estCMjDh5ZwK6EPlxZB3NOAU+Vg0dd27mXYQdJDQBP4Sqv8QU5RXdGQeHU6VgqUqotChoiVPzleG/y5LB6lmGU6JFJoCJdGBb4pzcicBqnD/OBOP7jfhOrfiz2cdnYEZqohViE4+nBAcHB35iXOhGlXMBcJkz4pAULvXU8b2MrkNV949vc0mJm64C2UG4YjZsUOlvCgRF6oM5NM/Ih8Q34FrHgdz2gplA33L7A+93P3cU9doaBmir43mBM0L1wEKk52RIbZKyGWCnqA1RrkQbG8MFBnV+074uLDlJLg/nIYFGkMpGDw3t8QMrRtXIfjNSi20zfy3eYva6S7ORz0tOzorfXD3Ius2VeLP5sJ/2j/hHVbqGp7kJCBeJUVL8GQUZrh/tcLCRLAEphMsmev04OABHMC1qGlNw5wZBBp6SNAaOXwm1sUW0qB578mYX5uefNStRpa5mUjLEgzLoYKnAWoFa7qrVLNyuiGxvodulIXWsDDC2wRt6/V+uPf83xLBkR8dpPBmhVkaMcYP4Yrolf6m+OpbA0XacUnRVdQg7ejOpLDzZWk/vDO5XRz4cvhhPAZScVdB1bCcGDNfjRaxaD4o88Yldws HTTP/1.1" 404 73 "-" "Mozilla/4.0 (compatible; MSIE 8.0; Win32)" "redlug.com"
95.158.202.246 - - [28/Apr/2015:22:45:40 -0700] "GET /P?A=pW3Vb5/VZYPdUdsLn9hWjjoCFfINgsMLDuESbl6cq8oyskcxf626yvx4Oa6WkNA73gSmxCammkWEkz/IAryDY/zGE+YTKJADuEWSircE+G9TpfiELzOa2CwszWCs68aEljEqpP9YsnEHJC5cVvx9JHvR5E3tO3uE12DKdyBGYOZ5WDdPoWvU5hzIUOa8s6hdbqZyLVnu/t7dBeWpodTlygvwLvYqNSLCDKU5sRqQsfMsPUtC+tX3crxvnLueVLtlpb3/K73YHPXGeqvxCz1XT0GWzmrJKw6DXQkup0IqVzFsLo0EdUCQXsxv7YBAXmVCAzxTj/nvmTG3IkeaMYHqaeY4fEcOC2G+Uu/ie/at3dMxHCXw5G4VVYX8LL8IWfCI5K8SaMTtIb/2H4wprOMUO0Ecszt/SQPTqXwDJaVWDCgKCALy7gX80lC6LHBOqSipbuOQDSRLktyqNab3UqhF6jM9MtJirzuf6lBpIZ8S2i4XBIb5WbHVXlGvgpPcZSTe8iGp+9POuToNP20xLFW/5rlJNFdd3WgT9vPihuhvcHrL49+1M/YrFhnc8gF+gXI9WFRBQROxYGAu6p8PXL7MRtjVVpDpUEf2aPmItS3jCSKBu+q5Qf9Xt7EvIqUenzAkhb/Jnp1p4WJJDqceyRNfgijbFVj98y5RZbhzQ47SX/w63kmnh8ZFHPQqlWCs/SLXvnF8ODbu3Q6Q6q/Wei/ddIubqpPa8/Q3YU7I5DJIXPaemFuBNTC4kp9tnqmSwp4bO5p+7Hf1PmSaSGjdj0mOeTqaegcopBWPI7nXhlM28nkcyIztz1dohvOw HTTP/1.1" 404 73 "-" "Mozilla/4.0 (compatible; MSIE 8.0; Win32)" "redlug.com"
95.158.202.246 - - [28/Apr/2015:22:45:43 -0700] "GET /t?f=KM9lnOK1kQAovK6sgT9ZIbc8ohJlBLsgaP4TQw8S8hkx7J6Jya9+Wq8Pdby6z4ZxLmnJeP8U7ArDqv6pGtV1OxHu0R4IkmGwOPhmMiTms0X9zi1QH6ia6c+/iNmHsJz5/eO2EnW5gpWjS1y7M+fQUbV+vdDIhJjGSS2V50kQt/zw04LBhikoosON3DuxohGFe4xLYmyA5IlMHggz9UMxRdNEp40HbKppwMbosof2uX6emUPz+BwIZxPbvCdwDjdsCdb4TzqNVLwctsno3XX/hCWMeUdtOclwY/++lz6nGLIEcpy4MCoDqVh2J29SY/Bmj9xBHKlhxZNmyWYmyQih9G2CS7F0ZA2CcLjI94p33XbUJuBz4YkfdrSB61FMl/tz/qttUFVhTA9cvRGmNKzPdVPWJ1iWhncA8hVnKLGQWUp+05Ri0sS8citP7Dj6v7Ml2qqwp11cI0FMpZn/fiDEIO5rAsiYiLk6FtqnX6r/LT4CLfAfm04C5XnLYAiVEnzxb6+Is1UiLU6meOLBGXR5ha2gVlYLlKSShyYyY6+vS6X4VFa12TsPo0cjUl7wZ+IccJ261RQHNJBtSxBnOCB2II+GbjOZ8BZY92XS6DHcLjOiL9Q8pDVdREi1DIzhqLeF0XRCgXGnscZ/xAtHLGjhugp6mQ4czuptJ61DBo4U2BAlQixH2KcfRswm4MJiaPE2XunCA6SKzGZvGLtL6qUAuG7ikadf81uQqXrPx0TOoUF1eNc+5gZzJ83tjKSDX8L17aqraD9g1iLFeB/gE94WFUc7OqjCvFdl2gpEFX77/J+Ga HTTP/1.1" 404 73 "-" "Mozilla/4.0 (compatible; MSIE 8.0; Win32)" "redlug.com"
95.158.202.246 - - [28/Apr/2015:22:45:45 -0700] "GET /y?l=nQ2tF1kvTDHYbzgdfUD9Om9+Jwoltjpij1gPxfeLmtSSKB+rBbW1JyYbERD7urHPy9vkyWtHsN649iun8xSaEHkWkM+e5TDd4jqGd5TPKu/McDEVjLvLLZWES6P9WfH0M4OT62vCp2VYTrbb4J6HgZm70E8S+LijxT47bf+5A0M+noCK71ivlzdyuyxXsSTAYsUunfgufqHUeLhkuTGvQQ4ta2HFkQFBKWbRgOM+xEPU22iHOROi/DiOzbbBmFvb5DDMVg6/0g3HdnD5hTIaJ4xsI1mZ/yNYGDzHzzYJPA4MWDVHTsEo/djmpCGhNAHljBNfLp0+Ki/iobDcsvnah5TJt6lL8+K9EZyacUMIVOTLST9o5w2kmtIVUqu8XvuPetFJ/+tbkWuPvxk1HeIvUQzMvulXNoRY1RyZBQuh1Ze3BgzIXFr6gk5ZCePzSy+mz+MgFcsmY7r7bFIi+0BISHO8krcX+B3lkiO7FNU5FkjlDPFLclTt8rkWl3Bz0F58ALZjiD/tnn1d3vAWBjbGFbEhVgt/si0/Gch/7fVC+3csBexdu7e6iFJbBeHBVSdt85iCl/1uLd5+9mEidJVPL+l5wdlc5d7mL7JugQZ/Rk17Ipme2ugL2Bx4qIkywBlgAReKjf8BpMA5225LMJS0fdx4WEphXHJNXas0dMsqpPrsJowJ2b04Xo0sxh11daRmRZjn5lRGzKrp80LK+RZ8zvjtZwq1Z2TSV7ee/HyyQtfmI0yr6i9Yar697OWe0Wi5Qyi6JX/9O0i3ipGJPfGLEKi9wnPygSG/Rj9w/PEepM0df HTTP/1.1" 404 73 "-" "Mozilla/4.0 (compatible; MSIE 8.0; Win32)" "redlug.com"
95.158.202.246 - - [28/Apr/2015:22:45:46 -0700] "GET /k?e=sN2pvTrEZNzpgvH/tWeE9TJys7wAo/K1nTEqxgQ4MRJQhSwS6noOZ9POHsyL/TXItcA161yy93gbCPsoLkU25KXWqzi0gr4Qvde6POEfdbTc/1z778se49S9SDNL5SJWHv3bXvoSJ7hPNq2URUfonuWyccuduv4obnOxCjWxN6ctLmkAX6ZrkLUkTnR6/XKe7QqQIbxEHPAMHAdYTL5ieMUkaTkZI2SH9irghY3SluGXjobYNCWsnIo5Bdc/aA2i6Ge1JCtKTqPFiK/coTkb5X+y76b8ARiVWk7gFlNhypcg1Vp9MRIJfNobC5z9U9cNMZB984/i3vL2g3oknOQrB++DE7qt88uQHgDgvLFrPK/pt0EDufxIHLPEIT7CohTCPiT3JJ+T75s/UFxepO5y92IYH8XX+fBgCy06GsUo6zNO+3Ntknw3Za2IFHpt4FoR1wl36FoTnsn6wteeS62j7nrUY+YXu+6NOsQMAdtwBeF6IgopZqLv3WImgN4T5/bjO3uZbPou2fo7uVeazubPZbNNn+p88yfHly54Rt0YDH9CZukioX/Z0omHAV8+UPOlBYrAiLrHGGe3EtIJp25Xk/ko3Sujw090WAhu43xjKjimbNs5PZXWWy/pN3+gidC2M4Nnslz0Lnb8TRGrWmNiBpgy10z88ZSHuYSA63OJDjXmOemALvd2ooQXcaZc4bKNGHqmsLCMhO0GcYXbhmGEHqVq86El5agATqjmQMPG7v17Gyf3AsUzxUr+Q/PoNup6NMYyW3Mqbqjl9CMwOKLS3/v65T5FQ3jKHJp1XBC/LEYH9jRSzxMU3ctpqTxNcDTJYsbMiARoIm6+XjGis7d2X HTTP/1.1" 404 73 "-" "Mozilla/4.0 (compatible; MSIE 8.0; Win32)" "redlug.com"
95.158.202.246 - - [28/Apr/2015:22:45:49 -0700] "GET /K?z=0FhUgZMS2E4IDdYlHCAzJ9lvIVZbnnonMQY5/Gfsg03VBbnJoJHSv4UC8/TtYU9ykaY6K/eISHfNymAC9r+7HgcQgWPC+84YdWc/DZxX6igPgfm75kgHZ+e7MVL83cMm6Be594XWbVjON7Xo/iDOAhfDBfQjTI4kkCgkeGeg5wHMl46EDAtakHIB3uLaP60UGu08oMf4tUX6bSU0IcqVUbl33GmfG9nc3i2/1Lfv3k/Okp0j+sh062W+PO2oV5uGzZfGD/Z/d3NACd5dZ9BI71Xoo9AJ8fXSSm4VQ62z0pwTYQkPVnTT4bCS7PoOMVxNyeRA5U8L0cJYM25r+zkAYFWnu8ZVR6Fq1L03eMpaJALIIeZwHJDasTsyYFClfK3xaCR9DuZpSmNj9hXVL3xefz4L8/SfBwllTsXtUESyMsWt5WpPbVWGnQ96VSdukV4l+rG4lryiHpEHX75iLcM9YOKCPXTKP6mMDz/4KCXiqO5TbC9YtwjifFCiwRjHfFudZymCvUg3+B0DxZXSpirA72qB8+aUJ89Cfvfc0OkZQVues3Lsg6V+VM18T6qj/bOxrlZhdNUdPUihGNig0kqMohxSNe/MdTQsXghv46UMtLlnAk6S258S3BSgBx68unLGjAU9zY1v1uhlxyuqhL2tFmxNs/ZhfA/Mo1yC1LzcpxS2AvvJwQ29Znsnrxxu9TZpJ/2Qgr2MdfH/TO8ml/AFN9ZrniFURoGXNK1tcuZbjACHo/a4HwNOEaoOCRbGx+QCqdmdO3BdxIShVsLg7ToXEqqU3AOAF/r28cyr HTTP/1.1" 404 73 "-" "Mozilla/4.0 (compatible; MSIE 8.0; Win32)" "redlug.com"
95.158.202.246 - - [28/Apr/2015:22:45:49 -0700] "GET /O?E=tToy1Ca8DioSSJ8ZFAZABu9VC2NMIqfdoO/laMX/yY/gdLO9R7QhJ0jSxi5AGT2DeHL0yySGpNlvhBQiplyoMaTT2FInNNpYtmIFDN6AnXGjlnbAMhVTv+0byWVwV1f40qncwsPZTTIkmgL3hmUPdZ0boXN+U2DmpP3+BGEv0knIAiTALj2ZRmM6y6oJxxeWY+5gxc+4xsSU7406NzaLpSSzkRzhro/jBU+vsrRGxYbevc1tjiQCOxtDuiu+JKqrBA5lWLfd7hrT7FAmjWaZOyFPm23Go5qcSokMb5ZIi8HehJjIuHT94/wIsN+K5KRQxppEpmLczPpNuqoIoHerdOZZgZiVpDq+32SJ/n7pwhPgBQmP2PXAzgiKHSfyHdglOLggofYI5FncPlB6y056dd1wptEiWkCEfym07qKEG4AhfkISGkdnOCnisyPkJQLAdcVnB7itvdz9VNWR9zD5nVB3nJaXiLoRyO/YLqYF0sLWOTKawC/80DyCYn6Qu2f5shBWlKl9gPV2hKWe94vDjTFiv+zKQfEMKKTQGu7DxOm89Kr+2KVAyAKOdVqgytHLdHpXe2q0Vg+n036daXNCLvK4hw467JpFAriK9ftgiVZu/yPRs4mOKEhvTrHfi5sNEMjfSwAaPvhXue53OWTrK3s0f3Kmr1AvQaEyJN1g7SvYf/6gkIrkivtbU42MYhtw2J9/7U2NzeD41f0yNfkcQxEwQ8FA43B7JHz7bgtEEWQIYpYOfWZ01xcVqnLe4riT7L7c2fBEcr139bSAlYkCOB3hKHPHM7n6dFfwS/J/gvzfIEoSZkX4nMo6pvmbpLymBHV4r/v HTTP/1.1" 404 73 "-" "Mozilla/4.0 (compatible; MSIE 8.0; Win32)" "redlug.com"
95.158.202.246 - - [28/Apr/2015:22:45:51 -0700] "GET /L?C=JFpH4uHRZgMzM9RTNnikmjf9flYKRobtofox3h1r7fSnCKgoInFfXU+oEOzSwxL22GHPPmtymy0bP1fGJkvHu8QkyxPUTqk44ZboHzxwknB8hdE305OZLA4A679KCshcaIsRfwi88/yGQePSvr1iDZg45g7WpxxJ1kNtxz0ZRe7L9xB799lLH82W3Tv7JBPCSCPj7W8wKuaya400HVpSKPMSoKk7BQcDAfrCY16qH/2kfVprkjkxrBmkMTzNnXSduykrLwNj4qd6k9kUNL96MOBN7pUB8JBFsL4WzExqT0ged9LXjk3uZ+O8w0VWHpuyEbXQkYuPXfb33Nqm76D7XIn+ICR4lKqgJGKfP8LBdBJOm0CEJ6svA6lG9CmdcxKohFqtCoXdZy+wdlp6VgXstb9IKhWvxkY6VOBB+YrJUrVtrdZWiXW6cryTKlNzCg58spOBbkXewfzVGJ9FzXmkr8KCFNUE2BbusmuPflo5BsdsQXvvu9WUP0vkhP7wbbvnIWm7kpLCNwWORcotqXppnL5PkCzwsPR6iUAUEmPU+bZ9E37YYhfnfsMT5OiyesNVlfdxC4CmNTHlzSvuKsYj16UyVXF/SKcwiV7G3Lxo357nYgvGYv/W3SgzvO8lATAv3yhq8EWPsU7DkmJkTdxC/65objDsRxzsanmZIWn8dqVvLJWp7cSoGx31apr/6SzHLe+mKdevWkXP48XAjRcJNQM8sfOJQhak3ADTS2gXoywOvkanfn4uADSOkYJR7avDGlznrIlPBM1U4Ti4ysGcAg8U9xQs39C0h0Of8mS7208+L8VCxtBX+V1p7KpD0qFOoMUhxy1G2IqoZBdbc/ks HTTP/1.1" 404 73 "-" "Mozilla/4.0 (compatible; MSIE 8.0; Win32)" "redlug.com"
95.158.202.246 - - [28/Apr/2015:22:45:53 -0700] "GET /R?P=pAgygHd9PcV25GR0ttBpaXfF9i2EG/MI4M/Ko3vvwc+PRXGQOgGYRmA92YGY6NiSTm3aSIFB99Hp/vyaiVwguyGBDv7EF5yzQd+Nfw8A6xKKHXpZAnlxsh7qCt8eaZxOLS+TwRDZjLQvSqIuW1eYhQT7pSVXzTLCcQSxzoFYJJJqjxD6apKd0meZKke8fDVd5pYt+6HOOxym5ONU2gJmLKsd1EvZTw1TZMizGi3If+UIic3/R8fVaXYVrqPSp4xgSLZHtSbpysq4Sryk4VShfPSMZIP4QQMKm9TTg8TaY3apb0Z4mSsB0aHbNmc32Y5ADrucQUci6CVd83961RmLmI9VH8Me6NST7/b/uASjbBnHynjAV7fuJDaxI4sr4jPRkhPDwBGD5fFVA3BsojV5f7bzWg/jx/4+W940xjyJpnhTbmWJZYdKVNKAaJbsRdK3gurDYPs+EfXVY70imvHabRCmUpeIJ1ENtV5Y300VNTRnJvJVewRufVTbK93WsnOB8dISmMYkZYICSDYjYVI8D4ITBvwqqNfpGbO+ENa8SZ/GDu83KxxO7umvvzhFynM8Zx2+Z0mn4UXxgolgxfdGg+/ZiAWI35UsqjljkusfjqcevkCsfddCkyJFBCOAhO3n46acF3F6Rx1YwoEV0Ibngr9znpIH02DHyaJekcaf8S0CfTELzCUO+wARgYtM8YlrMLvUGFoXUBjptYHSihMLGl4mzhBDYyXpoiMneIJV777vV43O4VNZGLIZ4aN6w1UwJcwbZvP6L0+SAd9Xqk9GwUd2tutYsqIsiNCm82CXFIycjNhurABHfh06bKSOOVLJdS7GaS87teXQINm9E HTTP/1.1" 404 73 "-" "Mozilla/4.0 (compatible; MSIE 8.0; Win32)" "redlug.com"
95.158.202.246 - - [28/Apr/2015:22:45:55 -0700] "GET /t?m=e8vGzt2oGAkg/9Ds1x/yOtGV69F6uukuh0bXiio9i39JW3CpmQZlg1xsns1jnc2ysZJSp8oN6MV1sT/R3IRyZJ+0p3Hu9m+lsAdYyU5KmUCZdsonKfjHIUgHh2a11N+qZ2faI64npiXnWBCrRVzrKNxgM2QC80VNkxzXM8wEu17twE2nmrMYhCOilFvkqHQee7gA8mVtTobybuBiNlj+kncExc2tczX9LByXzirrG+qeZWC8bxS1TFVIjAAuSXToAsVh3RElYan1o8SOAhY+LfwLLL2ZHCZ3HT2vqrJboqVm9xzSNUDEh4CFqWK5fn6tFSUj+wg+S5KwPq23y1DSUzqXAVfkVg7OLqC9dsP+HSEHegX2sQN+6eDG8KrwAZwkXFe1iBlH15vL4bvWKhXTHmgmnetzlrf+WYtZZ3Mycbmf7Lei9D8rPdq+uDLHLJURjKYzT0h3p7DhOaGPY9kcneyZUSCwMFFz3ZQkiKgngYYD9dB245sw1ETXPpn8ARcG1YIY2G06n2ugS3yJEO2HvWygfGUcFY+j0FkHiVqMrfSRGPrEQH2FPLW10UIo2ipwWP9KDHMhAW1gDGdPQmf1xr5MXQtujj+oc/zNM1umyOsodwT0CaxEo6/4TWBpL9FO732d6DZ7oiDolPgT09Qs09WDV6LA5wxS9ZZ8tGCsqFcv3+HMmln4vrpGIKwvDJJWYaTAzQhl6qFJ7mDnY1/h/FqnZDHs3ceA8xj7gAHba7egQkEKOekQeJkdlIm2PL8fzWp/fpbSFpIp1ijBaz++3BsLFxbQRteUnBajuKPbqfmqLsDtD/7ERuZKeQKuGrOTuNnMMU3xoY74wLJ5X2mha HTTP/1.1" 404 73 "-" "Mozilla/4.0 (compatible; MSIE 8.0; Win32)" "redlug.com"
95.158.202.246 - - [28/Apr/2015:22:45:57 -0700] "GET /O?I=j2JoE34J3LcjjpQ+94j+QSNSSc9zBgdB+O2MY+aroAhkJP0jCr0fspZgohtw6565nsonV0cS3lymAkldb6wIryury0LvP6mdlNlihfvSrmyQ/V6Hge2WzMz7Ppi6dkHDs2V2uVn0C8bAVKH9RDeQ/NpqbYg5U7RpJfTx6UohR4qDsw/aTUwdOJvsGFTZdx6mfAdsoBN/YoxcvgM0xTTeENt7gWBj/FEM62Jh+Lf4ZmerLft9h5wCjJMhLXwTepXx1sj4DRN7ndbk5OfsRciWL6nUkh8sf+O9W5PvfF/tkWKJDpZ81b8BnFDPWm77RvIRK3rwkvyk4PYSIOa/Y8W5tWEfU0izXOYSQ5U/Xg8qpe+BBSBLRQNol/MGR4KQDwtGCCZyATtRoI/On5GUXZmBo7Tvi0Kf0I1Mz/INlIC7sEEC6eMsI5EskUpj6r6ysGLQctDc82G3+yswJelFv HTTP/1.1" 404 73 "-" "Mozilla/4.0 (compatible; MSIE 8.0; Win32)" "redlug.com"
100.43.81.131 - - [28/Apr/2015:22:48:06 -0700] "GET /paper2004JD/0409NewLeft.htm HTTP/1.1" 200 2545 "-" "Mozilla/5.0 (compatible; YandexBot/3.0; +http://yandex.com/bots)" "redlug.com"
62.210.205.155 - - [28/Apr/2015:22:50:45 -0700] "GET / HTTP/1.1" 200 1272 "http://redlug.com" "Mozilla/5.0 (Windows NT 6.2; WOW64; rv:35.0) Gecko/20100101 Firefox/35.0" "redlug.com"
188.165.15.148 - - [28/Apr/2015:22:51:04 -0700] "GET /sitemap/0405Elect HTTP/1.1" 404 88 "-" "Mozilla/5.0 (compatible; AhrefsBot/5.0; +http://ahrefs.com/robot/)" "redlug.com"
31.184.238.152 - - [28/Apr/2015:22:51:14 -0700] "GET /logs/access.log HTTP/1.1" 200 84982 "http://gravatar.com/orderflutamideonline247" "Mozilla/5.0 (Windows NT 6.1; WOW64; rv:26.0) Gecko/20100101 Firefox/26.0" "redlug.com"
176.31.208.202 - - [28/Apr/2015:22:51:54 -0700] "GET /logs/access.log HTTP/1.1" 200 22108 "http://redlug.com/" "Mozilla/5.0 (Windows NT 6.2; WOW64; rv:35.0) Gecko/20100101 Firefox/35.0" "redlug.com"
46.147.162.58 - - [28/Apr/2015:22:53:07 -0700] "GET / HTTP/1.1" 200 9589 "http://n4139.apishops.ru" "Mozilla/4.0 (compatible; MSIE 6.0; Windows NT 5.1; SV1; .NET CLR 1.1.4322; XMPP Tiscali Communicator v.10.0.2; .NET CLR 2.0.50727)" "redlug.com"
46.147.162.58 - - [28/Apr/2015:22:53:07 -0700] "GET / HTTP/1.1" 200 9589 "http://n4139.apishops.ru" "Mozilla/4.0 (compatible; MSIE 6.0; Windows XP)" "redlug.com"
46.147.162.58 - - [28/Apr/2015:22:53:08 -0700] "GET / HTTP/1.1" 200 9589 "http://n4139.apishops.ru" "Mozilla/4.0 (compatible; MSIE 6.0; Windows XP)" "redlug.com"
46.147.162.58 - - [28/Apr/2015:22:53:09 -0700] "GET / HTTP/1.1" 200 9589 "http://n4139.apishops.ru" "Mozilla/4.0 (compatible; MSIE 6.0; Windows NT 5.2; SV1; .NET CLR 1.1.4322; .NET CLR 2.0.50727)" "redlug.com"
46.147.162.58 - - [28/Apr/2015:22:53:09 -0700] "GET / HTTP/1.1" 200 9589 "http://n4139.apishops.ru" "Mozilla/0.6 Beta (Windows)" "redlug.com"
31.184.238.152 - - [28/Apr/2015:22:53:36 -0700] "GET /logs/access.log HTTP/1.1" 200 86327 "http://buymetformincheap.forumcircle.com" "Mozilla/5.0 (Windows NT 6.1; rv:27.0) Gecko/20100101 Firefox/27.0" "redlug.com"
195.182.157.214 - - [28/Apr/2015:22:56:57 -0700] "GET /u?d=/MJdCOXOcQpO3H2El4DrDBLWb0If0NuA5yz4LRUByEamOS0AnPZxaqKF2bQW6YC257IYVTv+Era4EMnaRoY1mxid6nX6erFnE+lyQi+q49njqnEMlgtBjmfYc3scDbVJRUtyyMdTOFBsgQ/HYZIiWlyPRAIZxADKWXjfYvEmgOWaQeQ3VXVb4xjDn+rRtP2JsZA3DDDq4pFOOdWebIUS43LGT6mdQC4nwAPkwWHNqp6FbaBz5jIFgLR4kDuWLUq9q6ALbsCFvI0s1W69QLFmcQ4JXgLf5i4iBw2q0gWT38Mu8luL5h7eqTJjeYENB378PsbJXQ039nNLum5ocVZmeYOqCr0Bx7q7vDYqddsZrUpV7YuTrbIFUW2Bhi585eVM4KwGdOkLmsFsJgz9At6eDivM1HIWV5O7xJvmZXV8daXyoUqC+87SadPn/Md6x5vRCnAQZeCWuuHDkRN/u53vhJYLaBvkpqUqaG8BXJuQK0wOy26gRi1wEx7hQH72Q/neIyxnpjaWSYbCZpHCfiAyzHAiXoYqGMcONZ+WjJiyhhHvuw3nQnyTHRRqdBXwGpCBx3NRgu504RNdSrtaPRlS5sXYiIDnZASLjrgpQzRdg04XXI/3djWy6q5Kv1NcKOqlLTyU7yZt7zbM7uWZR7l0DFvcMs0rXUPu5TmSdzRsvwkkip08tD4qUuZfPlu8v9BlxmUr5jmaWgdTFqUGV3ZyH4uyj7B4r97ZsYfhWcYebd877+CEKj75wxRf6ooc0n7xfchFIqcZCiTFhEiFBYtGExJ3juVz8qJGd0AYSoaWm0qAJrARiBGJcbb HTTP/1.1" 404 73 "-" "Mozilla/4.0 (compatible; MSIE 8.0; Win32)" "redlug.com"
195.182.157.214 - - [28/Apr/2015:22:57:00 -0700] "GET /H?r=sa+LIfvrlPr8C8UiEbq7DfWLWLFyQaQfSydfwAyQl5QMbTyOamoUN60rFQhVNCnrxo4Du+jrw32Rx5be5uwlPaGp9CfbRdxPEhtdfoNFOb9VM+Lol7mr90B3C9k1XRWknGwAwiNJSjUNPTgnWeaGOJvFqevmEqyWYR3Txyxl7+9UeI9/ZdtTYzC4kKV4cBCoxPMzkYdw7/F7q+z+gGmzML0vgkNDTLzuF6mvZylxXqy6f7EIJMpzqTaQhsWQ3eV8HBa3NKRJ+Q4g4MizqlVOfIVbdp6jVTANN7swQ9IdBz6lrAUYHSKptvKDxyWPojHj56ZaIBQmLqaUDFWb9ozC3LmAPT0Oy0Bbt66bVrGyv6m38XqvW1PgcV95r9NKEwwQX8B+8u8JQWadDKzK2cvO8ObFGDdDpI/gEK8MykPp/0HKF6lH/V8Efox9cE5eB818kD578MGmysjHgwuYVPzSI4+1amVe7BWjB0RS7Ee7eM8wwWCJ+HsoSDXDNrA4LgsYJbx6XiD1SFxnegljbWbfPDQyLP6PpaHCpdagd1Rtdxv23WdVbzlVzuoSfwX02trkbKuUHz77Gdzk++cPEUIKkXQzHSBUE3QzpUFp8QcC0DlKTK725bITG6jmLB7dtkSSKdOjbyHmocoMSSLxp9f6EXvAhZiKI5mtS/VZ8JvBJi7iYGbCgAXF6+SeYrovPH9HShElflvL9Tt44moSOrU/0Q0UmBaJ4lbL/qTAMX3Cocbb/JvTch6dkfgyu80ubiRKvxNre6meOV5sy+wOTXJMP2iJ8+sudXdr9pJt8/G3qoSo HTTP/1.1" 404 73 "-" "Mozilla/4.0 (compatible; MSIE 8.0; Win32)" "redlug.com"
195.182.157.214 - - [28/Apr/2015:22:57:03 -0700] "GET /x?T=QMVA9+uGoD7U4auvFpEWOiUSDHSyBJTLUSSH7Gbfy8lo00woy6rEL0mhaoyN783d79giOos4BC444BySoz2sI7q3WC4B78RjM8rKLnqKZ5854/qfVIXyZeGipG2046f15+UzSuA+j1ny0fGAXB+3O+61vIEP2ya+TTw7W9DD0uF/K04nsyWw6pGg5JQSkKv5uhh1Mwc6skKJ5cn2Ew/XIWqLfSsQclw1IHvD//FEfuJWp1em8CLiN93Kq35vaErsx+1mFtI5OGhA8S8PXpxo5ZU2CaO9hB4L5hiYkh2pb51s9k1gNVAL4guduXuxIXA9Sy1tJvKX781PPoNMZ/wICWru030fmc5xlq5wns1BifVOmpjILAEPm4SAr+3W6vWAhU13G/JMPgVgu1X2mSlEOcXvmrMohMy0lQ1HX5TR/VO7Pk3L+KU2pFuQCRw582qGOpE25KZs6DDWe1PHdtXd7opOVGeXN02YMFnIZKPIlaXr6dkhzAXTdnBKJW9Zd+J7HFGYZo51PjUfYEHLx9zNMlZ5TbEI2Fvr8denmfQzrjQ4cLVeIzdv+EAms9SOfeOamE7BDQhj2hHRCsBtFvB6+qEfewxqTbYELtSKe5BfEUzHpqMoEtRpERQBQHLcQXauoJpOppyyrsNBFKKwcoagd+2kpCE6R6SSM5SubqUkqzrSH354gjeKu/qBrdpZbuN9o+0HJvCNuaEfEuXOVDREnf0R4K8EClCFO/5hlDCAo++9Ixdss+Rwi1KpeSIzYouG54Cowpe86IdBp2vYVfdYQCZGECjCmDXdHF9+zWB1iXk0skOqGOf6CQO+1 HTTP/1.1" 404 73 "-" "Mozilla/4.0 (compatible; MSIE 8.0; Win32)" "redlug.com"
195.182.157.214 - - [28/Apr/2015:22:57:05 -0700] "GET /B?p=SniSKu/vjZ9nIbQ8IufVEuToDeXdDODiUeFRPLtlAc/vXNFfSsuzPta+skyraGJH3p0RP9yvd1RPOxiJLk+2hQzG7YmRWCQIh3TyJUpIg9Tq3QmSJ7crvf1Slj3y1wCD9itJL933+1laIiqJ/kCz2ijY2Zx6Fdz6rLyIwe5/gTn9nbphYG4JzUgCD6zIRb2cPeB5plhHNN8bN17h9uNthvXE/ZohlNoYF94fvekrXJ2hqqvlnRinQJwCBWCxHPWwPINVD+ZjxhJWBYoFIcE6KqL8iHTsCJE+GCyT0/ZL0rF9Eg4am2zDADu3Dd71vZQ+q46jFS4/d2sPl/ztk0KB9EYWodqtcr6qe2NCuxEhxL0j4Tc4H4XHgBm1QbAOm5jaOMBYNW/V4P5h7sx4ve9IrJeUxQePWrOZCnrvEu1FWSxtzKv3N3i4keZLKPwOh+bn6tK5htbtdz51sTHt/9Udlwbq+bzfFLHVpWvAl0a11QklHYDlNR1PoTV4BXDSSBW2Xr+3WmBYoV0oY3/sJGVPDnvpJbvZQP/0OHIo01K/UWSPXiHisA5Qv62YsveR3PggSSbUAZKk2+UTUNDOMvwuiFruSDV9qPJderSJtH1jvSGs4maUV2foI3Id9DLyTsk0z05UAhfoNYS7sh/ZuT20KIKWUP6gzoj+VHL716eEYt6gbK93OVrSohBefDg5NZjfKBWPKq9UPm0NZOCjsC9m2qzLEARC3BYlBBktTkKWEvKXOewMd71ruixZVbiDxPb/CqewiHPbHIMGNJdSkKltakfPwynD0ikZMHAp1VRuSSL+Cm2a13VJX8aiRi5qX/A2I7SI+KPaN7kFLFIWjoi HTTP/1.1" 404 73 "-" "Mozilla/4.0 (compatible; MSIE 8.0; Win32)" "redlug.com"
195.182.157.214 - - [28/Apr/2015:22:57:07 -0700] "GET /J?z=oGDeBnYm1R666obijsuIGcEq0LoN1INsDiQXy2yNp/MLhUouSpjy3StfRhD8YxeejXSIyW95yRAaPkka1OyXlEgGv77d9+pgteaVuIaDqgLeiRfOH7YKdfXW1p7+IS0M6oi/nTlizJIl2XP976AgtyTCSpB3Ri+UVsIoR0ezvdcZGIikNzheXeEQeqYhDSzSc/dXVWK4ViQfrqyY0RG+2XmMp01BCQ7XVYBdy9+rlMRTgIrw1WI3HtbRNQ6KXfGeKHNJK8KihEl7mS80DGbtYCeUTZYuehkHr32Wb8d248Ar+vX7aRTIatLbf5/tRNHjGpw+q7XIyFWAz48uZl95ZhzB2hWWuTq+h2c8GOOb3T/6G6QXbYt5xaSg9mMqUeGDAVABR3x7qX6cMdVh/wCI1L+2x9dXil0Bf31SqGwNP2A0MKsZbqYsnjVOBK7Ha4KcVDV8/2g7iqAO+r+X0/vI8K2SZWymxiNA/dU6HP841Fc0MKQzzskW+5zJ0SnwgNh3lrdQ+ATI1m6Wxtcyv069/8cMEtiq6ltPhiN1epkdAy4UEXeTLwj8+dvMCCn7Jtc8LvxSH8NrN2CKgRS1Zjud59BlEbZhof35hZIhX32/xmRaCsYiqucEGJuBOKK3M6lhCJwR+5c8KkhDx/PbtBK9kHozH6u9S0THSOvozr9OUUoxAtzbM7Yq0s7uNkFmCV0Wso81qAnAOva+PZ5CD9bD5ax3S5v5JKzqKf9D6tbktzJkCovZWWXDEylxhI6VGavv9fyQZlxTH+nB85KVniNnCuS7d72xsejcCfoCM2GXODEGJ4H7iBcmq HTTP/1.1" 404 73 "-" "Mozilla/4.0 (compatible; MSIE 8.0; Win32)" "redlug.com"
195.182.157.214 - - [28/Apr/2015:22:57:09 -0700] "GET /v?U=xWz8GfME8Qm1w9FzGdViJjeEy5G0RHcDraDK9IvMBQG4pYLuDuRUaWxOcvmf25bpNPjMHgWxnyyh8m+CUfsNqYuRyvoQWI++dH3MS84u78rM8z60dvQ0tuhZGOwb1+kdJrIdjg2dpMeAvEhXNgwzcEz/PnV4jfYoYEqb9gcu/EWqGS/OhwZuSJw49KT8yE/agsGQBfRYNhWqMnV8DydqbrNDdKcuKdE+eHxT743c7fZ18ROj5zXBjLauJ4mvh7tlkZ+QYqEOPxAUTIstVCrxRS5bFSQ0wjn8l2kw3rCNhJV/SlqN9ZnYAYEzJEy9Z2jmKYZGw7N4dtumG83MnSkWEnMGHrnIKWqlrf3yTL0yBCdw3w5GYKy8TPa7UlJtNxXPlrlhLpYxfApKujC5b+WkRT0tnd6FP6YDhWFADKamLNxALJGFVotzcPJWNkM748DGe7+K0YdxOy/L3XupmxdcquU397pvkpHv/gmvOfWn037R3OwoHK5iKPK45Nl2K6yqCaF3VCk1CCuV562gmXCChrczlOBYNxDHswtJkzEU8dYjxUvhHG/1I39iSOM+yGCTPgpBMyj9SgeTuJQ/Q5gK+7NRmw8AZpO7/5jMe+bqIgiUc0vVrrQs1O3sn0ZPZAc/4MthoAWQnZ56EQj3UMPzBarPeVoEGa22LUYwHCgoNzmMP0bzEJcf8+X/x9d/LbmbKfJZBRBwps2avDOihIBTMk4xBOY6zR/zDXWHEnix2NGaV+Bjwnp3qPsuBsYFAyz2eZ1jufqHnr/9orVhjI3ePaq46ZfNfLTw4gnaO1IEEnYOOCwq2oCDgPnPFseZHyOWyXjPuybQteK/ HTTP/1.1" 404 73 "-" "Mozilla/4.0 (compatible; MSIE 8.0; Win32)" "redlug.com"
195.182.157.214 - - [28/Apr/2015:22:57:11 -0700] "GET /y?q=18K9lFMyRxSqn7o7egLCabQgEoC7j6WqOVdLDSy+kr7sI8v3NL45TRGumwB2387fnSDLlNdvG6At3vy+vH+dYSVIK4nGd8y1yAl2ae6kv+aTcDJKK8FtuCm0v8s8g4fn1bhGa0cBq1hc3TQQ8fWbaEqMSYd1bmMYxzI5JxFJIWaAekZEUBASDa9Kdh795VySYDgdOUjwFD+mRfwr8uX0TqwIf0oxLGNHUChf/H5+KNkmnXJMAlFeQzk1CxhOn//5hXgrRCbLIswMx6E1eqGk2xy5yRb3isxkDvJ2wHfqHaThCs67xkKuHxgZjFkpKY9Og2DIHtTql8u+SiIS6/FmDJNcTtPi3oJqnzr9a/BvF0mw7T67ZIQU1N4jsdMDHh1MHXLy2HT2dtVfXEuCWfozHfRtHhdDAxGWhv/Tvm9ydI3NZdKO/h9tG5C4xpEMyU+3773lT8GX4VL7/j5bbLfm10cPCSTzbQtD0VsRBUDw7Ul49yF2FDejAGu1R83aed1qm2ukzVRcOlsW3gM3YEOrEUInUK2g+dBSXlvn+d9fuebY3pjZjX0K9NHohEQBkCaKZsktCbIDMdj+daLXQdYottyq0Fgwsizyd5ktUAkTGRfpuB9hSOPq0+2v7GtpOLZ7m+BLhM71m6pqGYiqM3snHmNE04Uj1biKXfRIOap8nP4h+30kxsTKKylm+2/3MjcyeRa/YvBmtbQnm5FQITF5+JmtoTlV3TwUey9spqQ0VfZkAMMj0soHJKnTWPwRQ+YThbIDfbK2/0FimwkoymrQ5A/rd/nEVWrju81R2NOjCxdSvUtjDHO9vtWnaf HTTP/1.1" 404 73 "-" "Mozilla/4.0 (compatible; MSIE 8.0; Win32)" "redlug.com"
195.182.157.214 - - [28/Apr/2015:22:57:12 -0700] "GET /x?q=YKLbabxDMzaNtiXD9GKowsOfEENJAwZzIMGuTWDGYICZO9MyxUVNLd7BGeaeMnvwMHvf4fTLMW20v3nHf3ay6L83iVGg0VM5Q3RGyz21hkzedcpVXXoK2jBylFH4SeIMggm5Qr5xPF1THTfjI+nmODMs27hvvQJWY6RpqMRPnqDvpsV5+pKdcF9RI4Xr3Xa1vdeplTMGUOCaRm/crFR9+3WSL4K83vcItWOvPiC7duWJx+e7nHpjnd8tp5saYPLKwcOBLUZaQUOlujbc47/SjuQk6Q+T3iKWl1shSXuGIin6L1V8U/ttDVETHGm5T6JHHLaJGpu7FovKbAxZKj+ekAdCG02g/q3Q3mLQXWuuexKAHtYBpbHfM7Oga6VoR4xKBvv1Uypj2/rptyO5+vpy9M4sHx3FSmeMnZxeaviQRrAI+tcoPWPZb3fmVh2y96xDYO2mqIDgzPLF5+qd2sDOpzfdiVTftjBpxLNfgSVZmdKuG+tmVAlUYb7n+r1+wgo7TveLwixxWVGEv0eUeBFkr2FtQvwvHjpLUrqZWtVfIH0jMS/bLt5V+VsBa/92FbmJE99VJe2l0g7GsrF0mQpm5tR2YtIp9lgnze/FfDLWU0uimy3foQw06ogLaY4Foe/QsHM1zXHedDHheqLw5XFnrtuqG9EfFZ2LnGB0r7iUBGfLj8cBBVNqBUvR+CQAa6J6XLjqq7s82JJTVw4oc8tuRuupJYq7ce4O+Em1BwH60HCXkbqOXO7ncKN3PMWrONt0DyM/oI/zbJcOwZ87VOLwAuIu1Chj/ZreI6p4qkaGTlUe HTTP/1.1" 404 73 "-" "Mozilla/4.0 (compatible; MSIE 8.0; Win32)" "redlug.com"
195.182.157.214 - - [28/Apr/2015:22:57:14 -0700] "GET /h?h=Tg2nk4g5aWmDaCR9nrtqxlIDu8Es7eb6EPY9IfnYD19VNeLBmQA74rtLkpOkSzFlfMLZj2xfJh5BV2wwfo0pfMRhyu18h3TZvrqXlESwVzy3n/U6WBEXx319XtJvCyOi7YPH8Us0I6+UnFoeF+BWQGyiP0IyGL88xBax2dnXTF63lszVB1M3BPZk+Q7Ajwl+tdqKn5Ap1KUbyj1bc+5Kz+CrpvRqb8gVQr5biCFomFrYhFpKDq8QtGq6OxPPbJBVT8d4E8P/KhOL2mLr93lA17FSnoPd7LMWPpnd4NZ/HF9aTmb2j2F9WDXyXTD7BOlUSzxLtX05/xBqMfnELBl/9DYcs2LcXD+On8YxSGLArqsnX7V44QIEq9TP7ZeebbicDzYeQGhb4LajlA00ohRKJhEAqcaNnHpNR0PmI5ZrlowdocN7vf39DNnL4KYn2ImuU6m/6uUkWL2NFY152ieFkjMpuvux/uHWqjO8kJlcq/vmoJ/9V6e82HuohO7kvlHN6YOztmJFnEzCCCu5xvlRGOxW9iwhk1x/QlR6YIJ/KXr776wmRcHWBx5gPlPaLBM76yo1NrDjB6fZS17JmQp3LUD4YuiFlvz8x583SbSFOprUmF3auZqCp5V4j5zhEQ1gOMc+79dbyhDOVLwQpZurX224dcWBwpRbakEbY5lqRmKwoenfn38KuDnwGRTZR2RBE2twmCbtj8876NAo2fNsKffzVosCXMUYGSX4lq/0R46p4zTmfNChQOqDPE+ssVoerVMIir49/WDdRNmJ2glm2Uxq7RJLu1lso81g4t8fK5Nqm2OhFzs9xzlCHw8grCDbMU HTTP/1.1" 404 73 "-" "Mozilla/4.0 (compatible; MSIE 8.0; Win32)" "redlug.com"
195.182.157.214 - - [28/Apr/2015:22:57:17 -0700] "GET /V?W=+TMMPg3D39U4rSU1o8TyL5IxwFBEyiNRgIc3wUhAaLDLh74hOtUZ17foNpL/+ZWb3f0b5Bvmr+ZfEG5SgM77CiJKkcq3gy1L0ZmOOGWn1E3QA4t4yB8Qf9mAi7ov6+yMfYam5+d9nS9dAx3uRSaTrVeoZMz1fGTVU7EZVhTmAC6ugjLID1CFcEsoKYI7XMuckcjE9SjPH+SM20Hv0oGorzwebeefRpdgzLDrJsp+sLR+/o2WLDDVI1nez49dRI0JLBCGeygRYsHrna+PludhaKfOtlStjCMpEyPwpGjSRZTDvF6ayaMb7pmFBzmEzUJYd2/ZLjJ6oNSsVOUyg/7K3U6Fp5RFnu2J7bIZwsbKGQXdp/1paK12w+jlnbF4CGn4swSmuVjm37kFdJdGUUsmOLY2Pj+yrOEJ18wP7N0Z+PHZT04UxW2DHP+hV8mINzaeWkcjjEMDXLIjVZrETumH1b5FQhOXrsH1v2WhhyPb6t4lF7+pfCuWJbcG9ppSJJrSnYm41+8ydEzVcNuluDlKhk1+7RhRNl99QyZ53sdAcZxAmDftdOl6W7sYM7pRGp3ns27fI HTTP/1.1" 404 73 "-" "Mozilla/4.0 (compatible; MSIE 8.0; Win32)" "redlug.com"
195.182.157.214 - - [28/Apr/2015:22:57:58 -0700] "GET /y?f=9V2NHy+PQRt+EyJkpTRcv0byVXlyyU0aEhwONYkXUkWl4aZ2l8elQQOFzWUvI7IQTqhL/Czx87fMxIWgPgLq+trcybIg4bgeanxubODmcvZzbV2jSFwqrKsuI9xvkBF6fAE5L8X2EnfwxhNwskdtsigeRmCJ/24YxHim5UqCHqRAtkY2v7gqjtG/56UlkYi80yncMfnV/qPatYdjMEVxrQm74CTEZjaZtdUoHglJMc5WybHTGzJmBX9oBOoLkl2f+t3thN2uAHxbxuJfTcVpduJyIHNUVtZBkDVy+h2IyHsi7PH4CKaSfSwT6vGE2UejAFKOrNYeSNmWCRPyYzSXKB/Y1gjzW/0hQK2f0Lnhi5AuRjJpJbUnqVzKFG78elzuQCSX+uTLeQZg7M4rLWJsS03MAu01h4sDlDqXARaJdkBcwJMfwi9FjYJYGqsVl3SJP8FDhSkFrniCLY48Xs59Rwy8iNW0f27Wi5kj5O6vQLJqk+SioibGEM1rpacJz0ttoX2k1BcKwnQeXSAuJTGMLVcF9GU/bFOlCaTBVZxuBSBsbhl92y8nA1GpXgT67R7hwa8yz7QbquSCOiIhMO3NTXfPGVV+JSsKmQdc9DxPuBP//x9OkOCAg1o7gf111hoZuJUD37GJC0WfJQD94pNYGp2Xd7X7VXbSpB0NhCktzD1t7o63F714tTkrW5mhQL0VtQZ1FPakSeJuT7n9J+t3AgKSKvlfQikVns5gSKMDU9l4x4G8v98ij0F7Z3lfpNzigUy9idfZSveB8pYlJ+voJbpC5Fnxjzt7jWpS8i6mJMxzVWhKfZJk45Epv3FsDUprhehws7u7gf HTTP/1.1" 404 73 "-" "Mozilla/4.0 (compatible; MSIE 8.0; Win32)" "redlug.com"
195.182.157.214 - - [28/Apr/2015:22:57:59 -0700] "GET /d?R=MaS2XQMw7cEBI7ybJ2wpEbccmm/fy6eeFzyn3wl/vQzFk9cuftKYmeg2i2MmXAOwGoEsxXwxgZT3kkvJnGnJoQwhBgNezhnUmcJn0IpHQTIhEQLPthHRwuro/j26lU1wD5YCtwXrEbyI9gEvOX6jXJWpqlFzf6cm0tJ28C9SzpAHp5ZQhMEfTgeCFJY+SuKXNwA5B3ecrg3Or3klLYasoshpeYhql9mivCo3cceMPMGM+ho7EwzgRv1VuRDsvqxCyLofFImPBkR9OGTS/d6If73SXzvcAsfeEb37aXHIHDrKGEQzPnCZgAom2HyPi7V66SfxLGWSW/cgoPHgwbuydtVXc1/mDpwI69KRoYYUcs8icQDiFp6Gc37Y3cBVnzHseV1TR6UIN9WJOAkZPhx9qbjPeZQzgooviHXgzBdNkuBsp6+csCQ/w2AqeYEL/PVPWO/6e8WWlmc4uwPFttYR9kBhgKwpfjkbd8oVobyx6j6419JhT2On3Dj9et/7JM9eb5gyuCjXTvA4qQvOXIUfVvB/GCnyks+5F1YX3uaEa1Jx4Ok9c7dvmEH3q5AMSSaNArZhscsVM/i1ElvYBV+8ycIOM5Z1XZc9/PBv/bqU6/rHwlRu30l0FA1BMoJnxDKlPnSyJZT/hyY9HBvref7MBsuu3lkniVDDPiDqaJEKT0MZRGXkNIrQ9bnzb7/Em7I+aCtZcpcSqisE52GQbkxdSg//O8AnIt6ByWzqg9+oCDxFvsABj/eoFPULu5HG0103cVj1krIJXYRi6Zzl85fxKkbr6HghJ2p46gtud720scRIQ HTTP/1.1" 404 73 "-" "Mozilla/4.0 (compatible; MSIE 8.0; Win32)" "redlug.com"
195.182.157.214 - - [28/Apr/2015:22:58:01 -0700] "GET /j?Y=a/ACT76xqgR+OGSyT8JDL+p082tcXS4bmyjHdtCWytq/PofnmV2ipUyyth3dr3eHLKPE15jP/Jl+lGGjW28xNA9jDAAtC8JMsb41NCzYNiOqisyfI9mmdz0daQ3WRdF4JQ6o2nftVY1eQAorx2kqRt6Pqj1Me0c9br6ophDmRJMOh0IdyopkEboxGRVqfD8GjkmNE9gYkkz6ofI/zZPfapFWaO38XiHw1HldkP9UOdICBQ+DYNrKz2iS1vUZmYpGNRB3GteubKWELSmj7zJE0asPr/yhqKu/NlXJEKonE3RpdzfBXOze87whxCPxJ9ooJVu3zICnFGMrZ9AYPeXyZVyMFXWxQrkeb1p5iGBGfF9mHlOVbKn4ejgUAWiY0at5ddAUJw/iwbqqYYkp47F+CLNBhnOVCyc9e7tFfGcMiunHEOI/aXn/hNkQwjBAmpNIpvEPsB1Ajg85R22P9ZDn5mEcET72k3ZB9eyQQZsRkGYjQUWdfO7vc1v76iPQsCKY7cYY8/GDIM35djmjrTRg8wOk2VSBi0DxUg38ULdHhCy7MR40XThusjDVC6MHamGwedoLpbTlTwFdpqJ5P91e0xWHU/gRh4S3/ehESPWTn5/T+Xnu19S8TRGzSiMHm2ffE0HjwSTd3UXBXNUGBdaE8sYVuzLyUiu6NcIo24lSyZ87yk+nqwey9MeB/VZcW+lZxDlnWJbsDFcYx5TwVQPlyI4Ld77JGxCQPHPvZiKqf2kYxSnThkdBjVOBGevhhFWZl2DcUMrNI4TRVyipzsIY2JtqPPyig+1z4YJNDb8v1QT3mKxu2vsmyQbjNbkuW HTTP/1.1" 404 73 "-" "Mozilla/4.0 (compatible; MSIE 8.0; Win32)" "redlug.com"
195.182.157.214 - - [28/Apr/2015:22:58:03 -0700] "GET /T?J=xW0IWB8MAj5VgKBEy6TmJXb64p3u+DGcBUt2RKyWYdffJUyEN0eu647h0J9rPzCftnsvV77PfTDzRU9H52a8MhBwPnu51RWcKgQrDCQMgAz4itFkG3VAVuWIf0ZdcDgXQ3MSZmKD0UFGyLw9ovOd9CH98pQu+FcJ+MboDcI+9g1OZW/mfODCVytbf4oJWQsNOTd+6e9DT1KKcZkdZLb7h2UchqjIZB3QfbjRyXlncb5bev8O2St4a33TyLkS5tt40gj9+Ftzbi0De5sV1hdZYfCDXlFqUQxDYPzSk2WQODvCFBU7fL9o9utYSeGzeyX8G/I4zwla96X9JfLzE0M0/DxVVrMeCbG3Ap1fi6A5OS71wn7xSSGAYO0P/InBu364OKFur3rBZqP/iVZ6auA74V2D1srCGbpDBTPwTXHAFjtaOfVSWrHmeZsm+Dzy5YOe5I/OqvV8RGDsQq7uo5GrEjU/Hath5PBTK13m09+vrrvsovQKv/zN8dXyie2gmm5K02ZLWuMn3I7/s8Ox1K1IummiPDKtNUWOzB1AFMg7KA8k4bUytGzRkNkdXlOEeW8PFPS4MHsubuF5a61PIG/K8948o9YFjAmDyNlXaNwr+RAOdA3Pre0FhFBWOCgCDZXXPIYX/wNmxh8zr7kFSF/VPMULMNc5wlVOLP+CvuwoxgCOk7K/6l4Xl4sZwFN5g0S1M8cjUssYJahokHoDmauAcaVWPZgbG47xI++zfFMTrNk1cSTDYP7jjSmuS9WBkUwe2N/gTZ/BVIZ3lP7Sodi8BOqihNjXNiHN79EULi/tcnu6j706qODDHo1KXMOrm4WH7nYAG HTTP/1.1" 404 73 "-" "Mozilla/4.0 (compatible; MSIE 8.0; Win32)" "redlug.com"
